08-26 20:36:40.749  1926  1926 I PackageManager: /system/priv-app/ConfigUpdater changed; collecting certs
08-26 20:36:40.753  1926  1926 I PackageManager: /system/priv-app/NexusLauncherPrebuilt changed; collecting certs
08-26 20:36:40.757  1926  1926 I PackageManager: /system/priv-app/GoogleFeedback changed; collecting certs
08-26 20:36:40.758  1926  1926 I PackageManager: /system/priv-app/Telecom changed; collecting certs
08-26 20:36:40.760  1926  1926 E PackageManager: Adding duplicate shared id: 1000 name=com.android.server.telecom
08-26 20:36:40.764  1926  1963 W PackageParser: Ignoring duplicate uses-permissions/uses-permissions-sdk-m: android.permission.READ_PRIVILEGED_PHONE_STATE in package: com.google.android.partnersetup at: Binary XML file line #54
08-26 20:36:40.766  1926  1926 I PackageManager: /system/priv-app/GooglePartnerSetup changed; collecting certs
08-26 20:36:40.770  1926  1962 W PackageParser: No actions in intent filter at /system/priv-app/GoogleRestorePrebuilt/GoogleRestorePrebuilt.apk Binary XML file line #94
08-26 20:36:40.771  1926  1926 I PackageManager: /system/priv-app/GoogleRestorePrebuilt changed; collecting certs
08-26 20:36:40.774  1926  1926 I PackageManager: /system/priv-app/SettingsIntelligence changed; collecting certs
08-26 20:36:40.777  1926  1926 I PackageManager: /system/priv-app/GoogleOneTimeInitializer changed; collecting certs
08-26 20:36:40.778  1926  1926 I PackageManager: /system/priv-app/TeleService changed; collecting certs
08-26 20:36:40.779  1926  1926 E PackageManager: Adding duplicate shared id: 1001 name=com.android.phone
08-26 20:36:40.780  1926  1926 I PackageManager: /system/priv-app/FusedLocation changed; collecting certs
08-26 20:36:40.781  1926  1926 E PackageManager: Adding duplicate shared id: 1000 name=com.android.location.fused
08-26 20:36:40.781  1926  1926 I PackageManager: /system/priv-app/TelephonyProvider changed; collecting certs
08-26 20:36:40.783  1926  1926 E PackageManager: Adding duplicate shared id: 1001 name=com.android.providers.telephony
08-26 20:36:40.783  1926  1926 I PackageManager: New shared user android.uid.shared: id=10012
08-26 20:36:40.783  1926  1926 I PackageManager: /system/priv-app/BlockedNumberProvider changed; collecting certs
08-26 20:36:40.785  1926  1926 E PackageManager: Adding duplicate user id: 10012 name=com.android.providers.blockednumber
08-26 20:36:40.785  1926  1926 I PackageManager: /system/priv-app/GooglePackageInstaller changed; collecting certs
08-26 20:36:40.787  1926  1926 I PackageManager: New shared user com.google.uid.shared: id=10014
08-26 20:36:40.787  1926  1926 I PackageManager: /system/priv-app/GoogleBackupTransport changed; collecting certs
08-26 20:36:40.788  1926  1926 E PackageManager: Adding duplicate user id: 10014 name=com.google.android.backuptransport
08-26 20:36:40.789  1926  1926 I PackageManager: New shared user android.media: id=10015
08-26 20:36:40.789  1926  1926 I PackageManager: /system/priv-app/DownloadProvider changed; collecting certs
08-26 20:36:40.791  1926  1926 E PackageManager: Adding duplicate user id: 10015 name=com.android.providers.downloads
08-26 20:36:40.795  1926  1926 I PackageManager: /system/priv-app/InputDevices changed; collecting certs
08-26 20:36:40.797  1926  1926 E PackageManager: Adding duplicate shared id: 1000 name=com.android.inputdevices
08-26 20:36:40.798  1926  1926 I PackageManager: New shared user com.android.emergency.uid: id=10016
08-26 20:36:40.798  1926  1926 I PackageManager: /system/priv-app/EmergencyInfo changed; collecting certs
08-26 20:36:40.800  1926  1926 E PackageManager: Adding duplicate user id: 10016 name=com.android.emergency
08-26 20:36:40.801  1926  1926 I PackageManager: /system/priv-app/StorageManager changed; collecting certs
08-26 20:36:40.803  1780  1850 I ServiceManager: Waiting for service package_native...
08-26 20:36:40.804  1926  1926 I PackageManager: /system/priv-app/CtsShimPrivPrebuilt changed; collecting certs
08-26 20:36:40.810  1926  1926 I PackageManager: /system/priv-app/UserDictionaryProvider changed; collecting certs
08-26 20:36:40.812  1926  1926 E PackageManager: Adding duplicate user id: 10012 name=com.android.providers.userdictionary
08-26 20:36:40.812  1926  1926 I PackageManager: /system/priv-app/DownloadProviderUi changed; collecting certs
08-26 20:36:40.814  1926  1926 E PackageManager: Adding duplicate user id: 10015 name=com.android.providers.downloads.ui
08-26 20:36:40.815  1926  1926 I PackageManager: /system/priv-app/SettingsProvider changed; collecting certs
08-26 20:36:40.817  1926  1926 E PackageManager: Adding duplicate shared id: 1000 name=com.android.providers.settings
08-26 20:36:40.817  1926  1926 I PackageManager: /system/priv-app/ContactsProvider changed; collecting certs
08-26 20:36:40.821  1926  1926 E PackageManager: Adding duplicate user id: 10012 name=com.android.providers.contacts
08-26 20:36:40.821  1926  1926 I PackageManager: /system/priv-app/MmsService changed; collecting certs
08-26 20:36:40.860  1926  1926 E PackageManager: Adding duplicate shared id: 1001 name=com.android.mms.service
08-26 20:36:40.861  1926  1926 I PackageManager: /system/priv-app/ProxyHandler changed; collecting certs
08-26 20:36:40.863  1926  1926 I PackageManager: /system/priv-app/BackupRestoreConfirmation changed; collecting certs
08-26 20:36:40.863  1926  1963 W PackageParser: Ignoring duplicate uses-permissions/uses-permissions-sdk-m: android.permission.CONFIGURE_WIFI_DISPLAY in package: com.android.systemui at: Binary XML file line #156
08-26 20:36:40.864  1926  1926 I PackageManager: /system/priv-app/GoogleExtServices changed; collecting certs
08-26 20:36:40.866  1926  1926 I PackageManager: /system/priv-app/GoogleSdkSetup changed; collecting certs
08-26 20:36:40.868  1926  1926 I PackageManager: /system/priv-app/DocumentsUI changed; collecting certs
08-26 20:36:40.871  1926  1926 I PackageManager: /system/priv-app/ExternalStorageProvider changed; collecting certs
08-26 20:36:40.873  1926  1926 I PackageManager: New shared user android.uid.systemui: id=10025
08-26 20:36:40.873  1926  1926 I PackageManager: /system/priv-app/SystemUIGoogle changed; collecting certs
08-26 20:36:40.875  1926  1926 E PackageManager: Adding duplicate user id: 10025 name=com.android.systemui
08-26 20:36:40.876  1926  1926 I PackageManager: /system/priv-app/ManagedProvisioning changed; collecting certs
08-26 20:36:40.879  1926  1926 I PackageManager: /system/priv-app/CallLogBackup changed; collecting certs
08-26 20:36:40.880  1926  1926 E PackageManager: Adding duplicate user id: 10012 name=com.android.calllogbackup
08-26 20:36:40.882  1926  1926 I PackageManager: /system/priv-app/MediaProvider changed; collecting certs
08-26 20:36:40.884  1926  1926 E PackageManager: Adding duplicate user id: 10015 name=com.android.providers.media
08-26 20:36:40.898  1926  1963 W PackageParser: Unknown element under <manifest>: meta-data at /system/priv-app/GoogleDialer/GoogleDialer.apk Binary XML file line #106
08-26 20:36:40.899  1926  1926 I PackageManager: /system/priv-app/Settings changed; collecting certs
08-26 20:36:40.901  1926  1926 E PackageManager: Adding duplicate shared id: 1000 name=com.android.settings
08-26 20:36:40.906  1926  1926 I PackageManager: /system/priv-app/MtpDocumentsProvider changed; collecting certs
08-26 20:36:40.908  1926  1926 E PackageManager: Adding duplicate user id: 10015 name=com.android.mtp
08-26 20:36:40.909  1926  1926 I PackageManager: /system/priv-app/GoogleDialer changed; collecting certs
08-26 20:36:40.913  1926  1926 I PackageManager: /system/priv-app/SetupWizard changed; collecting certs
08-26 20:36:40.919  1926  1926 I PackageManager: /system/priv-app/GoogleServicesFramework changed; collecting certs
08-26 20:36:40.923  1926  1926 E PackageManager: Adding duplicate user id: 10014 name=com.google.android.gsf
08-26 20:36:40.924  1926  1964 W PackageParser: Ignoring duplicate uses-permissions/uses-permissions-sdk-m: com.google.android.providers.gsf.permission.READ_GSERVICES in package: com.google.android.ims at: Binary XML file line #32
08-26 20:36:40.924  1926  1926 I PackageManager: /system/priv-app/VpnDialogs changed; collecting certs
08-26 20:36:40.926  1926  1926 I PackageManager: /system/priv-app/DefaultContainerService changed; collecting certs
08-26 20:36:40.931  1926  1926 I PackageManager: /system/priv-app/SharedStorageBackup changed; collecting certs
08-26 20:36:40.935  1926  1926 I PackageManager: /system/priv-app/StatementService changed; collecting certs
08-26 20:36:40.936  1926  1926 I PackageManager: /system/priv-app/CarrierServices changed; collecting certs
08-26 20:36:40.938  1926  1926 I PackageManager: /system/priv-app/MusicFX changed; collecting certs
08-26 20:36:40.939  1926  1926 I PackageManager: /system/priv-app/WallpaperPickerGooglePrebuilt changed; collecting certs
08-26 20:36:40.951  1926  1926 I PackageManager: /system/priv-app/Phonesky changed; collecting certs
08-26 20:36:40.957  1926  1926 I PackageManager: /system/priv-app/CellBroadcastReceiver changed; collecting certs
08-26 20:36:40.958  1926  1926 I PackageManager: New shared user android.uid.calendar: id=10038
08-26 20:36:40.958  1926  1926 I PackageManager: /system/priv-app/CalendarProvider changed; collecting certs
08-26 20:36:40.959  1926  1926 E PackageManager: Adding duplicate user id: 10038 name=com.android.providers.calendar
08-26 20:36:40.960  1926  1962 W PackageParser: Ignoring duplicate uses-permissions/uses-permissions-sdk-m: android.permission.INSTALL_GRANT_RUNTIME_PERMISSIONS in package: com.android.shell at: Binary XML file line #111
08-26 20:36:40.962  1926  1926 I PackageManager: /system/priv-app/CarrierConfig changed; collecting certs
08-26 20:36:40.962  1926  1964 W PackageParser: No actions in intent filter at /system/priv-app/Contacts/Contacts.apk Binary XML file line #443
08-26 20:36:40.963  1926  1926 I PackageManager: /system/priv-app/Contacts changed; collecting certs
08-26 20:36:40.965  1926  1926 I PackageManager: /system/priv-app/Shell changed; collecting certs
08-26 20:36:40.966  1926  1926 E PackageManager: Adding duplicate shared id: 2000 name=com.android.shell
08-26 20:36:41.004  1926  1926 I PackageManager: /system/priv-app/PrebuiltGmsCore changed; collecting certs
08-26 20:36:41.012  1926  1926 E PackageManager: Adding duplicate user id: 10014 name=com.google.android.gms
08-26 20:36:41.047  1926  1965 W PackageParser: No actions in intent filter at /system/priv-app/Velvet/Velvet.apk Binary XML file line #3049
08-26 20:36:41.049  1926  1926 I PackageManager: /system/priv-app/Velvet changed; collecting certs
08-26 20:36:41.062  1926  1926 I PackageManager: /system/app/WallpaperBackup changed; collecting certs
08-26 20:36:41.064  1926  1926 E PackageManager: Adding duplicate shared id: 1000 name=com.android.wallpaperbackup
08-26 20:36:41.064  1926  1926 I PackageManager: /system/app/HTMLViewer changed; collecting certs
08-26 20:36:41.066  1926  1926 I PackageManager: /system/app/Browser2 changed; collecting certs
08-26 20:36:41.068  1926  1926 I PackageManager: /system/app/BuiltInPrintService changed; collecting certs
08-26 20:36:41.070  1926  1926 I PackageManager: /system/app/EasterEgg changed; collecting certs
08-26 20:36:41.072  1926  1926 I PackageManager: /system/app/BluetoothMidiService changed; collecting certs
08-26 20:36:41.074  1926  1926 I PackageManager: /system/app/GoogleExtShared changed; collecting certs
08-26 20:36:41.075  1926  1969 W PackageParser: Ignoring duplicate uses-permissions/uses-permissions-sdk-m: android.permission.CHANGE_WIFI_STATE in package: com.android.nfc at: Binary XML file line #47
08-26 20:36:41.075  1926  1969 W PackageParser: Ignoring duplicate uses-permissions/uses-permissions-sdk-m: android.permission.ACCESS_WIFI_STATE in package: com.android.nfc at: Binary XML file line #48
08-26 20:36:41.077  1926  1926 I PackageManager: /system/app/NfcNci changed; collecting certs
08-26 20:36:41.079  1926  1926 E PackageManager: Adding duplicate shared id: 1027 name=com.android.nfc
08-26 20:36:41.079  1926  1926 I PackageManager: /system/app/NexusWallpapersStubPrebuilt changed; collecting certs
08-26 20:36:41.083  1926  1926 I PackageManager: /system/app/Traceur changed; collecting certs
08-26 20:36:41.084  1926  1926 I PackageManager: /system/app/WebViewStub changed; collecting certs
08-26 20:36:41.086  1926  1926 I PackageManager: /system/app/SecureElement changed; collecting certs
08-26 20:36:41.088  1926  1926 E PackageManager: Adding duplicate shared id: 1068 name=com.android.se
08-26 20:36:41.090  1926  1926 I PackageManager: /system/app/GoogleTTS changed; collecting certs
08-26 20:36:41.108  1926  1926 I PackageManager: /system/app/GooglePinyinIME changed; collecting certs
08-26 20:36:41.111  1926  1926 I PackageManager: /system/app/PartnerBookmarksProvider changed; collecting certs
08-26 20:36:41.114  1926  1926 I PackageManager: /system/app/PrebuiltDeskClockGoogle changed; collecting certs
08-26 20:36:41.117  1926  1926 I PackageManager: /system/app/CertInstaller changed; collecting certs
08-26 20:36:41.118  1926  1966 W PackageParser: No actions in intent filter at /system/app/Photos/Photos.apk Binary XML file line #1725
08-26 20:36:41.119  1926  1926 I PackageManager: /system/app/KeyChain changed; collecting certs
08-26 20:36:41.121  1926  1926 E PackageManager: Adding duplicate shared id: 1000 name=com.android.keychain
08-26 20:36:41.123  1926  1926 I PackageManager: /system/app/Photos changed; collecting certs
08-26 20:36:41.124  1926  1968 W PackageParser: No actions in intent filter at /system/app/PrebuiltGmail/PrebuiltGmail.apk Binary XML file line #701
08-26 20:36:41.124  1926  1968 W PackageParser: No actions in intent filter at /system/app/PrebuiltGmail/PrebuiltGmail.apk Binary XML file line #766
08-26 20:36:41.126  1926  1969 W PackageParser: Ignoring duplicate uses-permissions/uses-permissions-sdk-m: android.permission.GET_ACCOUNTS in package: com.google.android.apps.tachyon at: Binary XML file line #58
08-26 20:36:41.130  1926  1926 I PackageManager: /system/app/LiveWallpapersPicker changed; collecting certs
08-26 20:36:41.131  1926  1926 I PackageManager: /system/app/PrebuiltGmail changed; collecting certs
08-26 20:36:41.134  1926  1926 I PackageManager: /system/app/Duo changed; collecting certs
08-26 20:36:41.177  1926  1969 W PackageParser: Ignoring duplicate uses-permissions/uses-permissions-sdk-m: android.permission.READ_CONTACTS in package: com.android.bluetooth at: Binary XML file line #61
08-26 20:36:41.180  1926  1969 W PackageParser: No actions in intent filter at /system/app/Bluetooth/Bluetooth.apk Binary XML file line #227
08-26 20:36:41.261  1926  1926 I PackageManager: /system/app/Camera2 changed; collecting certs
08-26 20:36:41.264  1926  1926 I PackageManager: /system/app/WAPPushManager changed; collecting certs
08-26 20:36:41.266  1926  1926 I PackageManager: /system/app/CtsShimPrebuilt changed; collecting certs
08-26 20:36:41.269  1926  1926 I PackageManager: /system/app/BookmarkProvider changed; collecting certs
08-26 20:36:41.271  1926  1926 I PackageManager: /system/app/CompanionDeviceManager changed; collecting certs
08-26 20:36:41.274  1926  1926 I PackageManager: /system/app/Music2 changed; collecting certs
08-26 20:36:41.278  1926  1926 I PackageManager: New shared user com.google.android.apps.maps: id=10066
08-26 20:36:41.278  1926  1926 I PackageManager: /system/app/Maps changed; collecting certs
08-26 20:36:41.282  1926  1926 E PackageManager: Adding duplicate user id: 10066 name=com.google.android.apps.maps
08-26 20:36:41.283  1926  1926 I PackageManager: /system/app/YouTube changed; collecting certs
08-26 20:36:41.301  1926  1926 I PackageManager: /system/app/BasicDreams changed; collecting certs
08-26 20:36:41.303  1926  1926 I PackageManager: /system/app/Bluetooth changed; collecting certs
08-26 20:36:41.307  1926  1926 E PackageManager: Adding duplicate shared id: 1002 name=com.android.bluetooth
08-26 20:36:41.307  1926  1926 I PackageManager: /system/app/SimAppDialog changed; collecting certs
08-26 20:36:41.309  1926  1926 I PackageManager: /system/app/GoogleHindiIME changed; collecting certs
08-26 20:36:41.311  1926  1926 I PackageManager: /system/app/GooglePrintRecommendationService changed; collecting certs
08-26 20:36:41.311  1926  1968 W PackageParser: No actions in intent filter at /system/app/CarrierDefaultApp/CarrierDefaultApp.apk Binary XML file line #52
08-26 20:36:41.314  1926  1926 I PackageManager: /system/app/LatinIMEGooglePrebuilt changed; collecting certs
08-26 20:36:41.319  1926  1926 I PackageManager: /system/app/CaptivePortalLogin changed; collecting certs
08-26 20:36:41.320  1926  1926 I PackageManager: /system/app/GoogleContactsSyncAdapter changed; collecting certs
08-26 20:36:41.322  1926  1926 I PackageManager: /system/app/WallpapersBReel changed; collecting certs
08-26 20:36:41.324  1926  1926 I PackageManager: /system/app/Drive changed; collecting certs
08-26 20:36:41.327  1926  1926 I PackageManager: /system/app/PrintSpooler changed; collecting certs
08-26 20:36:41.329  1926  1926 I PackageManager: /system/app/Videos changed; collecting certs
08-26 20:36:41.330  1926  1926 I PackageManager: /system/app/ExactCalculator changed; collecting certs
08-26 20:36:41.332  1926  1926 I PackageManager: New shared user com.google.android.calendar.uid.shared: id=10080
08-26 20:36:41.332  1926  1926 I PackageManager: /system/app/CalendarGooglePrebuilt changed; collecting certs
08-26 20:36:41.333  1926  1926 E PackageManager: Adding duplicate user id: 10080 name=com.google.android.calendar
08-26 20:36:41.334  1926  1926 I PackageManager: /system/app/PacProcessor changed; collecting certs
08-26 20:36:41.335  1926  1926 I PackageManager: /system/app/CarrierDefaultApp changed; collecting certs
08-26 20:36:41.336  1926  1926 I PackageManager: /system/app/WallpapersUsTwo changed; collecting certs
08-26 20:36:41.337  1926  1969 W PackageParser: No actions in intent filter at /system/app/PrebuiltBugle/PrebuiltBugle.apk Binary XML file line #1024
08-26 20:36:41.338  1926  1926 I PackageManager: /system/app/Chrome changed; collecting certs
08-26 20:36:41.341  1926  1926 I PackageManager: /system/app/PrebuiltBugle changed; collecting certs
08-26 20:36:41.343  1926  1926 D PackageManager: No files in app dir /vendor/priv-app
08-26 20:36:41.343  1926  1926 D PackageManager: No files in app dir /vendor/app
08-26 20:36:41.344  1926  1926 D PackageManager: No files in app dir /odm/priv-app
08-26 20:36:41.344  1926  1926 D PackageManager: No files in app dir /odm/app
08-26 20:36:41.344  1926  1926 D PackageManager: No files in app dir /oem/app
08-26 20:36:41.344  1926  1926 D PackageManager: No files in app dir /system/product/priv-app
08-26 20:36:41.344  1926  1926 D PackageManager: No files in app dir /system/product/app
08-26 20:36:41.344  1926  1926 I PackageManager: Finished scanning system apps. Time: 704 ms, packageCount: 109 , timePerPackage: 6 , cached: 0
08-26 20:36:41.344  1926  1926 D PackageManager: No files in app dir /data/app
08-26 20:36:41.344  1926  1926 D PackageManager: No files in app dir /data/app-private
08-26 20:36:41.344  1926  1926 I PackageManager: Finished scanning non-system apps. Time: 0 ms, packageCount: 0 , timePerPackage: 0 , cached: 0
08-26 20:36:41.346  1926  1926 I PackageManager: Time to scan packages: 0.706 seconds
08-26 20:36:41.352  1926  1926 W PackageSettings: No potential matches found for Intent { act=android.intent.action.EDIT typ=image/bmp } while setting preferred com.google.android.apps.plus/.editor.PlusEditorActivity
08-26 20:36:41.352  1926  1926 W PackageSettings: No potential matches found for Intent { act=android.intent.action.EDIT typ=image/jpeg } while setting preferred com.google.android.apps.plus/.editor.PlusEditorActivity
08-26 20:36:41.352  1926  1926 W PackageSettings: No potential matches found for Intent { act=android.intent.action.EDIT typ=image/gif } while setting preferred com.google.android.apps.plus/.editor.PlusEditorActivity
08-26 20:36:41.352  1926  1926 W PackageSettings: No potential matches found for Intent { act=android.intent.action.EDIT typ=image/png } while setting preferred com.google.android.apps.plus/.editor.PlusEditorActivity
08-26 20:36:41.352  1926  1926 W PackageSettings: No potential matches found for Intent { act=android.intent.action.EDIT typ=image/webp } while setting preferred com.google.android.apps.plus/.editor.PlusEditorActivity
08-26 20:36:41.352  1926  1926 W PackageSettings: No potential matches found for Intent { act=android.intent.action.EDIT typ=image/x-ms-bmp } while setting preferred com.google.android.apps.plus/.editor.PlusEditorActivity
08-26 20:36:41.352  1926  1926 W PackageSettings: No potential matches found for Intent { act=android.intent.action.EDIT typ=image/vnd.wap.wbmp } while setting preferred com.google.android.apps.plus/.editor.PlusEditorActivity
08-26 20:36:41.352  1926  1926 W PackageSettings: No potential matches found for Intent { act=com.android.camera.action.CROP typ=image/bmp } while setting preferred com.google.android.apps.plus/.editor.PlusCropActivity
08-26 20:36:41.352  1926  1926 W PackageSettings: No potential matches found for Intent { act=com.android.camera.action.CROP typ=image/jpeg } while setting preferred com.google.android.apps.plus/.editor.PlusCropActivity
08-26 20:36:41.352  1926  1926 W PackageSettings: No potential matches found for Intent { act=com.android.camera.action.CROP typ=image/gif } while setting preferred com.google.android.apps.plus/.editor.PlusCropActivity
08-26 20:36:41.352  1926  1926 W PackageSettings: No potential matches found for Intent { act=com.android.camera.action.CROP typ=image/png } while setting preferred com.google.android.apps.plus/.editor.PlusCropActivity
08-26 20:36:41.352  1926  1926 W PackageSettings: No potential matches found for Intent { act=com.android.camera.action.CROP typ=image/webp } while setting preferred com.google.android.apps.plus/.editor.PlusCropActivity
08-26 20:36:41.352  1926  1926 W PackageSettings: No potential matches found for Intent { act=com.android.camera.action.CROP typ=image/x-ms-bmp } while setting preferred com.google.android.apps.plus/.editor.PlusCropActivity
08-26 20:36:41.352  1926  1926 W PackageSettings: No potential matches found for Intent { act=com.android.camera.action.CROP typ=image/vnd.wap.wbmp } while setting preferred com.google.android.apps.plus/.editor.PlusCropActivity
08-26 20:36:41.352  1926  1926 W PackageSettings: No potential matches found for Intent { act=android.intent.action.MAIN cat=[android.intent.category.APP_GALLERY] } while setting preferred com.google.android.apps.photos/.home.HomeActivity
08-26 20:36:41.352  1926  1926 W PackageSettings: No potential matches found for Intent { act=android.intent.action.EDIT typ=application/vnd.openxmlformats-officedocument.spreadsheetml.sheet } while setting preferred com.google.android.apps.docs.editors.sheets/com.google.android.apps.docs.editors.trix.quicksheet.QuickSheetDocumentOpenerActivityAlias
08-26 20:36:41.352  1926  1926 W PackageSettings: No potential matches found for Intent { act=android.intent.action.EDIT typ=application/vnd.ms-excel.sheet.macroenabled.12 } while setting preferred com.google.android.apps.docs.editors.sheets/com.google.android.apps.docs.editors.trix.quicksheet.QuickSheetDocumentOpenerActivityAlias
08-26 20:36:41.352  1926  1926 W PackageSettings: No potential matches found for Intent { act=android.intent.action.EDIT typ=application/vnd.ms-excel } while setting preferred com.google.android.apps.docs.editors.sheets/com.google.android.apps.docs.editors.trix.quicksheet.QuickSheetDocumentOpenerActivityAlias
08-26 20:36:41.352  1926  1926 W PackageSettings: No potential matches found for Intent { act=android.intent.action.EDIT typ=application/vnd.ms-excel.addin.macroenabled.12 } while setting preferred com.google.android.apps.docs.editors.sheets/com.google.android.apps.docs.editors.trix.quicksheet.QuickSheetDocumentOpenerActivityAlias
08-26 20:36:41.352  1926  1926 W PackageSettings: No potential matches found for Intent { act=android.intent.action.EDIT typ=application/vnd.ms-excel.template.macroenabled.12 } while setting preferred com.google.android.apps.docs.editors.sheets/com.google.android.apps.docs.editors.trix.quicksheet.QuickSheetDocumentOpenerActivityAlias
08-26 20:36:41.352  1926  1926 W PackageSettings: No potential matches found for Intent { act=android.intent.action.EDIT typ=application/vnd.openxmlformats-officedocument.spreadsheetml.template } while setting preferred com.google.android.apps.docs.editors.sheets/com.google.android.apps.docs.editors.trix.quicksheet.QuickSheetDocumentOpenerActivityAlias
08-26 20:36:41.352  1926  1926 W PackageSettings: No potential matches found for Intent { act=android.intent.action.EDIT typ=application/x-msexcel } while setting preferred com.google.android.apps.docs.editors.sheets/com.google.android.apps.docs.editors.trix.quicksheet.QuickSheetDocumentOpenerActivityAlias
08-26 20:36:41.352  1926  1926 W PackageSettings: No potential matches found for Intent { act=android.intent.action.EDIT typ=application/vnd.ms-word } while setting preferred com.google.android.apps.docs.editors.docs/com.google.android.apps.docs.editors.kix.quickword.QuickWordDocumentOpenerActivityAlias
08-26 20:36:41.352  1926  1926 W PackageSettings: No potential matches found for Intent { act=android.intent.action.EDIT typ=application/vnd.openxmlformats-officedocument.wordprocessingml.document } while setting preferred com.google.android.apps.docs.editors.docs/com.google.android.apps.docs.editors.kix.quickword.QuickWordDocumentOpenerActivityAlias
08-26 20:36:41.352  1926  1926 W PackageSettings: No potential matches found for Intent { act=android.intent.action.EDIT typ=application/vnd.ms-word.document.macroenabled.12 } while setting preferred com.google.android.apps.docs.editors.docs/com.google.android.apps.docs.editors.kix.quickword.QuickWordDocumentOpenerActivityAlias
08-26 20:36:41.352  1926  1926 W PackageSettings: No potential matches found for Intent { act=android.intent.action.EDIT typ=application/msword } while setting preferred com.google.android.apps.docs.editors.docs/com.google.android.apps.docs.editors.kix.quickword.QuickWordDocumentOpenerActivityAlias
08-26 20:36:41.352  1926  1926 W PackageSettings: No potential matches found for Intent { act=android.intent.action.EDIT typ=application/vnd.ms-word.template.macroenabled.12 } while setting preferred com.google.android.apps.docs.editors.docs/com.google.android.apps.docs.editors.kix.quickword.QuickWordDocumentOpenerActivityAlias
08-26 20:36:41.352  1926  1926 W PackageSettings: No potential matches found for Intent { act=android.intent.action.EDIT typ=application/vnd.openxmlformats-officedocument.wordprocessingml.template } while setting preferred com.google.android.apps.docs.editors.docs/com.google.android.apps.docs.editors.kix.quickword.QuickWordDocumentOpenerActivityAlias
08-26 20:36:41.352  1926  1926 W PackageSettings: No potential matches found for Intent { act=android.intent.action.EDIT typ=application/x-msword } while setting preferred com.google.android.apps.docs.editors.docs/com.google.android.apps.docs.editors.kix.quickword.QuickWordDocumentOpenerActivityAlias
08-26 20:36:41.352  1926  1926 W PackageSettings: No potential matches found for Intent { act=android.intent.action.EDIT typ=application/vnd.openxmlformats-officedocument.presentationml.presentation } while setting preferred com.google.android.apps.docs.editors.slides/com.google.android.apps.docs.editors.kix.quickword.QuickWordDocumentOpenerActivityAlias
08-26 20:36:41.352  1926  1926 W PackageSettings: No potential matches found for Intent { act=android.intent.action.EDIT typ=application/vnd.ms-powerpoint } while setting preferred com.google.android.apps.docs.editors.slides/com.google.android.apps.docs.editors.kix.quickword.QuickWordDocumentOpenerActivityAlias
08-26 20:36:41.352  1926  1926 W PackageSettings: No potential matches found for Intent { act=android.intent.action.EDIT typ=application/vnd.openxmlformats-officedocument.presentationml.template } while setting preferred com.google.android.apps.docs.editors.slides/com.google.android.apps.docs.editors.kix.quickword.QuickWordDocumentOpenerActivityAlias
08-26 20:36:41.352  1926  1926 W PackageSettings: No potential matches found for Intent { act=android.intent.action.EDIT typ=application/vnd.ms-powerpoint.presentation.macroenabled.12 } while setting preferred com.google.android.apps.docs.editors.slides/com.google.android.apps.docs.editors.kix.quickword.QuickWordDocumentOpenerActivityAlias
08-26 20:36:41.352  1926  1926 W PackageSettings: No potential matches found for Intent { act=android.intent.action.EDIT typ=application/vnd.openxmlformats-officedocument.presentationml.slideshow } while setting preferred com.google.android.apps.docs.editors.slides/com.google.android.apps.docs.editors.kix.quickword.QuickWordDocumentOpenerActivityAlias
08-26 20:36:41.353  1926  1926 W PackageSettings: No potential matches found for Intent { act=android.intent.action.EDIT typ=application/vnd.ms-powerpoint.slideshow.macroenabled.12 } while setting preferred com.google.android.apps.docs.editors.slides/com.google.android.apps.docs.editors.kix.quickword.QuickWordDocumentOpenerActivityAlias
08-26 20:36:41.353  1926  1926 W PackageSettings: No potential matches found for Intent { act=android.intent.action.EDIT typ=application/x-mspowerpoint } while setting preferred com.google.android.apps.docs.editors.slides/com.google.android.apps.docs.editors.kix.quickword.QuickWordDocumentOpenerActivityAlias
08-26 20:36:41.356  1926  1926 W PackageManager: Unknown package com.google.android.apps.docs.editors.docs in sysconfig <app-link>
08-26 20:36:41.356  1926  1926 W PackageManager: Unknown package com.google.android.apps.docs.editors.sheets in sysconfig <app-link>
08-26 20:36:41.356  1926  1926 W PackageManager: Unknown package com.google.android.apps.docs.editors.slides in sysconfig <app-link>
08-26 20:36:41.357  1926  1926 W PackageManager: Unknown package com.google.android.apps.plus in sysconfig <app-link>
08-26 20:36:41.357  1926  1926 W PackageManager: Unknown package com.google.android.apps.tycho in sysconfig <app-link>
08-26 20:36:41.357  1926  1926 W PackageManager: Unknown package com.google.android.talk in sysconfig <app-link>
08-26 20:36:41.357  1926  1926 V PackageManager: reconcileAppsData for null u0 0x3 migrateAppData=true
08-26 20:36:41.358  1772  1811 I SELinux : SELinux: Loaded file_contexts
08-26 20:36:41.360  1772  1811 W installd: Requested default storage /data/user_de/0/com.google.android.ext.services is not active; migrating from /data/data/com.google.android.ext.services
08-26 20:36:41.362  1772  1811 W installd: Requested default storage /data/user_de/0/com.android.providers.telephony is not active; migrating from /data/data/com.android.providers.telephony
08-26 20:36:41.364  1772  1811 W installd: Requested default storage /data/user_de/0/com.google.android.ext.shared is not active; migrating from /data/data/com.google.android.ext.shared
08-26 20:36:41.368  1772  1811 W installd: Requested default storage /data/user_de/0/com.android.defcontainer is not active; migrating from /data/data/com.android.defcontainer
08-26 20:36:41.370  1772  1811 W installd: Requested default storage /data/user_de/0/android is not active; migrating from /data/data/android
08-26 20:36:41.372  1772  1811 W installd: Requested default storage /data/user_de/0/com.android.providers.settings is not active; migrating from /data/data/com.android.providers.settings
08-26 20:36:41.374  1772  1811 W installd: Requested default storage /data/user_de/0/com.android.inputdevices is not active; migrating from /data/data/com.android.inputdevices
08-26 20:36:41.378  1772  1811 W installd: Requested default storage /data/user_de/0/com.android.server.telecom is not active; migrating from /data/data/com.android.server.telecom
08-26 20:36:41.380  1772  1811 W installd: Requested default storage /data/user_de/0/com.google.android.packageinstaller is not active; migrating from /data/data/com.google.android.packageinstaller
08-26 20:36:41.383  1772  1811 W installd: Requested default storage /data/user_de/0/com.android.proxyhandler is not active; migrating from /data/data/com.android.proxyhandler
08-26 20:36:41.385  1772  1811 W installd: Requested default storage /data/user_de/0/com.android.settings is not active; migrating from /data/data/com.android.settings
08-26 20:36:41.387  1772  1811 W installd: Requested default storage /data/user_de/0/com.android.phone is not active; migrating from /data/data/com.android.phone
08-26 20:36:41.389  1772  1811 W installd: Requested default storage /data/user_de/0/com.android.shell is not active; migrating from /data/data/com.android.shell
08-26 20:36:41.390  1772  1811 W installd: Requested default storage /data/user_de/0/com.android.location.fused is not active; migrating from /data/data/com.android.location.fused
08-26 20:36:41.392  1772  1811 W installd: Requested default storage /data/user_de/0/com.android.systemui is not active; migrating from /data/data/com.android.systemui
08-26 20:36:41.395  1926  1926 V PackageManager: reconcileAppsData finished 18 packages
08-26 20:36:41.395  1772  1811 W installd: Ignoring /data/data/com.android.defcontainer/lib with unexpected GID 0 instead of 10030
08-26 20:36:41.395  1772  1811 W installd: Ignoring /data/data/com.google.android.inputmethod.latin/lib with unexpected GID 0 instead of 10072
08-26 20:36:41.395  1772  1811 W installd: Ignoring /data/user_de/0/com.android.defcontainer/lib with unexpected GID 0 instead of 10030
08-26 20:36:41.433  1926  1926 I system_server: Explicit concurrent copying GC freed 54310(2MB) AllocSpace objects, 9(536KB) LOS objects, 42% free, 4MB/7MB, paused 12us total 15.566ms
08-26 20:36:41.433  1926  1926 I SystemServer: StartOtaDexOptService
08-26 20:36:41.433  1926  1926 D OTADexopt: No upgrade, skipping A/B artifacts check.
08-26 20:36:41.433  1926  1926 I SystemServer: StartUserManagerService
08-26 20:36:41.433  1926  1926 I SystemServiceManager: Starting com.android.server.pm.UserManagerService$LifeCycle
08-26 20:36:41.434  1926  1926 I SystemServer: InitAttributerCache
08-26 20:36:41.434  1926  1926 I SystemServer: SetSystemProcess
08-26 20:36:41.436  1657  1657 I lowmemorykiller: lmkd data connection established
08-26 20:36:41.440  1926  1926 I SystemServer: StartOverlayManagerService
08-26 20:36:41.441  1926  1926 I SystemServer: StartBatteryService
08-26 20:36:41.441  1926  1926 I SystemServiceManager: Starting com.android.server.BatteryService
08-26 20:36:41.441  1926  1976 D SensorService: nuSensorService starting...
08-26 20:36:41.443  1926  1976 E SensorService: Reported power 0.000000 not deemed sane, clamping to 0.001000
08-26 20:36:41.444  1926  1926 I android_os_HwBinder: HwBinder: Starting thread pool for default::android.hardware.health@2.0::IHealth
08-26 20:36:41.445  1926  1976 I SensorService: Generated new HMAC key.
08-26 20:36:41.445  1926  1982 D SensorService: nuSensorService thread starting...
08-26 20:36:41.445  1926  1981 D SensorService: new thread SensorEventAckReceiver
08-26 20:36:41.449  1926  1945 E BluetoothAdapter: Bluetooth binder is null
08-26 20:36:41.449  1926  1945 E BatteryExternalStatsWorker: no controller energy info supplied for telephony
08-26 20:36:41.449  1926  1945 E KernelUidCpuFreqTimeReader: Failed to read /proc/uid_time_in_state: java.io.FileNotFoundException: /proc/uid_time_in_state (No such file or directory)
08-26 20:36:41.450  1926  1926 I android_os_HwBinder: HwBinder: Starting thread pool for default::android.hidl.manager@1.0::IServiceManager
08-26 20:36:41.450  1926  1945 E KernelUidCpuFreqTimeReader: Failed to read /proc/uid_time_in_state: java.io.FileNotFoundException: /proc/uid_time_in_state (No such file or directory)
08-26 20:36:41.450  1926  1945 I BatteryStatsImpl: Resetting battery stats: level=100 status=4 dischargeLevel=100 lowAmount=0 highAmount=0
08-26 20:36:41.451  1926  1926 I HealthServiceWrapper: health: HealthServiceWrapper listening to instance default
08-26 20:36:41.451  1926  1926 I BatteryService: health: Waited 0ms and received the update.
08-26 20:36:41.451  1926  1985 I android_os_HwBinder: HwBinder: Starting thread pool for default::android.hardware.health@2.0::IHealth
08-26 20:36:41.453  1926  1926 I SystemServer: StartUsageService
08-26 20:36:41.453  1926  1926 I SystemServiceManager: Starting com.android.server.usage.UsageStatsService
08-26 20:36:41.457  1585  1585 W hwservicemanager: getTransport: Cannot find entry android.hardware.soundtrigger@2.0::ISoundTriggerHw/default in either framework or device manifest.
08-26 20:36:41.457  1656  1656 E SoundTriggerHwService: could not read implementation properties
08-26 20:36:41.458  1926  1945 E KernelUidCpuFreqTimeReader: Failed to read /proc/uid_time_in_state: java.io.FileNotFoundException: /proc/uid_time_in_state (No such file or directory)
08-26 20:36:41.459  1926  1941 I BinderCallsStatsService: Resetting stats
08-26 20:36:41.465  1983  1983 W ResourceType: CREATING STRING CACHE OF 40436 bytes
08-26 20:36:41.465  1926  1926 I UsageStatsDatabase: Upgrading from version 0 to 3
08-26 20:36:41.465  1926  1926 I UsageStatsDatabase: Deleting all usage stats files
08-26 20:36:41.466  1926  1926 I UsageStatsService: User[0] Rollover scheduled @ 2020-08-27 18:36:41(1598553401463)
08-26 20:36:41.466  1926  1926 I SystemServer: StartWebViewUpdateService
08-26 20:36:41.466  1926  1926 I SystemServiceManager: Starting com.android.server.webkit.WebViewUpdateService
08-26 20:36:41.469  1926  1926 I SystemServer: StartBinderCallsStatsService
08-26 20:36:41.469  1926  1926 I SystemServer: StartKeyAttestationApplicationIdProviderService
08-26 20:36:41.469  1926  1939 I SystemServer: SecondaryZygotePreload
08-26 20:36:41.470  1926  1926 I SystemServer: StartKeyChainSystemService
08-26 20:36:41.470  1926  1926 I SystemServiceManager: Starting com.android.server.security.KeyChainSystemService
08-26 20:36:41.470  1926  1926 I SystemServer: StartSchedulingPolicyService
08-26 20:36:41.470  1926  1926 I SystemServer: StartTelecomLoaderService
08-26 20:36:41.470  1926  1926 I SystemServiceManager: Starting com.android.server.telecom.TelecomLoaderService
08-26 20:36:41.471  1926  1926 I SystemServer: StartTelephonyRegistry
08-26 20:36:41.472  1926  1976 I SchedulingPolicyService: Moving 1782 back to group default
08-26 20:36:41.472  1926  1926 I SystemServer: StartEntropyMixer
08-26 20:36:41.472  1926  1926 W EntropyMixer: No existing entropy file -- first boot?
08-26 20:36:41.476  1983  1983 W ResourceType: idmap: overlaid 7 resources not marked overlayable
08-26 20:36:41.480  1926  1939 I Zygote  : Process: zygote socket RESERVED/zygote opened, supported ABIS: x86,armeabi-v7a,armeabi
08-26 20:36:41.482  1926  1926 I EntropyMixer: Added HW RNG output to entropy pool
08-26 20:36:41.482  1926  1926 I EntropyMixer: Writing entropy...
08-26 20:36:41.486  1926  1926 I SystemServer: StartAccountManagerService
08-26 20:36:41.486  1926  1926 I SystemServiceManager: Starting com.android.server.accounts.AccountManagerService$Lifecycle
08-26 20:36:41.487  1926  1926 I SystemServer: StartContentService
08-26 20:36:41.487  1926  1926 I SystemServiceManager: Starting com.android.server.content.ContentService$Lifecycle
08-26 20:36:41.490  1926  1926 I SystemServer: InstallSystemProviders
08-26 20:36:41.495  1926  1926 I system_server: The ClassLoaderContext is a special shared library.
08-26 20:36:41.496  1986  1986 W ResourceType: CREATING STRING CACHE OF 40436 bytes
08-26 20:36:41.500  1926  1939 E SystemServer: Unable to preload default resources
08-26 20:36:41.507  1986  1986 W ResourceType: idmap: overlaid 7 resources not marked overlayable
08-26 20:36:41.508  1780  1850 I storaged: storaged: Start
08-26 20:36:41.508  1780  1850 E storaged: getDiskStats failed with result NOT_SUPPORTED and size 0
08-26 20:36:41.516  1926  1926 I SettingsState: No settings state /data/system/users/0/settings_system.xml
08-26 20:36:41.518  1926  1926 I SettingsState: No settings state /data/system/users/0/settings_secure.xml
08-26 20:36:41.519  1926  1926 D SettingsProvider: Generated and saved new ANDROID_ID [4f6b28852cdda2a8] for user 0
08-26 20:36:41.521  1926  1926 I SettingsState: No settings state /data/system/users/0/settings_global.xml
08-26 20:36:41.527  1926  1926 D SettingsProvider: Setting [com.google.android.gms/.autofill.service.AutofillService] as Autofill Service for user 0
08-26 20:36:41.531  1990  1990 W ResourceType: CREATING STRING CACHE OF 40436 bytes
08-26 20:36:41.531  1926  1926 I SettingsState: No settings state /data/system/users/0/settings_ssaid.xml
08-26 20:36:41.534  1926  1926 I SystemServer: StartDropBoxManager
08-26 20:36:41.534  1926  1926 I SystemServiceManager: Starting com.android.server.DropBoxManagerService
08-26 20:36:41.534  1926  1926 I SystemServer: StartVibratorService
08-26 20:36:41.535  1585  1585 W hwservicemanager: getTransport: Cannot find entry android.hardware.vibrator@1.0::IVibrator/default in either framework or device manifest.
08-26 20:36:41.535  1585  1585 W hwservicemanager: getTransport: Cannot find entry android.hardware.vibrator@1.0::IVibrator/default in either framework or device manifest.
08-26 20:36:41.535  1926  1926 E VibratorService: vibratorOff command failed (1).
08-26 20:36:41.535  1585  1585 W hwservicemanager: getTransport: Cannot find entry android.hardware.vibrator@1.0::IVibrator/default in either framework or device manifest.
08-26 20:36:41.536  1926  1926 I SystemServer: StartConsumerIrService
08-26 20:36:41.536  1585  1585 W hwservicemanager: getTransport: Cannot find entry android.hardware.ir@1.0::IConsumerIr/default in either framework or device manifest.
08-26 20:36:41.536  1926  1926 I SystemServer: StartAlarmManagerService
08-26 20:36:41.536  1926  1926 I SystemServiceManager: Starting com.android.server.AlarmManagerService
08-26 20:36:41.536  1926  1926 W AlarmManagerService: no wall clock RTC found
08-26 20:36:41.536  1926  1926 D AlarmManagerService: Kernel timezone updated to 0 minutes west of GMT
08-26 20:36:41.537  1926  1926 I SystemServer: InitWatchdog
08-26 20:36:41.537  1926  1926 I SystemServer: StartInputManagerService
08-26 20:36:41.538  1926  1926 I InputManager: Initializing input manager, mUseDevInputEventForAudioJack=true
08-26 20:36:41.538  1926  1926 I SystemServer: StartWindowManagerService
08-26 20:36:41.542  1990  1990 W ResourceType: idmap: overlaid 7 resources not marked overlayable
08-26 20:36:41.544  1926  1949 I WindowManager: No existing display settings /data/system/display_settings.xml; starting empty
08-26 20:36:41.550  1926  1926 I SystemServer: SetWindowManagerService
08-26 20:36:41.563  1992  1992 W ResourceType: CREATING STRING CACHE OF 30972 bytes
08-26 20:36:41.566  1926  1926 I SystemServer: WindowManagerServiceOnInitReady
08-26 20:36:41.572  1992  1992 W ResourceType: idmap: overlaid 2 resources not marked overlayable
08-26 20:36:41.572  1926  1942 W ShortcutManager: Unable to add bookmark: com.google.android.talk/com.google.android.talk.SigningInActivity
08-26 20:36:41.572  1926  1942 W ShortcutManager: android.content.pm.PackageManager$NameNotFoundException: ComponentInfo{com.google.android.talk/com.google.android.talk.SigningInActivity}
08-26 20:36:41.572  1926  1942 W ShortcutManager: 	at android.app.ApplicationPackageManager.getActivityInfo(ApplicationPackageManager.java:435)
08-26 20:36:41.572  1926  1942 W ShortcutManager: 	at com.android.server.policy.ShortcutManager.loadShortcuts(ShortcutManager.java:142)
08-26 20:36:41.572  1926  1942 W ShortcutManager: 	at com.android.server.policy.ShortcutManager.<init>(ShortcutManager.java:62)
08-26 20:36:41.572  1926  1942 W ShortcutManager: 	at com.android.server.policy.PhoneWindowManager.init(PhoneWindowManager.java:2055)
08-26 20:36:41.572  1926  1942 W ShortcutManager: 	at com.android.server.wm.WindowManagerService$4.run(WindowManagerService.java:914)
08-26 20:36:41.572  1926  1942 W ShortcutManager: 	at android.os.Handler$BlockingRunnable.run(Handler.java:893)
08-26 20:36:41.572  1926  1942 W ShortcutManager: 	at android.os.Handler.handleCallback(Handler.java:873)
08-26 20:36:41.572  1926  1942 W ShortcutManager: 	at android.os.Handler.dispatchMessage(Handler.java:99)
08-26 20:36:41.572  1926  1942 W ShortcutManager: 	at android.os.Looper.loop(Looper.java:193)
08-26 20:36:41.572  1926  1942 W ShortcutManager: 	at android.os.HandlerThread.run(HandlerThread.java:65)
08-26 20:36:41.572  1926  1942 W ShortcutManager: 	at com.android.server.ServiceThread.run(ServiceThread.java:44)
08-26 20:36:41.572  1926  1942 W ShortcutManager: 	at com.android.server.UiThread.run(UiThread.java:43)
08-26 20:36:41.576  1926  1926 I SystemServer: StartVrManagerService
08-26 20:36:41.576  1926  1926 I SystemServiceManager: Starting com.android.server.vr.VrManagerService
08-26 20:36:41.577  1585  1585 W hwservicemanager: getTransport: Cannot find entry android.hardware.vr@1.0::IVr/default in either framework or device manifest.
08-26 20:36:41.577  1926  1926 W VrManagerService: init_native: Could not open IVr interface
08-26 20:36:41.578  1926  1926 I SystemServer: StartInputManager
08-26 20:36:41.578  1926  1926 I InputManager: Starting input manager
08-26 20:36:41.578  1926  1926 I SystemServer: DisplayManagerWindowManagerAndInputReady
08-26 20:36:41.578  1926  1926 I SystemServer: No Bluetooth Service (emulator)
08-26 20:36:41.578  1926  1926 I SystemServer: IpConnectivityMetrics
08-26 20:36:41.578  1926  1926 I SystemServiceManager: Starting com.android.server.connectivity.IpConnectivityMetrics
08-26 20:36:41.579  1926  1926 I SystemServer: NetworkWatchlistService
08-26 20:36:41.579  1926  1926 I SystemServiceManager: Starting com.android.server.net.watchlist.NetworkWatchlistService$Lifecycle
08-26 20:36:41.581  1926  1995 W EventHub: Unable to disable kernel key repeat for /dev/input/event1: Function not implemented
08-26 20:36:41.581  1926  1995 I EventHub: wakeMechanism=EPOLLWAKEUP, usingClockIoctl=true
08-26 20:36:41.581  1926  1995 I EventHub: New device: id=1, fd=103, path='/dev/input/event1', name='qwerty2', classes=0x97, configuration='/system/usr/idc/qwerty2.idc', keyLayout='/system/usr/keylayout/qwerty.kl', keyCharacterMap='/system/usr/keychars/qwerty2.kcm', builtinKeyboard=true, 
08-26 20:36:41.581  1926  1995 D EventHub: No input device configuration file found for device 'Power Button'.
08-26 20:36:41.583  1926  1995 W EventHub: Unable to disable kernel key repeat for /dev/input/event0: Function not implemented
08-26 20:36:41.583  1926  1995 I EventHub: wakeMechanism=EPOLLWAKEUP, usingClockIoctl=true
08-26 20:36:41.583  1926  1995 I EventHub: New device: id=2, fd=106, path='/dev/input/event0', name='Power Button', classes=0x1, configuration='', keyLayout='/system/usr/keylayout/Generic.kl', keyCharacterMap='/system/usr/keychars/Generic.kcm', builtinKeyboard=false, 
08-26 20:36:41.583  1926  1995 E EventHub: could not get driver version for /dev/input/mice, Not a typewriter
08-26 20:36:41.585  1926  1996 I WatchlistLoggingHandler: Start aggregating watchlist records.
08-26 20:36:41.585  1926  1926 I SystemServer: PinnerService
08-26 20:36:41.585  1926  1926 I SystemServiceManager: Starting com.android.server.PinnerService
08-26 20:36:41.585  1926  1926 I SystemServer: StartInputMethodManagerLifecycle
08-26 20:36:41.585  1926  1926 I SystemServiceManager: Starting com.android.server.InputMethodManagerService$Lifecycle
08-26 20:36:41.588  1926  1926 I SystemServer: StartAccessibilityManagerService
08-26 20:36:41.589  1926  1926 I SystemServer: MakeDisplayReady
08-26 20:36:41.589  1926  1926 I ActivityManager: Config changes=20005df8 {1.0 ?mcc?mnc [en_US] ldltr sw411dp w411dp h731dp 420dpi nrml long port ?uimode ?night -touch -keyb/h/h -nav/h winConfig={ mBounds=Rect(0, 0 - 0, 0) mAppBounds=Rect(0, 0 - 1080, 1920) mWindowingMode=fullscreen mActivityType=undefined} s.2}
08-26 20:36:41.594  1993  1993 W ResourceType: CREATING STRING CACHE OF 40436 bytes
08-26 20:36:41.594  1926  1926 I ActivityManager: Override config changes=60007dfc {1.0 ?mcc?mnc [en_US] ldltr sw411dp w411dp h731dp 420dpi nrml long port ?uimode ?night -touch -keyb/h/h -nav/h winConfig={ mBounds=Rect(0, 0 - 1080, 1920) mAppBounds=Rect(0, 0 - 1080, 1920) mWindowingMode=fullscreen mActivityType=undefined} s.2} for displayId=0
08-26 20:36:41.600  1926  1926 W LocalDisplayAdapter: Unable to find color mode 0, ignoring request.
08-26 20:36:41.600  1926  1926 I ActivityManager: Config changes=20000500 {1.0 ?mcc?mnc [en_US] ldltr sw411dp w411dp h659dp 420dpi nrml port ?uimode ?night -touch -keyb/h/h -nav/h winConfig={ mBounds=Rect(0, 0 - 0, 0) mAppBounds=Rect(0, 0 - 1080, 1794) mWindowingMode=fullscreen mActivityType=undefined} s.3}
08-26 20:36:41.602  1926  1926 I ActivityManager: Override config changes=20000500 {1.0 ?mcc?mnc [en_US] ldltr sw411dp w411dp h659dp 420dpi nrml port ?uimode ?night -touch -keyb/h/h -nav/h winConfig={ mBounds=Rect(0, 0 - 1080, 1920) mAppBounds=Rect(0, 0 - 1080, 1794) mWindowingMode=fullscreen mActivityType=undefined} s.3} for displayId=0
08-26 20:36:41.603  1926  1926 W LocalDisplayAdapter: Unable to find color mode 0, ignoring request.
08-26 20:36:41.603  1926  1926 I SystemServer: StartStorageManagerService
08-26 20:36:41.603  1926  1926 I SystemServiceManager: Starting com.android.server.StorageManagerService$Lifecycle
08-26 20:36:41.606  1926  1926 I SystemServer: StartStorageStatsService
08-26 20:36:41.606  1926  1926 I SystemServiceManager: Starting com.android.server.usage.StorageStatsService$Lifecycle
08-26 20:36:41.606  1993  1993 W ResourceType: idmap: overlaid 6 resources not marked overlayable
