08-26 20:36:38.648  1763  1763 I /system/bin/tzdatacheck: timezone distro dir /data/misc/zoneinfo/current does not exist. No action required.
08-26 20:36:38.651  1594  1675 D Cryptfs : post_fs_data done
08-26 20:36:38.652  1594  1675 D Cryptfs : Just triggered restart_framework
08-26 20:36:38.662  1764  1764 I bootstat: Service started: /system/bin/bootstat -r post_decrypt_time_elapsed 
08-26 20:36:38.664  1649  1690 D ComposerHal: destroying composer client
08-26 20:36:38.664  1649  1690 I HWC2On1Adapter: unregisterCallback(Hotplug)
08-26 20:36:38.664  1649  1690 I HWC2On1Adapter: unregisterCallback(Refresh)
08-26 20:36:38.664  1649  1690 I HWC2On1Adapter: unregisterCallback(Vsync)
08-26 20:36:38.664  1649  1690 W ComposerHal: destroying client resources for display 1
08-26 20:36:38.664  1649  1690 W ComposerHal: performing a final presentDisplay
08-26 20:36:38.664  1649  1690 D ComposerHal: removed composer client
08-26 20:36:38.666  1713  1717 E EGL_emulation: tid 1717: swapBuffers(570): error 0x300d (EGL_BAD_SURFACE)
08-26 20:36:38.666  1584  1584 I ServiceManager: service 'SurfaceFlinger' died
08-26 20:36:38.666  1584  1584 I ServiceManager: service 'gpu' died
08-26 20:36:38.666  1713  1713 W SurfaceComposerClient: ComposerService remote (surfaceflinger) died [0xef147440]
08-26 20:36:38.666  1713  1713 D BootAnimation: SurfaceFlinger died, exiting...
08-26 20:36:38.714  1786  1786 I /system/bin/tombstoned: tombstoned successfully initialized
08-26 20:36:38.741  1788  1788 D android.hardware.biometrics.fingerprint@2.1-service: Opening fingerprint hal library...
08-26 20:36:38.741  1585  1585 W hwservicemanager: getTransport: Cannot find entry android.hardware.usb.gadget@1.0::IUsbGadget/default in either framework or device manifest.
08-26 20:36:38.741  1787  1787 I usbd    : Usb HAL not found
08-26 20:36:38.744  1781  1781 I wificond: wificond is starting up...
08-26 20:36:38.750  1788  1788 D FingerprintHal: ----------------> fingerprint_open ----------------->
08-26 20:36:38.750  1788  1788 D FingerprintHal: ----------------> set_notify_callback ----------------->
08-26 20:36:38.750  1788  1788 D FingerprintHal: fingerprint callback notification set
08-26 20:36:38.750  1788  1788 I ServiceManagement: Removing namespace from process name android.hardware.biometrics.fingerprint@2.1-service to fingerprint@2.1-service.
08-26 20:36:38.754  1768  1768 D AndroidRuntime: >>>>>> START com.android.internal.os.ZygoteInit uid 0 <<<<<<
08-26 20:36:38.755  1779  1779 W statsd  : statscompanion service unavailable!
08-26 20:36:38.755  1779  1779 I statsd  : using statsd socket
08-26 20:36:38.766  1768  1768 I zygote  : option[0]=-Xzygote
08-26 20:36:38.766  1768  1768 I zygote  : option[1]=-Xcheck:jni
08-26 20:36:38.766  1768  1768 I zygote  : option[2]=-Xusetombstonedtraces
08-26 20:36:38.766  1768  1768 I zygote  : option[3]=exit
08-26 20:36:38.766  1768  1768 I zygote  : option[4]=vfprintf
08-26 20:36:38.766  1768  1768 I zygote  : option[5]=sensitiveThread
08-26 20:36:38.766  1768  1768 I zygote  : option[6]=-verbose:gc
08-26 20:36:38.766  1768  1768 I zygote  : option[7]=-Xms4m
08-26 20:36:38.766  1768  1768 I zygote  : option[8]=-Xmx384m
08-26 20:36:38.766  1768  1768 I zygote  : option[9]=-Xusejit:true
08-26 20:36:38.767  1768  1768 I zygote  : option[10]=-Xjitsaveprofilinginfo
08-26 20:36:38.767  1768  1768 I zygote  : option[11]=-XjdwpOptions:suspend=n,server=y
08-26 20:36:38.767  1768  1768 I zygote  : option[12]=-XjdwpProvider:default
08-26 20:36:38.767  1768  1768 I zygote  : option[13]=-Ximage-compiler-option
08-26 20:36:38.767  1768  1768 I zygote  : option[14]=--runtime-arg
08-26 20:36:38.767  1768  1768 I zygote  : option[15]=-Ximage-compiler-option
08-26 20:36:38.767  1768  1768 I zygote  : option[16]=-Xms64m
08-26 20:36:38.767  1768  1768 I zygote  : option[17]=-Ximage-compiler-option
08-26 20:36:38.767  1768  1768 I zygote  : option[18]=--runtime-arg
08-26 20:36:38.767  1768  1768 I zygote  : option[19]=-Ximage-compiler-option
08-26 20:36:38.767  1768  1768 I zygote  : option[20]=-Xmx64m
08-26 20:36:38.767  1768  1768 I zygote  : option[21]=-Ximage-compiler-option
08-26 20:36:38.767  1768  1768 I zygote  : option[22]=--profile-file=/system/etc/boot-image.prof
08-26 20:36:38.767  1768  1768 I zygote  : option[23]=-Ximage-compiler-option
08-26 20:36:38.767  1768  1768 I zygote  : option[24]=--compiler-filter=speed-profile
08-26 20:36:38.767  1768  1768 I zygote  : option[25]=-Xcompiler-option
08-26 20:36:38.767  1768  1768 I zygote  : option[26]=--runtime-arg
08-26 20:36:38.767  1768  1768 I zygote  : option[27]=-Xcompiler-option
08-26 20:36:38.767  1768  1768 I zygote  : option[28]=-Xms64m
08-26 20:36:38.767  1768  1768 I zygote  : option[29]=-Xcompiler-option
08-26 20:36:38.767  1768  1768 I zygote  : option[30]=--runtime-arg
08-26 20:36:38.767  1768  1768 I zygote  : option[31]=-Xcompiler-option
08-26 20:36:38.767  1768  1768 I zygote  : option[32]=-Xmx512m
08-26 20:36:38.767  1768  1768 I zygote  : option[33]=-Ximage-compiler-option
08-26 20:36:38.767  1768  1768 I zygote  : option[34]=--instruction-set-variant=x86
08-26 20:36:38.767  1768  1768 I zygote  : option[35]=-Xcompiler-option
08-26 20:36:38.767  1768  1768 I zygote  : option[36]=--instruction-set-variant=x86
08-26 20:36:38.767  1768  1768 I zygote  : option[37]=-Ximage-compiler-option
08-26 20:36:38.767  1768  1768 I zygote  : option[38]=--instruction-set-features=default
08-26 20:36:38.767  1768  1768 I zygote  : option[39]=-Xcompiler-option
08-26 20:36:38.767  1768  1768 I zygote  : option[40]=--instruction-set-features=default
08-26 20:36:38.767  1768  1768 I zygote  : option[41]=-Duser.locale=en-US
08-26 20:36:38.767  1768  1768 I zygote  : option[42]=-XX:NativeBridge=libndk_translation.so
08-26 20:36:38.767  1768  1768 I zygote  : option[43]=--cpu-abilist=x86,armeabi-v7a,armeabi
08-26 20:36:38.767  1768  1768 I zygote  : option[44]=-Xfingerprint:google/sdk_gphone_x86_arm/generic_x86_arm:9/PSR1.180720.117/5875966:user/release-keys
08-26 20:36:38.774  1790  1790 D HostConnection: createUnique: call
08-26 20:36:38.774  1790  1790 D HostConnection: HostConnection::get() New Host Connection established 0xeada4140, tid 1790
08-26 20:36:38.776  1790  1790 D HostConnection: HostComposition ext ANDROID_EMU_CHECKSUM_HELPER_v1 ANDROID_EMU_dma_v1 ANDROID_EMU_YUV420_888_to_NV21 ANDROID_EMU_YUV_Cache ANDROID_EMU_async_unmap_buffer GL_OES_vertex_array_object GL_KHR_texture_compression_astc_ldr ANDROID_EMU_gles_max_version_2 
08-26 20:36:38.777  1790  1790 E hwcomposer: unknown display attribute 6
08-26 20:36:38.777  1790  1790 I ServiceManagement: Removing namespace from process name android.hardware.graphics.composer@2.1-service to composer@2.1-service.
08-26 20:36:38.778  1585  1585 W hwservicemanager: getTransport: Cannot find entry android.hardware.keymaster@4.0::IKeymasterDevice/default in either framework or device manifest.
08-26 20:36:38.778  1773  1773 I keystore: found android.hardware.keymaster@3.0::IKeymasterDevice with interface name default and seclevel SOFTWARE
08-26 20:36:38.778  1773  1773 W keystore: No secure Keymaster implementation found, but device offers insecure Keymaster HAL. Using as default.
08-26 20:36:38.778  1790  1790 I android.hardware.graphics.composer@2.1-service: Registration complete for android.hardware.graphics.composer@2.1::IComposer/default.
08-26 20:36:38.784  1785  1785 I gatekeeperd: Starting gatekeeperd...
08-26 20:36:38.789  1788  1792 D FingerprintHal: ----------------> listenerFunction ----------------->
08-26 20:36:38.789  1774  1774 I mediaserver: ServiceManager: 0xeab1a720
08-26 20:36:38.802  1767  1767 I ConfigStore: android::hardware::configstore::V1_0::ISurfaceFlingerConfigs::startGraphicsAllocatorService retrieved: 0
08-26 20:36:38.802  1767  1767 I SurfaceFlinger: Using HWComposer service: 'default'
08-26 20:36:38.802  1767  1767 I SurfaceFlinger: SurfaceFlinger is starting
08-26 20:36:38.802  1767  1767 I ConfigStore: android::hardware::configstore::V1_0::ISurfaceFlingerConfigs::vsyncEventPhaseOffsetNs retrieved: 1000000 (default)
08-26 20:36:38.803  1768  1768 I zygote  : VerifyImage: /system/bin/patchoat --input-image-location=/system/framework/boot.art --output-image-directory=/data/dalvik-cache/x86 --instruction-set=x86 --verify
08-26 20:36:38.807  1767  1767 I ConfigStore: android::hardware::configstore::V1_0::ISurfaceFlingerConfigs::vsyncSfEventPhaseOffsetNs retrieved: 1000000 (default)
08-26 20:36:38.807  1767  1767 I ConfigStore: android::hardware::configstore::V1_0::ISurfaceFlingerConfigs::hasSyncFramework retrieved: 1
08-26 20:36:38.807  1767  1767 I ConfigStore: android::hardware::configstore::V1_0::ISurfaceFlingerConfigs::presentTimeOffsetFromVSyncNs retrieved: 0
08-26 20:36:38.807  1767  1767 I ConfigStore: android::hardware::configstore::V1_0::ISurfaceFlingerConfigs::useHwcForRGBtoYUV retrieved: 0
08-26 20:36:38.807  1767  1767 I ConfigStore: android::hardware::configstore::V1_0::ISurfaceFlingerConfigs::maxVirtualDisplaySize retrieved: 0 (default)
08-26 20:36:38.807  1767  1767 I ConfigStore: android::hardware::configstore::V1_0::ISurfaceFlingerConfigs::useVrFlinger retrieved: 0 (default)
08-26 20:36:38.807  1767  1767 I ConfigStore: android::hardware::configstore::V1_0::ISurfaceFlingerConfigs::maxFrameBufferAcquiredBuffers retrieved: 3
08-26 20:36:38.807  1767  1767 I ConfigStore: android::hardware::configstore::V1_0::ISurfaceFlingerConfigs::hasWideColorDisplay retrieved: 0
08-26 20:36:38.808  1585  1585 W hwservicemanager: getTransport: Cannot find entry android.hardware.configstore@1.1::ISurfaceFlingerConfigs/default in either framework or device manifest.
08-26 20:36:38.808  1767  1767 I ConfigStore: android::hardware::configstore::V1_1::ISurfaceFlingerConfigs::primaryDisplayOrientation retrieved: ORIENTATION_0 (default)
08-26 20:36:38.808  1767  1767 I SurfaceFlinger: Enabling HWC virtual displays
08-26 20:36:38.808  1767  1767 I SurfaceFlinger: Disabling Triple Buffering
08-26 20:36:38.808  1767  1767 I SurfaceFlinger: Treble testing override: 'false'
08-26 20:36:38.808  1767  1767 I SurfaceFlinger: SurfaceFlinger's main thread ready to run. Initializing graphics H/W...
08-26 20:36:38.808  1767  1767 I SurfaceFlinger: Phase offest NS: 1000000
08-26 20:36:38.808  1767  1767 D libEGL  : Emulator has host GPU support, qemu.gles is set to 1.
08-26 20:36:38.809  1767  1767 E vndksupport: Could not load /vendor/lib/egl/libGLES_emulation.so from sphal namespace: dlopen failed: library "/vendor/lib/egl/libGLES_emulation.so" not found.
08-26 20:36:38.809  1767  1767 E libEGL  : load_driver(/vendor/lib/egl/libGLES_emulation.so): unknown
08-26 20:36:38.812  1767  1767 D libEGL  : loaded /vendor/lib/egl/libEGL_emulation.so
08-26 20:36:38.812  1767  1767 D libEGL  : loaded /vendor/lib/egl/libGLESv1_CM_emulation.so
08-26 20:36:38.813  1807  1807 W patchoat: Could not reserve sentinel fault page
08-26 20:36:38.821  1772  1772 I installd: installd firing up
08-26 20:36:38.821  1772  1772 E cutils  : Failed to read /data/.layout_version: No such file or directory
08-26 20:36:38.821  1772  1772 D installd: Assuming that device has multi-user storage layout; upgrade no longer supported
08-26 20:36:38.821  1772  1772 D installd: Upgrading to /data/misc/user directories
08-26 20:36:38.824  1767  1767 D libEGL  : loaded /vendor/lib/egl/libGLESv2_emulation.so
08-26 20:36:38.838  1767  1767 D HostConnection: HostConnection::get() New Host Connection established 0xedd24410, tid 1767
08-26 20:36:38.841  1778  1778 I Netd    : Netd 1.0 starting
08-26 20:36:38.842  1767  1767 D HostConnection: HostComposition ext ANDROID_EMU_CHECKSUM_HELPER_v1 ANDROID_EMU_dma_v1 ANDROID_EMU_YUV420_888_to_NV21 ANDROID_EMU_YUV_Cache ANDROID_EMU_async_unmap_buffer GL_OES_vertex_array_object GL_KHR_texture_compression_astc_ldr ANDROID_EMU_gles_max_version_2 
08-26 20:36:38.842  1778  1778 D TetherController: Setting IP forward enable = 0
08-26 20:36:38.842  1767  1767 I ConfigStore: android::hardware::configstore::V1_0::ISurfaceFlingerConfigs::hasWideColorDisplay retrieved: 0
08-26 20:36:38.842  1767  1767 I ConfigStore: android::hardware::configstore::V1_0::ISurfaceFlingerConfigs::hasHDRDisplay retrieved: 0
08-26 20:36:38.842  1767  1767 I SurfaceFlinger: EGL information:
08-26 20:36:38.842  1767  1767 I SurfaceFlinger: vendor    : Android
08-26 20:36:38.842  1767  1767 I SurfaceFlinger: version   : 1.4 Android META-EGL
08-26 20:36:38.842  1767  1767 I SurfaceFlinger: extensions: EGL_KHR_get_all_proc_addresses EGL_ANDROID_presentation_time EGL_KHR_swap_buffers_with_damage EGL_ANDROID_get_native_client_buffer EGL_ANDROID_front_buffer_auto_refresh EGL_ANDROID_get_frame_timestamps EGL_EXT_surface_SMPTE2086_metadata EGL_EXT_surface_CTA861_3_metadata EGL_KHR_image EGL_KHR_image_base EGL_KHR_gl_texture_2D_image EGL_KHR_fence_sync EGL_ANDROID_image_native_buffer EGL_ANDROID_recordable 
08-26 20:36:38.842  1767  1767 I SurfaceFlinger: Client API: OpenGL_ES
08-26 20:36:38.842  1767  1767 I SurfaceFlinger: EGLSurface: 8-8-8-8, config=0x2
08-26 20:36:38.843  1767  1767 D eglCodecCommon: setVertexArrayObject: set vao to 0 (0) 0 0
08-26 20:36:38.843  1767  1767 D EGL_emulation: eglCreateContext: 0xedd20ae0: maj 2 min 0 rcv 2
08-26 20:36:38.857  1782  1782 I media.codec: mediacodecservice starting
08-26 20:36:38.858  1782  1782 W media.codec: Could not read additional policy file '/vendor/etc/seccomp_policy/mediacodec.policy'
08-26 20:36:38.858  1782  1782 W media.codec: libminijail[1782]: failed to get path of fd 5: No such file or directory
08-26 20:36:38.858  1782  1782 W media.codec: libminijail[1782]: allowing syscall: socketcall
08-26 20:36:38.858  1782  1782 W media.codec: libminijail[1782]: allowing syscall: writev
08-26 20:36:38.858  1782  1782 W media.codec: libminijail[1782]: allowing syscall: fcntl64
08-26 20:36:38.858  1782  1782 W media.codec: libminijail[1782]: allowing syscall: clock_gettime
08-26 20:36:38.858  1782  1782 W media.codec: libminijail[1782]: logging seccomp filter failures
08-26 20:36:38.860  1769  1769 I cameraserver: ServiceManager: 0xf201a700
08-26 20:36:38.860  1769  1769 I CameraService: CameraService started (pid=1769)
08-26 20:36:38.860  1769  1769 I CameraService: CameraService process starting
08-26 20:36:38.860  1769  1769 W BatteryNotifier: batterystats service unavailable!
08-26 20:36:38.860  1769  1769 W BatteryNotifier: batterystats service unavailable!
08-26 20:36:38.864  1769  1769 I CameraProviderManager: Connecting to new camera provider: legacy/0, isRemote? 1
08-26 20:36:38.864  1769  1769 I CameraProviderManager: Enumerating new camera device: device@3.3/legacy/0
08-26 20:36:38.865  1769  1769 I CameraProviderManager: Enumerating new camera device: device@3.3/legacy/1
08-26 20:36:38.865  1769  1769 I CameraProviderManager: Camera provider legacy/0 ready with 2 camera devices
08-26 20:36:38.866  1585  1585 W hwservicemanager: getTransport: Cannot find entry android.hardware.camera.provider@2.4::ICameraProvider/external/0 in either framework or device manifest.
08-26 20:36:38.866  1769  1826 W CameraProviderManager: addProviderLocked: Camera provider HAL with name 'legacy/0' already registered
08-26 20:36:38.866  1782  1782 W MediaCodecsXmlParser: unable to open media codecs configuration xml file: /data/misc/media/media_codecs_profiling_results.xml
08-26 20:36:38.866  1782  1782 W MediaCodecsXmlParser: parseTopLevelXMLFile(/data/misc/media/media_codecs_profiling_results.xml) failed
08-26 20:36:38.867  1782  1782 I ServiceManagement: Removing namespace from process name android.hardware.media.omx@1.0-service to omx@1.0-service.
08-26 20:36:38.867  1769  1769 I CameraHardwareInterface: Opening camera 0
08-26 20:36:38.867  1769  1769 E CameraHardwareInterface: initialize: openSession failed! No such file or directory (-2)
08-26 20:36:38.867  1769  1769 E CameraFlashlight: connectCameraDevice: initializing camera 0 failed
08-26 20:36:38.867  1769  1769 I CameraHardwareInterface: Destroying camera 0
08-26 20:36:38.867  1769  1769 E CameraFlashlight: findFlashUnits: failed to check if camera 0 has a flash unit. No such file or directory (-2)
08-26 20:36:38.868  1769  1769 I CameraHardwareInterface: Opening camera 1
08-26 20:36:38.868  1769  1769 E CameraHardwareInterface: initialize: openSession failed! No such file or directory (-2)
08-26 20:36:38.868  1769  1769 E CameraFlashlight: connectCameraDevice: initializing camera 1 failed
08-26 20:36:38.868  1769  1769 I CameraHardwareInterface: Destroying camera 1
08-26 20:36:38.868  1769  1769 E CameraFlashlight: findFlashUnits: failed to check if camera 1 has a flash unit. No such file or directory (-2)
08-26 20:36:38.868  1769  1769 I CameraService: onDeviceStatusChanged: Status changed for cameraId=1, newStatus=1
08-26 20:36:38.868  1769  1769 I CameraService: onDeviceStatusChanged: Unknown camera ID 1, a new camera is added
08-26 20:36:38.868  1769  1769 I CameraService: onDeviceStatusChanged: Status changed for cameraId=0, newStatus=1
08-26 20:36:38.868  1769  1769 I CameraService: onDeviceStatusChanged: Unknown camera ID 0, a new camera is added
08-26 20:36:38.868  1769  1769 I         : Waiting for activity service
08-26 20:36:38.868  1769  1826 I CameraService: onDeviceStatusChanged: Status changed for cameraId=1, newStatus=1
08-26 20:36:38.868  1769  1826 E CameraService: onDeviceStatusChanged: State transition to the same status 0x1 not allowed
08-26 20:36:38.868  1769  1826 I CameraService: onDeviceStatusChanged: Status changed for cameraId=0, newStatus=1
08-26 20:36:38.868  1769  1826 E CameraService: onDeviceStatusChanged: State transition to the same status 0x1 not allowed
08-26 20:36:38.869  1782  1782 E vndksupport: Could not load libstagefrighthw.so from default namespace: dlopen failed: library "libstagefrighthw.so" not found.
08-26 20:36:38.871  1782  1782 W MediaCodecsXmlParser: unable to open media codecs configuration xml file: /data/misc/media/media_codecs_profiling_results.xml
08-26 20:36:38.871  1782  1782 W MediaCodecsXmlParser: parseTopLevelXMLFile(/data/misc/media/media_codecs_profiling_results.xml) failed
08-26 20:36:38.871  1782  1782 I ServiceManagement: Removing namespace from process name android.hardware.media.omx@1.0-service to omx@1.0-service.
08-26 20:36:38.871  1782  1782 I media.codec: IOmx HAL service created.
08-26 20:36:38.872  1777  1777 I mediaserver: ServiceManager: 0xf031ab60
08-26 20:36:38.879  1767  1767 D EGL_emulation: eglMakeCurrent: 0xedd20ae0: ver 2 0 (tinfo 0xedd1c310)
08-26 20:36:38.880  1767  1767 I SurfaceFlinger: OpenGL ES informations:
08-26 20:36:38.880  1767  1767 I SurfaceFlinger: vendor    : Google (NVIDIA Corporation)
08-26 20:36:38.880  1767  1767 I SurfaceFlinger: renderer  : Android Emulator OpenGL ES Translator (GeForce GTX 1650 with Max-Q Design/PCIe/SSE2)
08-26 20:36:38.880  1767  1767 I SurfaceFlinger: version   : OpenGL ES 2.0 (4.5.0 NVIDIA 440.100)
08-26 20:36:38.880  1767  1767 I SurfaceFlinger: extensions: GL_EXT_debug_marker GL_EXT_robustness GL_OES_EGL_image GL_OES_EGL_image_external GL_OES_depth24 GL_OES_depth32 GL_OES_element_index_uint GL_OES_texture_float GL_OES_texture_float_linear GL_OES_compressed_ETC1_RGB8_texture GL_OES_depth_texture GL_OES_texture_half_float GL_OES_texture_half_float_linear GL_OES_packed_depth_stencil GL_OES_texture_npot GL_OES_rgb8_rgba8 GL_EXT_color_buffer_half_float GL_EXT_texture_format_BGRA8888 ANDROID_EMU_CHECKSUM_HELPER_v1 ANDROID_EMU_dma_v1 ANDROID_EMU_YUV420_888_to_NV21 ANDROID_EMU_YUV_Cache ANDROID_EMU_async_unmap_buffer GL_OES_vertex_array_object GL_KHR_texture_compression_astc_ldr ANDROID_EMU_gles_max_version_2 
08-26 20:36:38.880  1767  1767 I SurfaceFlinger: GL_MAX_TEXTURE_SIZE = 32768
08-26 20:36:38.880  1767  1767 I SurfaceFlinger: GL_MAX_VIEWPORT_DIMS = 32768
08-26 20:36:38.883  1775  1775 V MediaUtils: physMem: 1567367168
08-26 20:36:38.883  1775  1775 V MediaUtils: requested limit: 313473420
08-26 20:36:38.883  1775  1775 V MediaUtils: cfi shadow size: 32768
08-26 20:36:38.883  1775  1775 V MediaUtils: actual limit: 313506188
08-26 20:36:38.883  1775  1775 V MediaUtils: original limits: 4294967295/4294967295
08-26 20:36:38.883  1775  1775 V MediaUtils: new limits: 313506188/4294967295
08-26 20:36:38.884  1777  1777 W BatteryNotifier: batterystats service unavailable!
08-26 20:36:38.885  1775  1775 W /system/bin/mediaextractor: Could not read additional policy file '/vendor/etc/seccomp_policy/mediaextractor.policy'
08-26 20:36:38.885  1775  1775 W mediaextractor: libminijail[1775]: failed to get path of fd 5: No such file or directory
08-26 20:36:38.885  1775  1775 W mediaextractor: libminijail[1775]: allowing syscall: socketcall
08-26 20:36:38.885  1775  1775 W mediaextractor: libminijail[1775]: allowing syscall: writev
08-26 20:36:38.885  1775  1775 W mediaextractor: libminijail[1775]: allowing syscall: fcntl64
08-26 20:36:38.885  1775  1775 W mediaextractor: libminijail[1775]: allowing syscall: clock_gettime
08-26 20:36:38.885  1775  1775 W mediaextractor: libminijail[1775]: logging seccomp filter failures
08-26 20:36:38.885  1648  1693 D gralloc_ranchu: gralloc_alloc: Creating ashmem region of size 8298496
08-26 20:36:38.885  1776  1776 I mediametrics: ServiceManager: 0xe849a6e0
08-26 20:36:38.885  1776  1776 D MediaAnalyticsService: MediaAnalyticsService created
08-26 20:36:38.891  1778  1778 I Netd    : Creating child chains: 46.4ms
08-26 20:36:38.891  1778  1778 I Netd    : Setting up OEM hooks: 0.1ms
08-26 20:36:38.892  1778  1778 I Netd    : Setting up FirewallController hooks: 1.4ms
08-26 20:36:38.893  1767  1767 D HostConnection: createUnique: call
08-26 20:36:38.893  1767  1767 D HostConnection: HostConnection::get() New Host Connection established 0xedd25a90, tid 1767
08-26 20:36:38.893  1778  1778 I Netd    : Setting up TetherController hooks: 0.9ms
08-26 20:36:38.894  1778  1778 I Netd    : Setting up BandwidthController hooks: 0.6ms
08-26 20:36:38.894  1778  1778 I Netd    : Setting up IdletimerController hooks: 0.0ms
08-26 20:36:38.894  1778  1778 I Netd    : initializing traffic control: 0.0ms
08-26 20:36:38.895  1778  1778 I Netd    : Disabling bandwidth control: 1.5ms
08-26 20:36:38.895  1778  1778 E Netd    : cannot find interface dummy0
08-26 20:36:38.896  1778  1778 I Netd    : Initializing RouteController: 0.3ms
08-26 20:36:38.896  1778  1778 D XfrmController: Sending Netlink XFRM Message: XFRM_MSG_FLUSHSA
08-26 20:36:38.896  1778  1778 D XfrmController: Sending Netlink XFRM Message: XFRM_MSG_FLUSHPOLICY
08-26 20:36:38.896  1778  1778 I Netd    : Initializing XfrmController: 0.1ms
08-26 20:36:38.896  1778  1778 E Netd    : Unable to create netlink socket: Protocol not supported
08-26 20:36:38.896  1778  1778 W Netd    : Unable to open qlog quota socket, check if xt_quota2 can send via UeventHandler
08-26 20:36:38.896  1778  1778 D MDnsDS  : MDnsSdListener::Hander starting up
08-26 20:36:38.897  1778  1858 D MDnsDS  : MDnsSdListener starting to monitor
08-26 20:36:38.897  1778  1858 D MDnsDS  : Going to poll with pollCount 1
08-26 20:36:38.897  1778  1778 I Netd    : Registering NetdNativeService: 0.4ms
08-26 20:36:38.897  1778  1778 I Netd    : Starting CommandListener: 0.0ms
08-26 20:36:38.898  1778  1778 I Netd    : Registering NetdHwService: 0.8ms
08-26 20:36:38.898  1778  1778 I Netd    : Netd started in 56ms
08-26 20:36:38.898  1767  1767 D HostConnection: HostComposition ext ANDROID_EMU_CHECKSUM_HELPER_v1 ANDROID_EMU_dma_v1 ANDROID_EMU_YUV420_888_to_NV21 ANDROID_EMU_YUV_Cache ANDROID_EMU_async_unmap_buffer GL_OES_vertex_array_object GL_KHR_texture_compression_astc_ldr ANDROID_EMU_gles_max_version_2 
08-26 20:36:38.898  1767  1767 E eglCodecCommon: GoldfishAddressSpaceHostMemoryAllocator: ioctl_ping failed for device_type=5, ret=-1
08-26 20:36:38.899  1767  1767 E HWComposer: getSupportedPerFrameMetadata: getSupportedPerFrameMetadata failed for display 0: Unsupported (8)
08-26 20:36:38.899  1648  1693 D gralloc_ranchu: gralloc_alloc: Creating ashmem region of size 8298496
08-26 20:36:38.910  1648  1648 D gralloc_ranchu: gralloc_alloc: Creating ashmem region of size 8298496
08-26 20:36:38.918  1767  1767 D EGL_emulation: eglMakeCurrent: 0xedd20ae0: ver 2 0 (tinfo 0xedd1c310)
08-26 20:36:38.929  1807  1807 E patchoat: Unable to open relocated image file  /data/dalvik-cache/x86/system@framework@boot.art
08-26 20:36:38.930  1768  1768 W zygote  : Failed execv(/system/bin/patchoat --input-image-location=/system/framework/boot.art --output-image-directory=/data/dalvik-cache/x86 --instruction-set=x86 --verify) because non-0 exit status Preemptively pruning the dalvik cache.
08-26 20:36:38.930  1768  1768 I zygote  : Pruning dalvik-cache since we are relocating an image and will need to recompile
08-26 20:36:38.930  1768  1768 I zygote  : RelocateImage: /system/bin/patchoat --input-image-location=/system/framework/boot.art --output-image-directory=/data/dalvik-cache/x86 --instruction-set=x86 --base-offset-delta=12693504
08-26 20:36:38.948  1767  1767 D SurfaceFlinger: shader cache generated - 24 shaders in 30.090101 ms
08-26 20:36:38.951  1767  1767 D SurfaceFlinger: Set power mode=2, type=0 flinger=0xedd43000
08-26 20:36:38.951  1767  1767 D SurfaceFlinger: Finished set power mode=2, type=0
08-26 20:36:38.997  1877  1877 E netmgr  : Failed to open QEMU pipe 'qemud:network': Invalid argument
08-26 20:36:38.997  1877  1877 E netmgr  : WifiForwarder unable to open QEMU pipe: Invalid argument
08-26 20:36:39.039  1767  1806 E SurfaceFlinger: ro.sf.lcd_density must be defined as a build property
08-26 20:36:39.040  1872  1881 D libEGL  : Emulator has host GPU support, qemu.gles is set to 1.
08-26 20:36:39.041  1872  1881 E vndksupport: Could not load /vendor/lib/egl/libGLES_emulation.so from sphal namespace: dlopen failed: library "/vendor/lib/egl/libGLES_emulation.so" not found.
08-26 20:36:39.041  1872  1881 E libEGL  : load_driver(/vendor/lib/egl/libGLES_emulation.so): unknown
08-26 20:36:39.045  1872  1881 D libEGL  : loaded /vendor/lib/egl/libEGL_emulation.so
08-26 20:36:39.045  1872  1881 D libEGL  : loaded /vendor/lib/egl/libGLESv1_CM_emulation.so
08-26 20:36:39.057  1872  1881 D libEGL  : loaded /vendor/lib/egl/libGLESv2_emulation.so
08-26 20:36:39.065  1872  1881 D HostConnection: HostConnection::get() New Host Connection established 0xe7b214a0, tid 1881
08-26 20:36:39.071  1872  1881 D HostConnection: HostComposition ext ANDROID_EMU_CHECKSUM_HELPER_v1 ANDROID_EMU_dma_v1 ANDROID_EMU_YUV420_888_to_NV21 ANDROID_EMU_YUV_Cache ANDROID_EMU_async_unmap_buffer GL_OES_vertex_array_object GL_KHR_texture_compression_astc_ldr ANDROID_EMU_gles_max_version_2 
08-26 20:36:39.072  1872  1881 I ConfigStore: android::hardware::configstore::V1_0::ISurfaceFlingerConfigs::hasWideColorDisplay retrieved: 0
08-26 20:36:39.072  1872  1881 I ConfigStore: android::hardware::configstore::V1_0::ISurfaceFlingerConfigs::hasHDRDisplay retrieved: 0
08-26 20:36:39.072  1648  1648 D gralloc_ranchu: gralloc_alloc: Creating ashmem region of size 8298496
08-26 20:36:39.090  1872  1881 D HostConnection: createUnique: call
08-26 20:36:39.090  1872  1881 D HostConnection: HostConnection::get() New Host Connection established 0xe7b214f0, tid 1881
08-26 20:36:39.095  1872  1881 D HostConnection: HostComposition ext ANDROID_EMU_CHECKSUM_HELPER_v1 ANDROID_EMU_dma_v1 ANDROID_EMU_YUV420_888_to_NV21 ANDROID_EMU_YUV_Cache ANDROID_EMU_async_unmap_buffer GL_OES_vertex_array_object GL_KHR_texture_compression_astc_ldr ANDROID_EMU_gles_max_version_2 
08-26 20:36:39.095  1872  1881 E eglCodecCommon: GoldfishAddressSpaceHostMemoryAllocator: ioctl_ping failed for device_type=5, ret=-1
08-26 20:36:39.096  1872  1881 D eglCodecCommon: setVertexArrayObject: set vao to 0 (0) 0 0
08-26 20:36:39.096  1872  1881 D EGL_emulation: eglCreateContext: 0xe7b194e0: maj 1 min 0 rcv 1
08-26 20:36:39.123  1872  1881 D EGL_emulation: eglMakeCurrent: 0xe7b194e0: ver 1 0 (tinfo 0xe7b0f0b0)
08-26 20:36:39.129  1872  1881 D BootAnimation: BootAnimationShownTiming start time: 9129ms
08-26 20:36:39.129  1872  1899 E BootAnimation: Could not add watch for /data/system
08-26 20:36:39.141  1648  1648 D gralloc_ranchu: gralloc_alloc: Creating ashmem region of size 8298496
08-26 20:36:39.143  1767  1767 I SurfaceFlinger: Enter boot animation
08-26 20:36:39.143  1790  1834 E eglCodecCommon: GoldfishAddressSpaceHostMemoryAllocator: ioctl_ping failed for device_type=5, ret=-1
08-26 20:36:39.260  1768  1768 W zygote  : CheckJNI: method to register "write" not in the given class. This is slow, consider changing your RegisterNatives calls.
08-26 20:36:39.260  1768  1768 I chatty  : uid=0(root) main identical 49 lines
08-26 20:36:39.260  1768  1768 W zygote  : CheckJNI: method to register "write" not in the given class. This is slow, consider changing your RegisterNatives calls.
08-26 20:36:39.260  1768  1768 W zygote  : CheckJNI: method to register "write_non_chained" not in the given class. This is slow, consider changing your RegisterNatives calls.
08-26 20:36:39.261  1768  1768 W zygote  : CheckJNI: method to register "write_non_chained" not in the given class. This is slow, consider changing your RegisterNatives calls.
08-26 20:36:39.332  1768  1768 D Zygote  : begin preload
08-26 20:36:39.332  1768  1768 I Zygote  : Installing ICU cache reference pinning...
08-26 20:36:39.332  1768  1768 I Zygote  : Preloading ICU data...
08-26 20:36:39.341  1918  1918 E hostapd : Configuration file: /data/vendor/wifi/hostapd/hostapd.conf
08-26 20:36:39.343  1918  1918 I hostapd : rfkill: Cannot get wiphy information
08-26 20:36:39.343  1918  1918 I hostapd : wlan1: interface state UNINITIALIZED->COUNTRY_UPDATE
08-26 20:36:39.364  1768  1768 I Zygote  : Preloading classes...
08-26 20:36:39.380  1768  1768 I PackageBackwardCompatibility: Loaded android.content.pm.OrgApacheHttpLegacyUpdater
08-26 20:36:39.380  1768  1768 I PackageBackwardCompatibility: Could not find android.content.pm.AndroidTestBaseUpdater, ignoring
08-26 20:36:39.678  1768  1768 E ActivityRecognitionHardware: activity_recognition HAL is deprecated. class_init is effectively a no-op
08-26 20:36:39.715  1768  1768 I zygote  : Thread[1,tid=1768,Native,Thread*=0xe555c000,peer=0x12c40088,"main"] recursive attempt to load library "/system/lib/libmedia_jni.so"
08-26 20:36:39.715  1768  1768 D MtpDeviceJNI: register_android_mtp_MtpDevice
08-26 20:36:39.716  1768  1768 I zygote  : Thread[1,tid=1768,Native,Thread*=0xe555c000,peer=0x12c40088,"main"] recursive attempt to load library "/system/lib/libmedia_jni.so"
08-26 20:36:39.716  1768  1768 I zygote  : Thread[1,tid=1768,Native,Thread*=0xe555c000,peer=0x12c40088,"main"] recursive attempt to load library "/system/lib/libmedia_jni.so"
08-26 20:36:39.795  1780  1850 I ServiceManager: Waiting for service package_native...
08-26 20:36:40.026  1768  1768 I Zygote  : ...preloaded 6535 classes in 662ms.
08-26 20:36:40.026  1768  1768 I zygote  : VMRuntime.preloadDexCaches starting
08-26 20:36:40.040  1768  1768 I zygote  : VMRuntime.preloadDexCaches strings total=339033 before=12306 after=12306
08-26 20:36:40.040  1768  1768 I zygote  : VMRuntime.preloadDexCaches types total=31350 before=7821 after=7822
08-26 20:36:40.040  1768  1768 I zygote  : VMRuntime.preloadDexCaches fields total=140738 before=9181 after=9181
08-26 20:36:40.040  1768  1768 I zygote  : VMRuntime.preloadDexCaches methods total=247730 before=12783 after=12783
08-26 20:36:40.040  1768  1768 I zygote  : VMRuntime.preloadDexCaches finished
08-26 20:36:40.157  1768  1768 I Zygote  : Preloading resources...
08-26 20:36:40.166  1768  1768 W Resources: Preloaded drawable resource #0x1080265 (android:drawable/dialog_background_material) that varies with configuration!!
08-26 20:36:40.174  1768  1768 I Zygote  : ...preloaded 64 resources in 17ms.
08-26 20:36:40.176  1768  1768 I Zygote  : ...preloaded 41 resources in 2ms.
08-26 20:36:40.179  1768  1768 D libEGL  : Emulator has host GPU support, qemu.gles is set to 1.
08-26 20:36:40.179  1768  1768 E vndksupport: Could not load /vendor/lib/egl/libGLES_emulation.so from sphal namespace: dlopen failed: library "/vendor/lib/egl/libGLES_emulation.so" not found.
08-26 20:36:40.179  1768  1768 E libEGL  : load_driver(/vendor/lib/egl/libGLES_emulation.so): unknown
08-26 20:36:40.181  1768  1768 D libEGL  : loaded /vendor/lib/egl/libEGL_emulation.so
08-26 20:36:40.181  1768  1768 D libEGL  : loaded /vendor/lib/egl/libGLESv1_CM_emulation.so
08-26 20:36:40.189  1768  1768 D libEGL  : loaded /vendor/lib/egl/libGLESv2_emulation.so
08-26 20:36:40.196  1768  1768 I Zygote  : Preloading shared libraries...
08-26 20:36:40.202  1768  1768 I Zygote  : Uninstalled ICU cache reference pinning...
08-26 20:36:40.203  1768  1768 I Zygote  : Installed AndroidKeyStoreProvider in 1ms.
08-26 20:36:40.206  1768  1768 I Zygote  : Warmed up JCA providers in 3ms.
08-26 20:36:40.206  1768  1768 D Zygote  : end preload
08-26 20:36:40.206  1768  1768 I zygote  : Waiting for a blocking GC Explicit
08-26 20:36:40.213  1768  1768 I zygote  : WaitForGcToComplete blocked Explicit on None for 7.153ms
08-26 20:36:40.218  1768  1768 I zygote  : Explicit concurrent copying GC freed 606(33KB) AllocSpace objects, 0(0B) LOS objects, 72% free, 2MB/8MB, paused 7us total 5.196ms
08-26 20:36:40.224  1768  1768 I zygote  : Explicit concurrent copying GC freed 1138(79KB) AllocSpace objects, 0(0B) LOS objects, 73% free, 2MB/8MB, paused 6us total 4.962ms
08-26 20:36:40.283  1768  1768 I Zygote  : System server process 1926 has been created
08-26 20:36:40.285  1768  1768 I Zygote  : Accepting command socket connections
08-26 20:36:40.288  1926  1926 E system_server: Not starting debugger since process cannot load the jdwp agent.
08-26 20:36:40.311  1926  1926 I system_server: The ClassLoaderContext is a special shared library.
08-26 20:36:40.325  1926  1926 I chatty  : uid=1000 system_server identical 91 lines
08-26 20:36:40.326  1926  1926 I system_server: The ClassLoaderContext is a special shared library.
08-26 20:36:40.341  1915  1915 E ipv6proxy: Failed to forward Router Advertisement from eth0 to wlan1: Cannot assign requested address
08-26 20:36:40.341  1915  1915 E ipv6proxy: Failed to forward Router Advertisement from eth0 to radio0-peer: Cannot assign requested address
08-26 20:36:40.360  1926  1926 I SystemServer: InitBeforeStartServices
08-26 20:36:40.360  1926  1926 W SystemServer: Timezone not set; setting to GMT.
08-26 20:36:40.369  1926  1926 I SystemServer: Entered the Android system server!
08-26 20:36:40.475  1926  1926 E UsbAlsaJackDetectorJNI: Can't register UsbAlsaJackDetector native methods
08-26 20:36:40.488  1926  1926 I SystemServer: StartServices
08-26 20:36:40.488  1926  1926 I SystemServer: Reading configuration...
08-26 20:36:40.488  1926  1926 I SystemServer: ReadingSystemConfig
08-26 20:36:40.488  1926  1926 I SystemServer: StartInstaller
08-26 20:36:40.488  1926  1926 I SystemServiceManager: Starting com.android.server.pm.Installer
08-26 20:36:40.491  1772  1811 D installd: Found quota mount /dev/block/dm-1 at /data
08-26 20:36:40.491  1926  1926 I SystemServer: DeviceIdentifiersPolicyService
08-26 20:36:40.491  1926  1926 I SystemServiceManager: Starting com.android.server.os.DeviceIdentifiersPolicyService
08-26 20:36:40.492  1926  1926 I SystemServer: StartActivityManager
08-26 20:36:40.492  1926  1926 I SystemServiceManager: Starting com.android.server.am.ActivityManagerService$Lifecycle
08-26 20:36:40.513  1926  1926 I ActivityManager: Memory class: 384
08-26 20:36:40.530  1926  1926 D BatteryStatsImpl: Reading daily items from /data/system/batterystats-daily.xml
08-26 20:36:40.534  1926  1945 E BluetoothAdapter: Bluetooth binder is null
08-26 20:36:40.537  1926  1945 E BatteryExternalStatsWorker: no controller energy info supplied for telephony
08-26 20:36:40.538  1926  1945 E KernelUidCpuFreqTimeReader: Failed to read /proc/uid_time_in_state: java.io.FileNotFoundException: /proc/uid_time_in_state (No such file or directory)
08-26 20:36:40.542  1926  1945 W KernelCpuProcReader: File not exist: /proc/uid_cpupower/concurrent_active_time
08-26 20:36:40.542  1926  1945 W KernelCpuProcReader: File not exist: /proc/uid_cpupower/concurrent_policy_time
08-26 20:36:40.543  1926  1945 W KernelMemoryBandwidthStats: No kernel memory bandwidth stats available
08-26 20:36:40.544  1926  1945 I PowerManagerService-JNI: Loaded power HAL 1.0 service
08-26 20:36:40.544  1926  1945 I PowerManagerService-JNI: Loaded power HAL 1.1 service
08-26 20:36:40.544  1926  1945 E KernelUidCpuFreqTimeReader: Failed to read /proc/uid_time_in_state: java.io.FileNotFoundException: /proc/uid_time_in_state (No such file or directory)
08-26 20:36:40.551  1585  1585 W hwservicemanager: getTransport: Cannot find entry android.hardware.memtrack@1.0::IMemtrack/default in either framework or device manifest.
08-26 20:36:40.551  1926  1926 E memtrack: Couldn't load memtrack module
08-26 20:36:40.551  1926  1926 W android.os.Debug: failed to get memory consumption info: -1
08-26 20:36:40.553  1926  1926 I AppOps  : No existing app ops /data/system/appops.xml; starting empty
08-26 20:36:40.570  1926  1926 I IntentFirewall: Read new rules (A:0 B:0 S:0)
08-26 20:36:40.577  1926  1926 W libprocessgroup: Failed to remove /acct/uid_0/pid_1202: Device or resource busy
08-26 20:36:40.577  1926  1926 W libprocessgroup: Failed to remove /acct/uid_0/pid_1594: Device or resource busy
08-26 20:36:40.577  1926  1926 W libprocessgroup: Failed to remove /acct/uid_0/pid_1636: Device or resource busy
08-26 20:36:40.577  1926  1926 W libprocessgroup: Failed to remove /acct/uid_0/pid_1655: Device or resource busy
08-26 20:36:40.577  1926  1926 W libprocessgroup: Failed to remove /acct/uid_0/pid_1657: Device or resource busy
08-26 20:36:40.577  1926  1926 W libprocessgroup: Failed to remove /acct/uid_0/pid_1768: Device or resource busy
08-26 20:36:40.577  1926  1926 W libprocessgroup: Failed to remove /acct/uid_0/pid_1772: Device or resource busy
08-26 20:36:40.577  1926  1926 W libprocessgroup: Failed to remove /acct/uid_0/pid_1778: Device or resource busy
08-26 20:36:40.577  1926  1926 W libprocessgroup: Failed to remove /acct/uid_0/pid_1780: Device or resource busy
08-26 20:36:40.577  1926  1926 W libprocessgroup: Failed to remove /acct/uid_0/pid_1784: Device or resource busy
08-26 20:36:40.577  1926  1926 W libprocessgroup: Failed to remove /acct/uid_0/pid_1877: Device or resource busy
08-26 20:36:40.577  1926  1926 W libprocessgroup: Failed to remove /acct/uid_0/pid_1902: Device or resource busy
08-26 20:36:40.577  1926  1926 W libprocessgroup: Failed to remove /acct/uid_0/pid_1915: Device or resource busy
08-26 20:36:40.577  1926  1926 W libprocessgroup: Failed to remove /acct/uid_0/pid_1918: Device or resource busy
08-26 20:36:40.577  1926  1926 W libprocessgroup: Failed to remove /acct/uid_0/pid_1920: Device or resource busy
08-26 20:36:40.577  1926  1926 W libprocessgroup: Failed to remove /acct/uid_0: Permission denied
08-26 20:36:40.577  1926  1926 W libprocessgroup: Failed to remove /acct/uid_1000/pid_1584: Device or resource busy
08-26 20:36:40.577  1926  1926 W libprocessgroup: Failed to remove /acct/uid_1000/pid_1585: Device or resource busy
08-26 20:36:40.577  1926  1926 W libprocessgroup: Failed to remove /acct/uid_1000/pid_1586: Device or resource busy
08-26 20:36:40.577  1926  1926 W libprocessgroup: Failed to remove /acct/uid_1000/pid_1592: Device or resource busy
08-26 20:36:40.577  1926  1926 W libprocessgroup: Failed to remove /acct/uid_1000/pid_1635: Device or resource busy
08-26 20:36:40.577  1926  1926 W libprocessgroup: Failed to remove /acct/uid_1000/pid_1637: Device or resource busy
08-26 20:36:40.577  1926  1926 W libprocessgroup: Failed to remove /acct/uid_1000/pid_1642: Device or resource busy
08-26 20:36:40.577  1926  1926 W libprocessgroup: Failed to remove /acct/uid_1000/pid_1646: Device or resource busy
08-26 20:36:40.577  1926  1926 W libprocessgroup: Failed to remove /acct/uid_1000/pid_1648: Device or resource busy
08-26 20:36:40.577  1926  1926 W libprocessgroup: Failed to remove /acct/uid_1000/pid_1650: Device or resource busy
08-26 20:36:40.577  1926  1926 W libprocessgroup: Failed to remove /acct/uid_1000/pid_1651: Device or resource busy
08-26 20:36:40.577  1926  1926 W libprocessgroup: Failed to remove /acct/uid_1000/pid_1652: Device or resource busy
08-26 20:36:40.577  1926  1926 W libprocessgroup: Failed to remove /acct/uid_1000/pid_1659: Device or resource busy
08-26 20:36:40.578  1926  1926 W libprocessgroup: Failed to remove /acct/uid_1000/pid_1767: Device or resource busy
08-26 20:36:40.578  1926  1926 W libprocessgroup: Failed to remove /acct/uid_1000/pid_1785: Device or resource busy
08-26 20:36:40.578  1926  1926 W libprocessgroup: Failed to remove /acct/uid_1000/pid_1788: Device or resource busy
08-26 20:36:40.578  1926  1926 W libprocessgroup: Failed to remove /acct/uid_1000/pid_1790: Device or resource busy
08-26 20:36:40.578  1926  1926 W libprocessgroup: Failed to remove /acct/uid_1000: Permission denied
08-26 20:36:40.578  1926  1926 W libprocessgroup: Failed to remove /acct/uid_1001/pid_1783: Device or resource busy
08-26 20:36:40.578  1926  1926 W libprocessgroup: Failed to remove /acct/uid_1001: Permission denied
08-26 20:36:40.578  1926  1926 W libprocessgroup: Failed to remove /acct/uid_1003/pid_1872: Device or resource busy
08-26 20:36:40.578  1926  1926 W libprocessgroup: Failed to remove /acct/uid_1003: Permission denied
08-26 20:36:40.578  1926  1926 W libprocessgroup: Failed to remove /acct/uid_1010/pid_1653: Device or resource busy
08-26 20:36:40.578  1926  1926 W libprocessgroup: Failed to remove /acct/uid_1010/pid_1781: Device or resource busy
08-26 20:36:40.578  1926  1926 W libprocessgroup: Failed to remove /acct/uid_1010: Permission denied
08-26 20:36:40.578  1926  1926 W libprocessgroup: Failed to remove /acct/uid_1013/pid_1641: Device or resource busy
08-26 20:36:40.578  1926  1926 W libprocessgroup: Failed to remove /acct/uid_1013/pid_1643: Device or resource busy
08-26 20:36:40.578  1926  1926 W libprocessgroup: Failed to remove /acct/uid_1013/pid_1644: Device or resource busy
08-26 20:36:40.578  1926  1926 W libprocessgroup: Failed to remove /acct/uid_1013/pid_1645: Device or resource busy
08-26 20:36:40.578  1926  1926 W libprocessgroup: Failed to remove /acct/uid_1013/pid_1774: Device or resource busy
08-26 20:36:40.578  1926  1926 W libprocessgroup: Failed to remove /acct/uid_1013/pid_1776: Device or resource busy
08-26 20:36:40.578  1926  1926 W libprocessgroup: Failed to remove /acct/uid_1013/pid_1777: Device or resource busy
08-26 20:36:40.578  1926  1926 W libprocessgroup: Failed to remove /acct/uid_1013: Permission denied
08-26 20:36:40.578  1926  1926 W libprocessgroup: Failed to remove /acct/uid_1017/pid_1773: Device or resource busy
08-26 20:36:40.578  1926  1926 W libprocessgroup: Failed to remove /acct/uid_1017: Permission denied
08-26 20:36:40.578  1926  1926 W libprocessgroup: Failed to remove /acct/uid_1019/pid_1770: Device or resource busy
08-26 20:36:40.578  1926  1926 W libprocessgroup: Failed to remove /acct/uid_1019: Permission denied
08-26 20:36:40.578  1926  1926 W libprocessgroup: Failed to remove /acct/uid_1021/pid_1647: Device or resource busy
08-26 20:36:40.578  1926  1926 W libprocessgroup: Failed to remove /acct/uid_1021: Permission denied
08-26 20:36:40.578  1926  1926 W libprocessgroup: Failed to remove /acct/uid_1036/pid_1583: Device or resource busy
08-26 20:36:40.578  1926  1926 W libprocessgroup: Failed to remove /acct/uid_1036/pid_1660: Device or resource busy
08-26 20:36:40.578  1926  1926 W libprocessgroup: Failed to remove /acct/uid_1036: Permission denied
08-26 20:36:40.578  1926  1926 W libprocessgroup: Failed to remove /acct/uid_1040/pid_1775: Device or resource busy
08-26 20:36:40.578  1926  1926 W libprocessgroup: Failed to remove /acct/uid_1040: Permission denied
08-26 20:36:40.578  1926  1926 W libprocessgroup: Failed to remove /acct/uid_1041/pid_1638: Device or resource busy
08-26 20:36:40.578  1926  1926 W libprocessgroup: Failed to remove /acct/uid_1041/pid_1639: Device or resource busy
08-26 20:36:40.578  1926  1926 W libprocessgroup: Failed to remove /acct/uid_1041/pid_1656: Device or resource busy
08-26 20:36:40.578  1926  1926 W libprocessgroup: Failed to remove /acct/uid_1041: Permission denied
08-26 20:36:40.578  1926  1926 W libprocessgroup: Failed to remove /acct/uid_1046/pid_1782: Device or resource busy
08-26 20:36:40.578  1926  1926 W libprocessgroup: Failed to remove /acct/uid_1046: Permission denied
08-26 20:36:40.578  1926  1926 W libprocessgroup: Failed to remove /acct/uid_1047/pid_1640: Device or resource busy
08-26 20:36:40.578  1926  1926 W libprocessgroup: Failed to remove /acct/uid_1047/pid_1769: Device or resource busy
08-26 20:36:40.578  1926  1926 W libprocessgroup: Failed to remove /acct/uid_1047: Permission denied
08-26 20:36:40.579  1926  1926 W libprocessgroup: Failed to remove /acct/uid_1058/pid_1786: Device or resource busy
08-26 20:36:40.579  1926  1926 W libprocessgroup: Failed to remove /acct/uid_1058: Permission denied
08-26 20:36:40.579  1926  1926 W libprocessgroup: Failed to remove /acct/uid_1066/pid_1779: Device or resource busy
08-26 20:36:40.579  1926  1926 W libprocessgroup: Failed to remove /acct/uid_1066: Permission denied
08-26 20:36:40.579  1926  1926 W libprocessgroup: Failed to remove /acct/uid_1067/pid_1771: Device or resource busy
08-26 20:36:40.579  1926  1926 W libprocessgroup: Failed to remove /acct/uid_1067: Permission denied
08-26 20:36:40.579  1926  1926 D AppOps  : AppOpsService published
08-26 20:36:40.579  1926  1926 I SystemServer: StartPowerManager
08-26 20:36:40.579  1926  1926 I SystemServiceManager: Starting com.android.server.power.PowerManagerService
08-26 20:36:40.588  1926  1926 I SystemServer: InitPowerManagement
08-26 20:36:40.588  1926  1926 I SystemServer: StartRecoverySystemService
08-26 20:36:40.588  1926  1926 I SystemServiceManager: Starting com.android.server.RecoverySystemService
08-26 20:36:40.591  1926  1926 W RescueParty: Noticed 1 events for UID 0 in last 10 sec
08-26 20:36:40.591  1926  1926 I SystemServer: StartLightsService
08-26 20:36:40.591  1926  1926 I SystemServiceManager: Starting com.android.server.lights.LightsService
08-26 20:36:40.594  1926  1926 I SystemServer: StartSidekickService
08-26 20:36:40.594  1926  1926 I SystemServer: StartDisplayManager
08-26 20:36:40.594  1926  1926 I SystemServiceManager: Starting com.android.server.display.DisplayManagerService
08-26 20:36:40.597  1926  1926 I SystemServer: WaitForDisplay
08-26 20:36:40.597  1926  1926 I SystemServiceManager: Starting phase 100
08-26 20:36:40.599  1767  1805 E SurfaceFlinger: ro.sf.lcd_density must be defined as a build property
08-26 20:36:40.600  1926  1949 E LocalDisplayAdapter: Default and active color mode is no longer available! Reverting to first available mode.
08-26 20:36:40.605  1926  1949 I DisplayManagerService: Display device added: DisplayDeviceInfo{"Built-in Screen": uniqueId="local:0", 1080 x 1920, modeId 1, defaultModeId 1, supportedModes [{id=1, width=1080, height=1920, fps=60.000004}], colorMode -1, supportedColorModes [-1], HdrCapabilities android.view.Display$HdrCapabilities@40f16308, density 420, 420.0 x 420.0 dpi, appVsyncOff 1000000, presDeadline 16666666, touch INTERNAL, rotation 0, type BUILT_IN, state UNKNOWN, FLAG_DEFAULT_DISPLAY, FLAG_ROTATES_WITH_CONTENT, FLAG_SECURE, FLAG_SUPPORTS_PROTECTED_BUFFERS}
08-26 20:36:40.607  1767  1767 D SurfaceFlinger: Set power mode=2, type=0 flinger=0xedd43000
08-26 20:36:40.607  1585  1585 W hwservicemanager: getTransport: Cannot find entry android.hardware.light@2.0::ILight/default in either framework or device manifest.
08-26 20:36:40.608  1926  1949 E LightsService: Unable to get ILight interface.
08-26 20:36:40.608  1926  1949 I DisplayManagerService: Display device changed state: "Built-in Screen", ON
08-26 20:36:40.608  1926  1926 I SystemServer: StartPackageManagerService
08-26 20:36:40.633  1926  1926 W FileUtils: Failed to chmod(/data/system/packages.list): android.system.ErrnoException: chmod failed: ENOENT (No such file or directory)
08-26 20:36:40.636  1926  1926 D SELinuxMMAC: Using policy file /system/etc/selinux/plat_mac_permissions.xml
08-26 20:36:40.637  1926  1926 D SELinuxMMAC: Using policy file /vendor/etc/selinux/vendor_mac_permissions.xml
08-26 20:36:40.639  1926  1926 D FallbackCategoryProvider: Found 387 fallback categories
08-26 20:36:40.640  1926  1926 I PackageManager: No settings file; creating initial state
08-26 20:36:40.686  1926  1926 I PackageManager: /vendor/overlay/DisplayCutoutEmulationCorner changed; collecting certs
08-26 20:36:40.693  1648  1648 D gralloc_ranchu: gralloc_alloc: Creating ashmem region of size 8298496
08-26 20:36:40.710  1926  1926 I PackageManager: /vendor/overlay/SysuiDarkTheme changed; collecting certs
08-26 20:36:40.712  1926  1926 I PackageManager: /vendor/overlay/DisplayCutoutEmulationEmu01 changed; collecting certs
08-26 20:36:40.714  1926  1926 I PackageManager: /vendor/overlay/DisplayCutoutEmulationTall changed; collecting certs
08-26 20:36:40.716  1926  1926 I PackageManager: /vendor/overlay/DisplayCutoutEmulationDouble changed; collecting certs
08-26 20:36:40.718  1926  1926 D PackageManager: No files in app dir /product/overlay
08-26 20:36:40.720  1926  1926 W PackageManager: Failed to parse /system/framework/x86: Missing base APK in /system/framework/x86
08-26 20:36:40.722  1926  1926 W PackageManager: Failed to parse /system/framework/oat: Missing base APK in /system/framework/oat
08-26 20:36:40.738  1926  1926 I PackageManager: /system/framework/framework-res.apk changed; collecting certs
08-26 20:36:40.740  1926  1926 E PackageManager: Adding duplicate shared id: 1000 name=android
