08-26 20:36:44.031  1926  1926 W WallpaperManagerService: no current wallpaper -- first boot?
08-26 20:36:44.032  2049  2049 E .gms.persisten: Not starting debugger since process cannot load the jdwp agent.
08-26 20:36:44.033  1594  1682 V vold    : Waiting for FUSE to spin up...
08-26 20:36:44.034  1926  1940 E AutofillManagerServiceImpl: Bad AutofillService name: com.google.android.gms/.autofill.service.AutofillService
08-26 20:36:44.035  1926  2031 I AudioService: setBluetoothScoOnInt: false resetBluetoothSco
08-26 20:36:44.034  1926  1940 E AutofillManagerServiceImpl: Bad AutofillService name: com.google.android.gms/.autofill.service.AutofillService
08-26 20:36:44.035  1926  1926 I SystemServer: StartObservingNativeCrashes
08-26 20:36:44.035  1926  2031 E BluetoothAdapter: Bluetooth binder is null
08-26 20:36:44.036  1926  1970 I SystemServer: WebViewFactoryPreparation
08-26 20:36:44.036  1926  1926 I SystemServer: StartSystemUI
08-26 20:36:44.037  1926  1926 I SystemServer: MakeNetworkManagementServiceReady
08-26 20:36:44.037  1926  2031 E BluetoothAdapter: Bluetooth binder is null
08-26 20:36:44.038  1656  1656 I AudioFlinger: systemReady
08-26 20:36:44.039  2064  2064 W putmethod.lati: Unexpected CPU variant for X86 using defaults: x86
08-26 20:36:44.039  1926  1926 D NetworkManagement: enabling bandwidth control
08-26 20:36:44.040  2064  2064 E putmethod.lati: Not starting debugger since process cannot load the jdwp agent.
08-26 20:36:44.043  2059  2059 W sdcard  : Device explicitly enabled sdcardfs
08-26 20:36:44.048  1926  1943 I ActivityManager: Start proc 2064:com.google.android.inputmethod.latin/u0a72 for service com.google.android.inputmethod.latin/com.android.inputmethod.latin.LatinIME
08-26 20:36:44.054  1926  1926 W NetworkManagement: setDataSaverMode(): already false
08-26 20:36:44.056  1926  1926 I SystemServer: MakeIpSecServiceReady
08-26 20:36:44.057  2049  2049 I .gms.persisten: The ClassLoaderContext is a special shared library.
08-26 20:36:44.058  2049  2049 I .gms.persisten: The ClassLoaderContext is a special shared library.
08-26 20:36:44.058  2079  2079 W ndroid.systemu: Unexpected CPU variant for X86 using defaults: x86
08-26 20:36:44.058  2049  2049 I .gms.persisten: The ClassLoaderContext is a special shared library.
08-26 20:36:44.059  1926  1926 D IpSecService: IpSecService is ready
08-26 20:36:44.059  1926  1926 I SystemServer: MakeNetworkStatsServiceReady
08-26 20:36:44.060  1926  1926 W BestClock: java.time.DateTimeException: Missing NTP fix
08-26 20:36:44.060  1926  1943 I ActivityManager: Start proc 2079:com.android.systemui/u0a25 for service com.android.systemui/.SystemUIService
08-26 20:36:44.061  1926  1940 E AutofillManagerServiceImpl: Bad AutofillService name: com.google.android.gms/.autofill.service.AutofillService
08-26 20:36:44.062  2079  2079 E ndroid.systemu: Not starting debugger since process cannot load the jdwp agent.
08-26 20:36:44.063  1926  1970 D WebViewLibraryLoader: Setting new address space to 141300560
08-26 20:36:44.061  1926  1940 E AutofillManagerServiceImpl: Bad AutofillService name: com.google.android.gms/.autofill.service.AutofillService
08-26 20:36:44.066  1926  1945 E BatteryExternalStatsWorker: no controller energy info supplied for wifi
08-26 20:36:44.066  1926  1945 E BatteryExternalStatsWorker: no controller energy info supplied for telephony
08-26 20:36:44.069  1926  2017 W NetworkPolicy: setRestrictBackgroundUL: already false
08-26 20:36:44.069  1926  1926 I SystemServer: MakeConnectivityServiceReady
08-26 20:36:44.070  1775  1836 W MediaExtractorFactory: couldn't dlopen(/system/lib/extractors/.) Is a directory
08-26 20:36:44.071  2049  2049 I .gms.persisten: The ClassLoaderContext is a special shared library.
08-26 20:36:44.073  1926  1926 D PermissionMonitor: Monitoring
08-26 20:36:44.073  1926  2017 W BestClock: java.time.DateTimeException: Missing NTP fix
08-26 20:36:44.075  2064  2064 I putmethod.lati: The ClassLoaderContext is a special shared library.
08-26 20:36:44.076  2064  2064 I putmethod.lati: The ClassLoaderContext is a special shared library.
08-26 20:36:44.079  2079  2079 I ndroid.systemu: The ClassLoaderContext is a special shared library.
08-26 20:36:44.079  2097  2097 W WebViewLoader-: Unexpected CPU variant for X86 using defaults: x86
08-26 20:36:44.083  1926  1943 I ActivityManager: Start proc 2097:WebViewLoader-x86/1037 [android.webkit.WebViewLibraryLoader$RelroFileCreator] for 
08-26 20:36:44.087  1926  1926 D PermissionMonitor: Users: 1, Apps: 92
08-26 20:36:44.091  1926  1926 I SystemServer: MakeNetworkPolicyServiceReady
08-26 20:36:44.091  1926  1926 I SystemServer: StartWatchdog
08-26 20:36:44.092  1926  1926 I SystemServer: PhaseThirdPartyAppsCanStart
08-26 20:36:44.092  1926  1926 I SystemServiceManager: Starting phase 600
08-26 20:36:44.093  1926  1926 V WallpaperManagerService: bindWallpaperComponentLocked: componentName=null
08-26 20:36:44.093  1926  1926 V WallpaperManagerService: No default component; using image wallpaper
08-26 20:36:44.094  1926  2096 W ZygoteProcess: Got error connecting to zygote, retrying. msg= Connection refused
08-26 20:36:44.107  2097  2097 E WebViewLoader-: Not starting debugger since process cannot load the jdwp agent.
08-26 20:36:44.114  1775  1836 E linker  : library "/system/lib/extractors/.." ("/system/lib") needed or dlopened by "/system/lib/libstagefright.so" is not accessible for the namespace: [name="(default)", ld_library_paths="", default_library_paths="/system/lib", permitted_paths="/system/lib/drm:/system/lib/extractors:/system/lib/hw:/system/product/lib:/system/framework:/system/app:/system/priv-app:/vendor/framework:/vendor/app:/vendor/priv-app:/odm/framework:/odm/app:/odm/priv-app:/oem/app:/system/product/framework:/system/product/app:/system/product/priv-app:/data:/mnt/expand"]
08-26 20:36:44.114  1775  1836 W MediaExtractorFactory: couldn't dlopen(/system/lib/extractors/..) Is a directory
08-26 20:36:44.118  2106  2106 I WebViewZygoteInit: Starting WebViewZygoteInit
08-26 20:36:44.118  2106  2106 I WebViewZygoteInit: --zygote-socket=com.android.internal.os.WebViewZygoteInit/ab00f42b-c2ce-4649-ba87-8f0dd1d720bc
08-26 20:36:44.122  1775  1836 E MediaExtractorFactory: couldn't opendir(/vendor/lib/extractors)
08-26 20:36:44.123  1926  1926 I StatsCompanionService: Told statsd that StatsCompanionService is alive.
08-26 20:36:44.123  2097  2097 V WebViewLibraryLoader: RelroFileCreator (64bit = false), lib: /system/app/Chrome/Chrome.apk!/lib/x86/libmonochrome.so
08-26 20:36:44.125  1926  1926 I SystemServer: MakeLocationServiceReady
08-26 20:36:44.126  1585  1585 W hwservicemanager: getTransport: Cannot find entry android.hardware.gnss@1.1::IGnss/default in either framework or device manifest.
08-26 20:36:44.126  1926  1926 D GnssLocationProvider: gnssHal 1.1 was null, trying 1.0
08-26 20:36:44.130  1926  1926 I GnssLocationProvider: WakeLock acquired by sendMessage(INITIALIZE_HANDLER, 0, null)
08-26 20:36:44.131  1926  1940 D GnssLocationProvider: Link to death notification successful
08-26 20:36:44.131  1647  1647 I GnssHAL_GnssInterface: getExtensionXtra: GnssXtra interface not implemented by HAL
08-26 20:36:44.131  1647  1647 I GnssHAL_GnssInterface: getExtensionAGnssRil: GnssRil interface not implemented by HAL
08-26 20:36:44.132  1647  1647 E GnssHAL_GnssInterface: getExtensionAGnss: AGnss interface not implemented by HAL
08-26 20:36:44.132  1647  1647 I GnssHAL_GnssInterface: getExtensionGnssNavigationMessage: GnssNavigationMessage interface not implemented by HAL
08-26 20:36:44.132  1647  1647 E GnssHAL_GnssInterface: getExtensionGnssMeasurement: GnssMeasurement interface not implemented by HAL
08-26 20:36:44.132  1647  1647 I GnssHAL_GnssInterface: getExtensionGnssDebug: GnssDebug interface not implemented by HAL
08-26 20:36:44.134  1647  1647 I GnssHAL_GnssInterface: getExtensionGnssNi: GnssNi interface not implemented by HAL
08-26 20:36:44.134  1647  1647 E GnssHAL_GnssInterface: getExtensionGnssConfiguration: GnssConfiguration interface not implemented by HAL
08-26 20:36:44.134  1926  1926 W LocationProviderProxy-network: Odd, no component found for service com.android.location.service.v3.NetworkLocationProvider
08-26 20:36:44.134  1647  1647 E GnssHAL_GnssInterface: getExtensionGnssGeofencing: GnssGeofencing interface not implemented by HAL
08-26 20:36:44.134  1647  1647 E GnssHAL_GnssInterface: gnss flp hw_get_module failed: -2
08-26 20:36:44.134  1647  1647 E GnssHAL_GnssInterface: getExtensionGnssBatching: GnssBatching interface is not implemented by HAL
08-26 20:36:44.134  1926  1940 D GnssLocationProvider: gnssSetCapabilitesCb: 0u
08-26 20:36:44.135  1926  1940 D GnssLocationProvider: gnssSetSystemInfoCb: yearOfHw=2015
08-26 20:36:44.135  1926  1940 E GnssLocationProvider: Unable to initialize GNSS Xtra interface
08-26 20:36:44.135  1926  1940 I GnssLocationProvider: Unable to Initialize AGnss interface
08-26 20:36:44.135  1926  1940 I GnssLocationProvider: Unable to initialize GNSS Geofencing interface
08-26 20:36:44.135  1926  1940 I GnssLocationProvider: Unable to initialize GNSS NI interface
08-26 20:36:44.135  1926  1940 I GnssLocationProvider: Unable to Initialize AGnss Ril interface
08-26 20:36:44.135  1926  2037 I GnssLocationProvider: WakeLock acquired by sendMessage(REPORT_SV_STATUS, 0, com.android.server.location.GnssLocationProvider$SvStatusInfo@c21f08e)
08-26 20:36:44.135  1926  1926 W GeocoderProxy: Odd, no component found for service com.android.location.service.GeocodeProvider
08-26 20:36:44.136  1926  1926 W GeofenceProxy: Odd, no component found for service com.android.location.service.GeofenceProvider
08-26 20:36:44.136  1926  1926 E ActivityRecognitionHardware: activity_recognition HAL is deprecated. is_supported is effectively a no-op
08-26 20:36:44.136  1926  1926 D LocationManagerService: Hardware Activity-Recognition not supported.
08-26 20:36:44.136  1926  1926 W ActivityRecognitionProxy: Odd, no component found for service com.android.location.service.ActivityRecognitionProvider
08-26 20:36:44.136  1926  2037 I GnssLocationProvider: WakeLock acquired by sendMessage(REPORT_SV_STATUS, 0, com.android.server.location.GnssLocationProvider$SvStatusInfo@92e628f)
08-26 20:36:44.136  1926  1926 I GnssLocationProvider: WakeLock acquired by sendMessage(ENABLE, 1, null)
08-26 20:36:44.136  1926  1940 E GnssLocationProvider: no AGPS interface in set_agps_server
08-26 20:36:44.137  1926  1926 I SystemServer: MakeCountryDetectionServiceReady
08-26 20:36:44.137  1926  1926 I SystemServer: MakeNetworkTimeUpdateReady
08-26 20:36:44.137  1926  1940 I GnssLocationProvider: WakeLock released by handleMessage(INITIALIZE_HANDLER, 0, null)
08-26 20:36:44.137  1926  1940 I GnssLocationProvider: restartRequests
08-26 20:36:44.138  1926  1940 I GnssLocationProvider: WakeLock released by handleMessage(REPORT_SV_STATUS, 0, com.android.server.location.GnssLocationProvider$SvStatusInfo@c21f08e)
08-26 20:36:44.138  1926  1940 I GnssLocationProvider: WakeLock released by handleMessage(REPORT_SV_STATUS, 0, com.android.server.location.GnssLocationProvider$SvStatusInfo@92e628f)
08-26 20:36:44.138  1647  1647 W GnssHAL_GnssInterface: setCallback called more than once. Unexpected unless test.
08-26 20:36:44.138  1926  1940 D GnssLocationProvider: gnssSetSystemInfoCb: yearOfHw=2015
08-26 20:36:44.138  1926  1940 D GnssLocationProvider: gnssSetCapabilitesCb: 0u
08-26 20:36:44.138  1926  1940 D GnssLocationProvider: gnssSetSystemInfoCb: yearOfHw=2015
08-26 20:36:44.138  1926  1940 E GnssLocationProvider: Unable to initialize GNSS Xtra interface
08-26 20:36:44.138  1926  1940 I GnssLocationProvider: Unable to Initialize AGnss interface
08-26 20:36:44.138  1926  1940 I GnssLocationProvider: Unable to initialize GNSS Geofencing interface
08-26 20:36:44.138  1926  1940 I GnssLocationProvider: Unable to initialize GNSS NI interface
08-26 20:36:44.138  1926  1940 I GnssLocationProvider: Unable to Initialize AGnss Ril interface
08-26 20:36:44.138  1926  1940 E GnssLocationProvider: no AGPS interface in set_agps_server
08-26 20:36:44.138  1926  1940 E GnssBatchingProvider: Failed to initialize GNSS batching
08-26 20:36:44.139  1926  1940 I GnssLocationProvider: WakeLock released by handleMessage(ENABLE, 1, null)
08-26 20:36:44.139  1926  1940 I GnssLocationProvider: No GNSS Satellite Blacklist interface available
08-26 20:36:44.139  1926  1940 I GnssLocationProvider: restartRequests
08-26 20:36:44.139  1926  1935 I system_server: Background concurrent copying GC freed 34359(2MB) AllocSpace objects, 32(800KB) LOS objects, 42% free, 7MB/13MB, paused 2.040ms total 116.788ms
08-26 20:36:44.139  1926  1926 D ConnectivityService: requestNetwork for uid/pid:1000/1926 NetworkRequest [ TRACK_DEFAULT id=7, [ Capabilities: INTERNET&NOT_RESTRICTED&TRUSTED Unwanted:  Uid: 1000] ]
08-26 20:36:44.139  1926  1926 I SystemServer: MakeCommonTimeManagementServiceReady
08-26 20:36:44.140  1777  1833 D StagefrightPluginLoader: Failed to load library: libstagefright_ccodec.so (dlopen failed: library "libstagefright_ccodec.so" not found)
08-26 20:36:44.140  1777  1833 D StagefrightPluginLoader: Handle or CreateInputSurface symbol is null
08-26 20:36:44.140  1777  1833 D StagefrightPluginLoader: Handle or CreateBuilder symbol is null
08-26 20:36:44.142  1926  1926 I CommonTimeManagementService: No common time service detected on this platform.  Common time services will be unavailable.
08-26 20:36:44.142  1926  1926 I SystemServer: MakeInputManagerServiceReady
08-26 20:36:44.142  1926  1926 I SystemServer: MakeTelephonyRegistryReady
08-26 20:36:44.142  1926  1926 I SystemServer: MakeMediaRouterServiceReady
08-26 20:36:44.143  1926  1926 I SystemServer: MakeMmsServiceReady
08-26 20:36:44.143  1926  1926 I MmsServiceBroker: Delay connecting to MmsService until an API is called
08-26 20:36:44.143  1926  1926 I SystemServer: IncidentDaemonReady
08-26 20:36:44.143  1777  1833 I OMXClient: IOmx service obtained
08-26 20:36:44.144  1926  1926 I SystemServiceManager: Calling onStartUser u0
08-26 20:36:44.145  1926  1995 I InputReader: Reconfiguring input devices.  changes=0x00000020
08-26 20:36:44.147  1926  1926 I ActivityManager: START u0 {act=android.intent.action.MAIN cat=[android.intent.category.HOME] flg=0x10000100 cmp=com.android.settings/.CryptKeeper} from uid 0
08-26 20:36:44.148  1782  1782 I OMXMaster: makeComponentInstance(OMX.google.aac.decoder) in omx@1.0-service process
08-26 20:36:44.150  1926  1995 I InputReader: Reconfiguring input devices.  changes=0x00000010
08-26 20:36:44.150  1926  1926 I ActivityManager: Loaded persisted task ids for user 0
08-26 20:36:44.167  1777  1833 I OMXClient: IOmx service obtained
08-26 20:36:44.167  1782  1830 I OMXMaster: makeComponentInstance(OMX.google.amrnb.decoder) in omx@1.0-service process
08-26 20:36:44.170  1777  1833 I OMXClient: IOmx service obtained
08-26 20:36:44.170  1782  1829 I OMXMaster: makeComponentInstance(OMX.google.amrwb.decoder) in omx@1.0-service process
08-26 20:36:44.173  1777  1833 I OMXClient: IOmx service obtained
08-26 20:36:44.173  1782  1829 I OMXMaster: makeComponentInstance(OMX.google.flac.decoder) in omx@1.0-service process
08-26 20:36:44.176  1926  1926 W system_server: Framework Matrix: Ignore file /system/etc/vintf/manifest.xml: 
08-26 20:36:44.176  1926  1926 W system_server: 
08-26 20:36:44.181  1777  1833 I OMXClient: IOmx service obtained
08-26 20:36:44.181  1782  2138 I OMXMaster: makeComponentInstance(OMX.google.g711.alaw.decoder) in omx@1.0-service process
08-26 20:36:44.185  2097  2097 I WebViewLoader-: System.exit called, status: 0
08-26 20:36:44.185  2097  2097 I AndroidRuntime: VM exiting with result code 0, cleanup skipped.
08-26 20:36:44.186  1777  1833 I OMXClient: IOmx service obtained
08-26 20:36:44.186  1782  1829 I OMXMaster: makeComponentInstance(OMX.google.g711.mlaw.decoder) in omx@1.0-service process
08-26 20:36:44.189  1777  1833 I OMXClient: IOmx service obtained
08-26 20:36:44.189  1782  2138 I OMXMaster: makeComponentInstance(OMX.google.gsm.decoder) in omx@1.0-service process
08-26 20:36:44.189  1768  1768 I Zygote  : Process 2097 exited cleanly (0)
08-26 20:36:44.192  1777  1833 I OMXClient: IOmx service obtained
08-26 20:36:44.192  1782  2138 I OMXMaster: makeComponentInstance(OMX.google.mp3.decoder) in omx@1.0-service process
08-26 20:36:44.200  1926  2104 I ActivityManager: Process WebViewLoader-x86 (pid 2097) has died: psvc PER 
08-26 20:36:44.200  1926  1944 W libprocessgroup: kill(-2097, 9) failed: No such process
08-26 20:36:44.200  1926  1944 I libprocessgroup: Successfully killed process cgroup uid 1037 pid 2097 in 0ms
08-26 20:36:44.200  1926  1926 D SystemServerInitThreadPool: Shutdown successful
08-26 20:36:44.203  1777  1833 I OMXClient: IOmx service obtained
08-26 20:36:44.204  1926  1926 W Looper  : Slow delivery took 2752ms main h=android.os.Handler c=com.android.server.BatteryService$8@37a8098 m=0
08-26 20:36:44.204  1926  1926 V SettingsProvider: Notifying for 0: content://settings/global/network_watchlist_last_report_time
08-26 20:36:44.205  2079  2079 W AlarmManager: Unrecognized alarm listener com.android.systemui.keyguard.-$$Lambda$KeyguardSliceProvider$IhzByd8TsqFuOrSyuGurVskyPLo@36df0af
08-26 20:36:44.205  1782  2138 I OMXMaster: makeComponentInstance(OMX.google.opus.decoder) in omx@1.0-service process
08-26 20:36:44.207  2155  2155 W m.android.phon: Unexpected CPU variant for X86 using defaults: x86
08-26 20:36:44.207  1926  1926 D ConditionProviders.SCP: onConnected
08-26 20:36:44.208  1926  1926 V SettingsProvider: Notifying for 0: content://settings/global/zen_mode
08-26 20:36:44.210  1926  1926 V SettingsProvider: Notifying for 0: content://settings/system/mode_ringer_streams_affected
08-26 20:36:44.210  1926  1926 V FingerprintService: Done with client: android
08-26 20:36:44.210  1926  1926 V FingerprintService: clearEnumerateState()
08-26 20:36:44.211  1926  1926 V SettingsProvider: Notifying for 0: content://settings/secure/lock_screen_owner_info_enabled
08-26 20:36:44.216  1926  1943 W ActivityManager: Slow operation: 71ms so far, now at startProcess: returned from zygote!
08-26 20:36:44.216  1926  1943 W ActivityManager: Slow operation: 71ms so far, now at startProcess: done updating battery stats
08-26 20:36:44.216  1926  1943 W ActivityManager: Slow operation: 71ms so far, now at startProcess: building log message
08-26 20:36:44.216  1926  1943 I ActivityManager: Start proc 2155:com.android.phone/1001 for added application com.android.phone
08-26 20:36:44.216  1926  1943 W ActivityManager: Slow operation: 71ms so far, now at startProcess: starting to update pids map
08-26 20:36:44.216  1926  1943 W ActivityManager: Slow operation: 71ms so far, now at startProcess: done updating pids map
08-26 20:36:44.217  1926  1943 W ActivityManager: Slow operation: 62ms so far, now at startProcess: asking zygote to start proc
08-26 20:36:44.217  1926  2021 I WifiScanningService: wifi driver unloaded
08-26 20:36:44.218  1926  1926 V SettingsProvider: Notifying for 0: content://settings/global/zen_mode_ringer_level
08-26 20:36:44.218  1926  1926 D ConditionProviders: Subscribing to condition://android/event?userId=-10000&calendar=&reply=1 with ComponentInfo{android/com.android.server.notification.EventConditionProvider}
08-26 20:36:44.218  1926  1926 D ConditionProviders: Subscribing to condition://android/schedule?days=1.2.3.4.5.6.7&start=22.0&end=7.0&exitAtAlarm=true with ComponentInfo{android/com.android.server.notification.ScheduleConditionProvider}
08-26 20:36:44.218  1926  1926 V SettingsProvider: Notifying for 0: content://settings/secure/location_providers_allowed
08-26 20:36:44.218  1926  1926 V SettingsProvider: Notifying for 0: content://settings/global/location_global_kill_switch
08-26 20:36:44.219  2155  2155 E m.android.phon: Not starting debugger since process cannot load the jdwp agent.
08-26 20:36:44.221  1777  1833 I OMXClient: IOmx service obtained
08-26 20:36:44.221  1782  2138 I OMXMaster: makeComponentInstance(OMX.google.raw.decoder) in omx@1.0-service process
08-26 20:36:44.226  1777  1833 I OMXClient: IOmx service obtained
08-26 20:36:44.226  1782  2138 I OMXMaster: makeComponentInstance(OMX.google.vorbis.decoder) in omx@1.0-service process
08-26 20:36:44.227  2079  2079 W AlarmManager: Unrecognized alarm listener com.android.systemui.keyguard.-$$Lambda$KeyguardSliceProvider$IhzByd8TsqFuOrSyuGurVskyPLo@2710b31
08-26 20:36:44.232  2064  2064 I TransientFileCleaner: Deleting 0 files
08-26 20:36:44.232  2064  2064 I TransientFileCleaner: Deleting 0 files
08-26 20:36:44.233  2079  2079 D ProtoStore: no cached data
08-26 20:36:44.233  2079  2079 D ProtoStore: no cached data
08-26 20:36:44.235  2171  2171 W ngs:CryptKeepe: Unexpected CPU variant for X86 using defaults: x86
08-26 20:36:44.236  2064  2064 I ModuleManager: Key 'module:com.google.android.apps.inputmethod.libs.search.IUniversalMediaExtension' has value 'res/xml/extension_universal_media.xml'
08-26 20:36:44.237  1926  1943 W ActivityManager: Slow operation: 82ms so far, now at startProcess: returned from zygote!
08-26 20:36:44.237  1926  1943 W ActivityManager: Slow operation: 82ms so far, now at startProcess: done updating battery stats
08-26 20:36:44.237  1926  1943 W ActivityManager: Slow operation: 82ms so far, now at startProcess: building log message
08-26 20:36:44.237  1926  1943 I ActivityManager: Start proc 2171:com.android.settings:CryptKeeper/1000 for activity com.android.settings/.CryptKeeper
08-26 20:36:44.237  1926  1943 W ActivityManager: Slow operation: 82ms so far, now at startProcess: starting to update pids map
08-26 20:36:44.237  1926  1943 W ActivityManager: Slow operation: 82ms so far, now at startProcess: done updating pids map
08-26 20:36:44.238  1777  1833 I OMXClient: IOmx service obtained
08-26 20:36:44.238  1782  2138 I OMXMaster: makeComponentInstance(OMX.google.aac.encoder) in omx@1.0-service process
08-26 20:36:44.242  2171  2171 E ngs:CryptKeepe: Not starting debugger since process cannot load the jdwp agent.
08-26 20:36:44.246  2079  2079 V SystemUIService: Starting SystemUI services for user 0.
08-26 20:36:44.246  1926  1926 I AccountsDb: Creating DE database for user 0
08-26 20:36:44.250  1926  2021 I WifiScanningService: wifi driver unloaded
08-26 20:36:44.251  2155  2155 I m.android.phon: The ClassLoaderContext is a special shared library.
08-26 20:36:44.257  1926  1926 V SettingsProvider: Notifying for 0: content://settings/secure/voice_interaction_service
08-26 20:36:44.257  1926  1926 V SettingsProvider: Notifying for 0: content://settings/secure/voice_recognition_service
08-26 20:36:44.257  1926  1926 W ContextImpl: Calling a method in the system process without a qualified user: android.app.ContextImpl.startService:1531 com.android.server.content.SyncManager$14.run:756 android.os.Handler.handleCallback:873 android.os.Handler.dispatchMessage:99 android.os.Looper.loop:193 
08-26 20:36:44.253  2155  2155 I m.android.phon: The ClassLoaderContext is a special shared library.
08-26 20:36:44.258  1777  1833 I OMXClient: IOmx service obtained
08-26 20:36:44.258  1782  2138 I OMXMaster: makeComponentInstance(OMX.google.amrnb.encoder) in omx@1.0-service process
08-26 20:36:44.262  2064  2064 I ModuleManager: Adding [GIMS_UserUnlocked] NotificationListener for module com.google.android.apps.inputmethod.libs.search.universalmedia.UniversalMediaExtension
08-26 20:36:44.262  2064  2064 I ModuleManager: Unexpected key 'com.google.android.partnersetup.RLZ_BOUNTY_ACCESS_POINT' does not match 'module:'
08-26 20:36:44.262  2064  2064 I ModuleManager: Key 'module:com.google.android.apps.inputmethod.libs.search.IDoodleExtension' has value 'res/xml/extension_doodle.xml'
08-26 20:36:44.263  1926  1940 W LocationProviderProxy-network: Odd, no component found for service com.android.location.service.v3.NetworkLocationProvider
08-26 20:36:44.263  1926  1940 W GeocoderProxy: Odd, no component found for service com.android.location.service.GeocodeProvider
08-26 20:36:44.263  1926  1940 W GeofenceProxy: Odd, no component found for service com.android.location.service.GeofenceProvider
08-26 20:36:44.263  1926  1940 W ActivityRecognitionProxy: Odd, no component found for service com.android.location.service.ActivityRecognitionProvider
08-26 20:36:44.268  1926  1926 I system_server: The ClassLoaderContext is a special shared library.
08-26 20:36:44.271  2064  2064 I ModuleManager: Adding [GIMS_UserUnlocked] NotificationListener for module com.google.android.apps.inputmethod.libs.search.doodle.DoodleExtension
08-26 20:36:44.271  2064  2064 I ModuleManager: Key 'module:com.google.android.apps.inputmethod.libs.translate.ITranslateUIExtension' has value 'res/xml/extension_def_translate.xml'
08-26 20:36:44.272  2064  2064 I ModuleManager: Adding [GIMS_UserUnlocked] NotificationListener for module com.google.android.apps.inputmethod.libs.translate.TranslateUIExtension
08-26 20:36:44.272  2064  2064 I ModuleManager: Key 'module:com.google.android.apps.inputmethod.libs.hmm.superpacks.IHmmModule' has value 'res/xml/module_hmm.xml'
08-26 20:36:44.273  2049  2049 E ActivityThread: Failed to find provider info for com.google.android.gsf.gservices
08-26 20:36:44.273  2064  2064 I ModuleManager: Adding [GIMS_UserUnlocked] NotificationListener for module com.google.android.apps.inputmethod.libs.hmm.superpacks.HmmModule
08-26 20:36:44.273  2064  2064 I ModuleManager: Key 'module:com.google.android.apps.inputmethod.libs.search.sense.IConversationToQueryExtension' has value 'res/xml/extension_conv2query.xml'
08-26 20:36:44.273  2171  2171 I ngs:CryptKeepe: The ClassLoaderContext is a special shared library.
08-26 20:36:44.274  2064  2064 I ModuleManager: Adding [GIMS_UserUnlocked] NotificationListener for module com.google.android.apps.inputmethod.libs.search.sense.ConversationToQueryExtension
08-26 20:36:44.274  2064  2064 I ModuleManager: Key 'module:com.google.android.apps.inputmethod.libs.search.IDefaultStickerExtension' has value 'res/xml/extension_default_sticker.xml'
08-26 20:36:44.274  2064  2064 I ModuleManager: Adding [GIMS_UserUnlocked] NotificationListener for module com.google.android.apps.inputmethod.libs.search.sticker.DefaultStickerExtension
08-26 20:36:44.274  2064  2064 I ModuleManager: Key 'module:com.google.android.apps.inputmethod.libs.pill.IPillExtension' has value 'res/xml/extension_pill.xml'
08-26 20:36:44.275  1777  1833 I OMXClient: IOmx service obtained
08-26 20:36:44.275  1782  2138 I OMXMaster: makeComponentInstance(OMX.google.amrwb.encoder) in omx@1.0-service process
08-26 20:36:44.276  2171  2171 I ngs:CryptKeepe: The ClassLoaderContext is a special shared library.
08-26 20:36:44.280  2079  2079 V MediaRouter: Adding route: RouteInfo{ name=Phone, description=null, status=null, category=RouteCategory{ name=System types=ROUTE_TYPE_LIVE_AUDIO ROUTE_TYPE_LIVE_VIDEO  groupable=false }, supportedTypes=ROUTE_TYPE_LIVE_AUDIO ROUTE_TYPE_LIVE_VIDEO , presentationDisplay=null }
08-26 20:36:44.280  2064  2064 I ModuleManager: Adding [GIMS_UserUnlocked] NotificationListener for module com.google.android.apps.inputmethod.libs.pill.PillExtension
08-26 20:36:44.281  2064  2064 I ModuleManager: Key 'module:com.google.android.apps.inputmethod.libs.search.IStickerExtension' has value 'res/xml/extension_sticker.xml'
08-26 20:36:44.281  2049  2049 I GmsApplication: Staging modules and/or updating config
08-26 20:36:44.281  1915  1915 E ipv6proxy: Failed to forward Router Advertisement from eth0 to wlan1: Network is unreachable
08-26 20:36:44.281  2079  2079 V MediaRouter: Selecting route: RouteInfo{ name=Phone, description=null, status=null, category=RouteCategory{ name=System types=ROUTE_TYPE_LIVE_AUDIO ROUTE_TYPE_LIVE_VIDEO  groupable=false }, supportedTypes=ROUTE_TYPE_LIVE_AUDIO ROUTE_TYPE_LIVE_VIDEO , presentationDisplay=null }
08-26 20:36:44.281  2049  2049 I GmsApplication: Staging modules
08-26 20:36:44.282  2064  2064 I ModuleManager: Adding [GIMS_UserUnlocked] NotificationListener for module com.google.android.apps.inputmethod.libs.search.sticker.StickerExtension
08-26 20:36:44.283  2064  2064 I ModuleManager: Key 'module:com.google.android.apps.inputmethod.libs.search.IGifKeyboardExtension' has value 'res/xml/extension_gif_search.xml'
08-26 20:36:44.283  2049  2049 I FileApkMgr: Extracting modules...
08-26 20:36:44.284  2049  2049 E ConfigFileUtils: Failed to read config file: /data/user_de/0/com.google.android.gms/app_chimera/current_fileapks.pb (No such file or directory)
08-26 20:36:44.284  2064  2064 I ModuleManager: Adding [GIMS_UserUnlocked] NotificationListener for module com.google.android.apps.inputmethod.libs.search.gif.GifExtensionImpl
08-26 20:36:44.284  2064  2064 I ModuleManager: Key 'module:com.google.android.apps.inputmethod.libs.search.IEmoticonExtension' has value 'res/xml/extension_emoticon.xml'
08-26 20:36:44.287  1777  1833 I OMXClient: IOmx service obtained
08-26 20:36:44.287  1782  2138 I OMXMaster: makeComponentInstance(OMX.google.flac.encoder) in omx@1.0-service process
08-26 20:36:44.288  2064  2064 I ModuleManager: Adding [GIMS_UserUnlocked] NotificationListener for module com.google.android.apps.inputmethod.libs.search.emoji.EmoticonExtension
08-26 20:36:44.288  2064  2064 I ModuleManager: Unexpected key 'com.google.android.backup.api_key' does not match 'module:'
08-26 20:36:44.288  2064  2064 I ModuleManager: Key 'module:com.google.android.apps.inputmethod.libs.handwriting.ime.IHandwritingImeExtension' has value 'res/xml/extension_handwriting_ime.xml'
08-26 20:36:44.289  2064  2064 I ModuleManager: Adding [GIMS_UserUnlocked] NotificationListener for module com.google.android.apps.inputmethod.libs.handwriting.ime.HandwritingImeExtension
08-26 20:36:44.289  2064  2064 I ModuleManager: Key 'module:com.google.android.apps.inputmethod.libs.search.IEmojiDataExtension' has value 'res/xml/extension_emoji_data.xml'
08-26 20:36:44.289  2155  2155 I m.android.phon: The ClassLoaderContext is a special shared library.
08-26 20:36:44.290  2064  2064 I ModuleManager: Adding [GIMS_UserUnlocked] NotificationListener for module com.google.android.apps.inputmethod.libs.search.emojidata.EmojiDataExtension
08-26 20:36:44.290  2064  2064 I ModuleManager: Key 'module:com.google.android.apps.inputmethod.libs.search.IEmojiOrGifExtension' has value 'res/xml/extension_emoji_or_gif.xml'
08-26 20:36:44.290  2064  2064 I ModuleManager: Adding [GIMS_UserUnlocked] NotificationListener for module com.google.android.apps.inputmethod.libs.search.ArtExtension
08-26 20:36:44.291  2064  2064 I ModuleManager: Key 'module:com.google.android.apps.inputmethod.libs.search.INativeCardExtension' has value 'res/xml/extension_native_card.xml'
08-26 20:36:44.293  2064  2064 I ModuleManager: Adding [GIMS_UserUnlocked] NotificationListener for module com.google.android.apps.inputmethod.libs.search.nativecard.NativeCardExtension
08-26 20:36:44.293  2064  2064 I ModuleManager: Key 'module:com.google.android.apps.inputmethod.libs.voiceime.IVoiceImeExtension' has value 'res/xml/extension_voice_ime.xml'
08-26 20:36:44.296  2064  2064 I ModuleManager: Adding [App_UserUnlocked] NotificationListener for module com.google.android.apps.inputmethod.libs.voiceime.VoiceImeExtension
08-26 20:36:44.296  2064  2064 I ModuleManager: Unexpected key 'com.google.android.gms.version' does not match 'module:'
08-26 20:36:44.296  2064  2064 I ModuleManager: Key 'module:com.google.android.apps.inputmethod.libs.search.IEmojiSearchExtension' has value 'res/xml/extension_emoji_search.xml'
08-26 20:36:44.297  2064  2064 I ModuleManager: Adding [GIMS_UserUnlocked] NotificationListener for module com.google.android.apps.inputmethod.libs.search.emoji.EmojiSearchExtension
08-26 20:36:44.298  2064  2064 I ModuleManager: Key 'module:com.google.android.apps.inputmethod.libs.textediting.ITextEditingExtension' has value 'res/xml/extension_text_editing.xml'
08-26 20:36:44.298  2064  2064 I ModuleManager: Adding [GIMS_UserUnlocked] NotificationListener for module com.google.android.apps.inputmethod.libs.textediting.TextEditingExtension
08-26 20:36:44.300  2064  2064 I ModuleManager: Key 'module:com.google.android.apps.inputmethod.libs.search.IGifEntryPointCandidateExtension' has value 'res/xml/extension_gif_entry_point_candidate.xml'
08-26 20:36:44.300  2064  2064 I ModuleManager: Adding [GIMS_UserUnlocked] NotificationListener for module com.google.android.apps.inputmethod.libs.search.gif.GifEntryPointCandidateExtension
08-26 20:36:44.300  2064  2064 I ModuleManager: Key 'module:com.google.android.apps.inputmethod.libs.search.IBitmojiExtension' has value 'res/xml/extension_bitmoji.xml'
08-26 20:36:44.304  2064  2064 I ModuleManager: Adding [GIMS_UserUnlocked] NotificationListener for module com.google.android.apps.inputmethod.libs.search.sticker.BitmojiExtension
08-26 20:36:44.304  2064  2064 I ModuleManager: Key 'module:com.google.android.apps.inputmethod.libs.search.IFeatureCardNoticeExtension' has value 'res/xml/extension_feature_notice.xml'
08-26 20:36:44.304  1926  2019 D WifiController: DEFERRED_TOGGLE handled
08-26 20:36:44.304  1926  2019 D WifiController: StaEnabledState.enter()
08-26 20:36:44.304  1926  2020 D WifiStateMachinePrime: received a message in WifiDisabledState: { when=0 what=0 target=com.android.internal.util.StateMachine$SmHandler }
08-26 20:36:44.304  1926  2020 D WifiStateMachinePrime: Switching from WifiDisabledState to ClientMode
08-26 20:36:44.304  1926  2020 D WifiStateMachinePrime: Entering ClientModeActiveState
08-26 20:36:44.304  1926  2020 D WifiClientModeManager: entering IdleState
08-26 20:36:44.304  1926  2020 D WifiStateMachinePrime: State changed from client mode. state = 2
08-26 20:36:44.304  2064  2064 I ModuleManager: Adding [GIMS_UserUnlocked] NotificationListener for module com.google.android.apps.inputmethod.libs.search.nativecard.FeatureCardNoticeExtension
08-26 20:36:44.305  1777  1833 I OMXClient: IOmx service obtained
08-26 20:36:44.305  2064  2064 I LatinApp: onCreate()
08-26 20:36:44.305  1782  2138 I OMXMaster: makeComponentInstance(OMX.google.h264.decoder) in omx@1.0-service process
08-26 20:36:44.274  2049  2049 I chatty  : uid=10014(com.google.android.gms) identical 4 lines
08-26 20:36:44.274  2049  2049 E ActivityThread: Failed to find provider info for com.google.android.gsf.gservices
08-26 20:36:44.306  1653  1653 I android.hardware.wifi@1.0-service: Wifi HAL started
08-26 20:36:44.306  1926  2020 I WifiVendorHal: Vendor Hal started successfully
08-26 20:36:44.306  1926  2022 I WifiP2pNative: Registering for interface available listener
08-26 20:36:44.308  1926  2022 D WifiP2pNative: P2P InterfaceAvailableListener true
08-26 20:36:44.308  1926  2022 D WifiP2pService: Wifi enabled=false, P2P Interface availability=true, Number of clients=0
08-26 20:36:44.308  1926  2022 D WifiP2pService: Wifi enabled=false, P2P Interface availability=true
08-26 20:36:44.309  1926  2020 I android_os_HwBinder: HwBinder: Starting thread pool for default::android.hidl.manager@1.0::IServiceManager
08-26 20:36:44.310  1782  2138 E OMXNodeInstance: getExtensionIndex(0xedb111e0:google.h264.decoder, OMX.google.android.index.configureVideoTunnelMode) ERROR: UnsupportedIndex(0x8000101a)
08-26 20:36:44.310  1782  2138 E OMXNodeInstance: getExtensionIndex(0xedb111e0:google.h264.decoder, OMX.google.android.index.enableAndroidNativeBuffers) ERROR: UnsupportedIndex(0x8000101a)
08-26 20:36:44.317  1777  1833 I OMXClient: IOmx service obtained
08-26 20:36:44.317  1782  2138 I OMXMaster: makeComponentInstance(OMX.google.h263.decoder) in omx@1.0-service process
08-26 20:36:44.319  2171  2171 D CryptKeeper: Disabling component ComponentInfo{com.android.settings/com.android.settings.CryptKeeper}
08-26 20:36:44.323  1782  2138 E OMXNodeInstance: getExtensionIndex(0xedb111e0:google.h263.decoder, OMX.google.android.index.configureVideoTunnelMode) ERROR: UnsupportedIndex(0x8000101a)
08-26 20:36:44.324  1782  2138 E OMXNodeInstance: getExtensionIndex(0xedb111e0:google.h263.decoder, OMX.google.android.index.enableAndroidNativeBuffers) ERROR: UnsupportedIndex(0x8000101a)
08-26 20:36:44.329  1926  1938 I ActivityManager: START u0 {act=android.intent.action.MAIN cat=[android.intent.category.HOME] flg=0x10000100 cmp=com.google.android.setupwizard/.SetupWizardActivity} from uid 0
08-26 20:36:44.333  2079  2079 W SoundPool: Use of stream types is deprecated for operations other than volume control
08-26 20:36:44.333  2079  2079 W SoundPool: See the documentation of SoundPool() for what to use instead with android.media.AudioAttributes to qualify your playback use case
08-26 20:36:44.336  1777  1833 I OMXClient: IOmx service obtained
08-26 20:36:44.336  1782  2138 I OMXMaster: makeComponentInstance(OMX.google.hevc.decoder) in omx@1.0-service process
08-26 20:36:44.340  2079  2079 D OpenGLRenderer: HWUI GL Pipeline
08-26 20:36:44.343  1926  1943 I ActivityManager: Start proc 2217:com.google.android.setupwizard/u0a28 for activity com.google.android.setupwizard/.SetupWizardActivity
08-26 20:36:44.343  2217  2217 W oid.setupwizar: Unexpected CPU variant for X86 using defaults: x86
08-26 20:36:44.346  1782  2138 E OMXNodeInstance: getExtensionIndex(0xedb111e0:google.hevc.decoder, OMX.google.android.index.configureVideoTunnelMode) ERROR: UnsupportedIndex(0x8000101a)
08-26 20:36:44.346  1782  2138 E OMXNodeInstance: getExtensionIndex(0xedb111e0:google.hevc.decoder, OMX.google.android.index.enableAndroidNativeBuffers) ERROR: UnsupportedIndex(0x8000101a)
08-26 20:36:44.352  1918  1918 I hostapd : wlan1: interface state COUNTRY_UPDATE->HT_SCAN
08-26 20:36:44.353  1926  1926 E BluetoothAdapter: Bluetooth binder is null
08-26 20:36:44.354  1926  2228 I Telecom : BluetoothRouteManager: getBluetoothAudioConnectedDevice: no headset service available.
08-26 20:36:44.354  2217  2217 E oid.setupwizar: Not starting debugger since process cannot load the jdwp agent.
08-26 20:36:44.356  1777  1833 I OMXClient: IOmx service obtained
08-26 20:36:44.356  1782  2138 I OMXMaster: makeComponentInstance(OMX.google.mpeg4.decoder) in omx@1.0-service process
08-26 20:36:44.357  1782  2138 E OMXNodeInstance: getExtensionIndex(0xedb111e0:google.mpeg4.decoder, OMX.google.android.index.configureVideoTunnelMode) ERROR: UnsupportedIndex(0x8000101a)
08-26 20:36:44.357  1782  2138 E OMXNodeInstance: getExtensionIndex(0xedb111e0:google.mpeg4.decoder, OMX.google.android.index.enableAndroidNativeBuffers) ERROR: UnsupportedIndex(0x8000101a)
08-26 20:36:44.357  1926  1926 I Telecom : SystemStateProvider: Registering car mode receiver: android.content.IntentFilter@d2ee0b7: TS.init@AAA
08-26 20:36:44.369  1777  1833 I OMXClient: IOmx service obtained
08-26 20:36:44.369  1782  2138 I OMXMaster: makeComponentInstance(OMX.google.vp8.decoder) in omx@1.0-service process
08-26 20:36:44.370  1926  2243 I Telecom : Logging.Events: Non-call EVENT: AUDIO_ROUTE, Entering state QuiescentSpeakerRoute
08-26 20:36:44.370  1926  2243 I Telecom : BluetoothRouteManager: getBluetoothAudioConnectedDevice: no headset service available.
08-26 20:36:44.372  1782  2138 E OMXNodeInstance: getExtensionIndex(0xedb111e0:google.vp8.decoder, OMX.google.android.index.configureVideoTunnelMode) ERROR: UnsupportedIndex(0x8000101a)
08-26 20:36:44.372  1782  2138 E OMXNodeInstance: getExtensionIndex(0xedb111e0:google.vp8.decoder, OMX.google.android.index.enableAndroidNativeBuffers) ERROR: UnsupportedIndex(0x8000101a)
08-26 20:36:44.373  1777  1833 I OMXClient: IOmx service obtained
08-26 20:36:44.373  1782  2138 I OMXMaster: makeComponentInstance(OMX.google.vp9.decoder) in omx@1.0-service process
08-26 20:36:44.375  1782  2138 E OMXNodeInstance: getExtensionIndex(0xedb111e0:google.vp9.decoder, OMX.google.android.index.configureVideoTunnelMode) ERROR: UnsupportedIndex(0x8000101a)
08-26 20:36:44.375  1782  2138 E OMXNodeInstance: getExtensionIndex(0xedb111e0:google.vp9.decoder, OMX.google.android.index.enableAndroidNativeBuffers) ERROR: UnsupportedIndex(0x8000101a)
08-26 20:36:44.375  1926  2246 I Telecom : CallAudioModeStateMachine: Message received: null.: TS.init->CAMSM.pM_1@AAA
08-26 20:36:44.375  1926  1926 I Telecom : MissedCallNotifierImpl: reloadFromDatabase: Boot not yet complete -- call log db may not be available. Deferring loading until boot complete for user 0: TS.init@AAA
08-26 20:36:44.376  1926  1926 E BluetoothAdapter: Bluetooth binder is null
08-26 20:36:44.377  1926  1926 I Telecom : Class: TelecomSystem.INSTANCE being set
08-26 20:36:44.377  1926  1926 E BluetoothAdapter: Bluetooth binder is null
08-26 20:36:44.377  1777  1833 I OMXClient: IOmx service obtained
08-26 20:36:44.377  1782  1782 I OMXMaster: makeComponentInstance(OMX.google.h264.encoder) in omx@1.0-service process
08-26 20:36:44.378  2064  2064 I FeaturePermissions: onSharedPreferenceChanged() : Key = current_input_method_entry : Feature = null
08-26 20:36:44.382  1777  1833 W OMXUtils: do not know color format 0x7f000789 = 2130708361
08-26 20:36:44.384  1777  1833 I OMXClient: IOmx service obtained
08-26 20:36:44.384  1782  1782 I OMXMaster: makeComponentInstance(OMX.google.h263.encoder) in omx@1.0-service process
08-26 20:36:44.389  1782  1782 I SoftMPEG4Encoder: Construct SoftMPEG4Encoder
08-26 20:36:44.389  1777  1833 W OMXUtils: do not know color format 0x7f000789 = 2130708361
08-26 20:36:44.389  1782  1782 E OMXNodeInstance: getConfig(0xedea6ae0:google.h263.encoder, ConfigAndroidIntraRefresh(0x6f60000a)) ERROR: Undefined(0x80001001)
08-26 20:36:44.391  1926  1926 V SettingsProvider: Notifying for 0: content://settings/secure/accessibility_enabled
08-26 20:36:44.391  1926  1926 V SettingsProvider: Notifying for 0: content://settings/secure/accessibility_shortcut_target_service
08-26 20:36:44.391  1926  1926 V SettingsProvider: Notifying for 0: content://settings/secure/accessibility_shortcut_enabled
08-26 20:36:44.404  1777  1833 I OMXClient: IOmx service obtained
08-26 20:36:44.404  1782  1782 I OMXMaster: makeComponentInstance(OMX.google.mpeg4.encoder) in omx@1.0-service process
08-26 20:36:44.404  1782  1782 I SoftMPEG4Encoder: Construct SoftMPEG4Encoder
08-26 20:36:44.404  1777  1833 W OMXUtils: do not know color format 0x7f000789 = 2130708361
08-26 20:36:44.405  1782  1782 E OMXNodeInstance: getConfig(0xedea6ae0:google.mpeg4.encoder, ConfigAndroidIntraRefresh(0x6f60000a)) ERROR: Undefined(0x80001001)
08-26 20:36:44.411  1777  1833 I OMXClient: IOmx service obtained
08-26 20:36:44.411  1782  1782 I OMXMaster: makeComponentInstance(OMX.google.vp8.encoder) in omx@1.0-service process
08-26 20:36:44.428  2208  2208 I wpa_supplicant: Processing hidl events on FD 3
08-26 20:36:44.435  2208  2208 I wpa_supplicant: Successfully initialized wpa_supplicant
08-26 20:36:44.436  2079  2079 I vol.Events: writeEvent collection_started
08-26 20:36:44.459  2155  2155 D TelephonyProvider: dbh.onCreate:+ db=SQLiteDatabase: /data/user_de/0/com.android.providers.telephony/databases/telephony.db
08-26 20:36:44.460  2155  2155 D TelephonyProvider: dbh.createSimInfoTable:+ siminfo
08-26 20:36:44.463  2155  2155 D TelephonyProvider: dbh.createSimInfoTable:-
08-26 20:36:44.463  2155  2155 D TelephonyProvider: dbh.createCarriersTable: carriers
08-26 20:36:44.465  2155  2155 D TelephonyProvider: dbh.createCarriersTable:-
08-26 20:36:44.466  2155  2155 D TelephonyProvider: dbh.onCreate: Apply apns from xml.
08-26 20:36:44.464  2208  2208 I wpa_supplicant: rfkill: Cannot open RFKILL control device
08-26 20:36:44.466  2155  2155 D TelephonyProvider: Load APNs from /system/etc/apns-conf.xml instead of /oem/telephony/apns-conf.xml
08-26 20:36:44.466  2155  2155 D TelephonyProvider: Load APNs from /data/misc/apns/apns-conf.xml instead of /system/etc/apns-conf.xml
08-26 20:36:44.466  2155  2155 D TelephonyProvider: confFile = /data/misc/apns/apns-conf.xml
08-26 20:36:44.474  2217  2217 I oid.setupwizar: The ClassLoaderContext is a special shared library.
08-26 20:36:44.486  2217  2217 I oid.setupwizar: The ClassLoaderContext is a special shared library.
08-26 20:36:44.492  1777  1833 W OMXUtils: do not know color format 0x7f000789 = 2130708361
08-26 20:36:44.492  1782  1782 E OMXNodeInstance: getConfig(0xedea6ae0:google.vp8.encoder, ConfigAndroidIntraRefresh(0x6f60000a)) ERROR: Undefined(0x80001001)
08-26 20:36:44.496  1777  1833 D MediaCodecList: ignored a null builder
08-26 20:36:44.507  1926  2127 I OMXClient: IOmx service obtained
08-26 20:36:44.508  1782  2249 I OMXMaster: makeComponentInstance(OMX.google.vorbis.decoder) in omx@1.0-service process
08-26 20:36:44.518  2155  2155 D TelephonyProvider: Checksum for /data/misc/apns/apns-conf.xml is 2001431324
08-26 20:36:44.529  2064  2064 I FeaturePermissions: onSharedPreferenceChanged() : Key = pref_key_access_points_showing_order_migrated : Feature = null
08-26 20:36:44.538  1782  1782 E OMXNodeInstance: getConfig(0xedea6f60:google.vorbis.decoder, ConfigAndroidVendorExtension(0x6f100004)) ERROR: Undefined(0x80001001)
08-26 20:36:44.577  1635  1635 W AshmemAllocator: ashmem_create_region(32768) returning hidl_memory(0xf481c180, 32768)
08-26 20:36:44.609  2155  2155 D TelephonyProvider: dbh.onCreate:- db=SQLiteDatabase: /data/user_de/0/com.android.providers.telephony/databases/telephony.db
08-26 20:36:44.617  2079  2234 I OMXClient: IOmx service obtained
08-26 20:36:44.618  2079  2258 I vol.Events: writeEvent external_ringer_mode_changed normal
08-26 20:36:44.618  1782  2249 I OMXMaster: makeComponentInstance(OMX.google.vorbis.decoder) in omx@1.0-service process
08-26 20:36:44.623  1782  2249 E OMXNodeInstance: getConfig(0xedea7020:google.vorbis.decoder, ConfigAndroidVendorExtension(0x6f100004)) ERROR: Undefined(0x80001001)
08-26 20:36:44.634  2155  2155 D TelephonyProvider: dbh.onOpen: ok, queried table=siminfo
08-26 20:36:44.635  2155  2155 D TelephonyProvider: dbh.onOpen: ok, queried table=carriers
08-26 20:36:44.635  2079  2258 I vol.Events: writeEvent internal_ringer_mode_changed normal
08-26 20:36:44.640  2155  2155 D TelephonyProvider: onCreate: build id changed from  to PSR1.180720.117
08-26 20:36:44.646  2155  2155 D TelephonyProvider: Load APNs from /system/etc/apns-conf.xml instead of /oem/telephony/apns-conf.xml
08-26 20:36:44.646  2155  2155 D TelephonyProvider: Load APNs from /data/misc/apns/apns-conf.xml instead of /system/etc/apns-conf.xml
08-26 20:36:44.646  2155  2155 D TelephonyProvider: Checksum for /data/misc/apns/apns-conf.xml is 2001431324
08-26 20:36:44.647  2155  2155 D TelephonyProvider: newChecksum: 2001431324
08-26 20:36:44.647  2155  2155 D TelephonyProvider: oldChecksum: 2001431324
08-26 20:36:44.647  2155  2155 D TelephonyProvider: Skipping apn db update since apn-conf has not changed.
08-26 20:36:44.648  1635  1635 W AshmemAllocator: ashmem_create_region(32768) returning hidl_memory(0xf481c180, 32768)
08-26 20:36:44.670  1635  1635 I chatty  : uid=1000(system) allocator@1.0-s identical 62 lines
08-26 20:36:44.670  1635  1635 W AshmemAllocator: ashmem_create_region(32768) returning hidl_memory(0xf481c180, 32768)
08-26 20:36:44.673  1926  1977 I GnssLocationProvider: WakeLock acquired by sendMessage(REPORT_SV_STATUS, 0, com.android.server.location.GnssLocationProvider$SvStatusInfo@52f4872)
08-26 20:36:44.684  1635  1635 W AshmemAllocator: ashmem_create_region(32768) returning hidl_memory(0xf481c180, 32768)
08-26 20:36:44.791  1926  1926 W Looper  : Slow dispatch took 120ms main h=android.os.Handler c=android.app.-$$Lambda$LoadedApk$ReceiverDispatcher$Args$_BumDX2UKsnxLVrE6UJsJZkotuA@760c4c3 m=0
08-26 20:36:44.791  1635  1635 W AshmemAllocator: ashmem_create_region(32768) returning hidl_memory(0xf481c180, 32768)
08-26 20:36:44.801  2155  2155 D CarrierIdProvider: onCreate
08-26 20:36:44.861  1926  1940 I GnssLocationProvider: WakeLock released by handleMessage(REPORT_SV_STATUS, 0, com.android.server.location.GnssLocationProvider$SvStatusInfo@52f4872)
08-26 20:36:44.881  2208  2208 I wpa_supplicant: rfkill: Cannot get wiphy information
08-26 20:36:44.887  1926  1926 V SettingsProvider: Notifying for 0: content://settings/global/webview_provider
08-26 20:36:44.914  1772  1984 D installd: Found quota mount /dev/block/dm-1 at /data
08-26 20:36:44.914  1772  1984 D installd: Found storage mount /data/media at /mnt/runtime/default/emulated
08-26 20:36:44.923  2217  2217 I SetupWizard: [FrpHelper] Start loading FRP status
08-26 20:36:44.924  1926  2037 I android_os_HwBinder: HwBinder: Starting thread pool for default::android.hardware.wifi.supplicant@1.0::ISupplicant
08-26 20:36:44.932  1926  2037 I SupplicantStaIfaceHal: Completed initialization of ISupplicant.
08-26 20:36:44.934  2155  2155 D CarrierIdDatabaseHelper: onCreate
08-26 20:36:44.934  2155  2155 D CarrierIdProvider: update database from pb file
08-26 20:36:44.935  1653  1653 I android.hardware.wifi@1.0-service: Adding interface handle for wlan0
08-26 20:36:44.935  1653  1653 E android.hardware.wifi@1.0-service: Failed to register radio mode change callback
08-26 20:36:44.935  1653  1653 I android.hardware.wifi@1.0-service: Configured chip in mode 0
08-26 20:36:44.935  1926  1926 V SettingsProvider: Notifying for 0: content://settings/global/boot_count
08-26 20:36:44.935  1926  1926 V SettingsProvider: Notifying for 0: content://settings/global/emergency_affordance_needed
08-26 20:36:44.935  1653  1653 E android.hardware.wifi@1.0-service: Failed to set DFS flag; DFS channels may be unavailable.
08-26 20:36:44.939  2079  2285 I OMXClient: IOmx service obtained
08-26 20:36:44.940  1782  2278 I OMXMaster: makeComponentInstance(OMX.google.vorbis.decoder) in omx@1.0-service process
08-26 20:36:44.941  1782  2278 E OMXNodeInstance: getConfig(0xedea7020:google.vorbis.decoder, ConfigAndroidVendorExtension(0x6f100004)) ERROR: Undefined(0x80001001)
08-26 20:36:44.942  2217  2217 I SetupWizard: [SetupWizardActivity] DEVICE_PROVISIONED=false USER_SETUP_COMPLETE=false
