08-26 20:36:41.606  1926  1997 D StorageManagerService: Thinking about init, mSystemReady=false, mDaemonConnected=true
08-26 20:36:41.606  1926  1997 D StorageManagerService: Thinking about reset, mSystemReady=false, mDaemonConnected=true
08-26 20:36:41.606  1772  1772 D installd: Found quota mount /dev/block/dm-1 at /data
08-26 20:36:41.609  1926  1926 I SystemServer: StartUiModeManager
08-26 20:36:41.609  1926  1926 I SystemServiceManager: Starting com.android.server.UiModeManagerService
08-26 20:36:41.609  1926  1939 I ActivityManager: Config changes=200 {1.0 ?mcc?mnc [en_US] ldltr sw411dp w411dp h659dp 420dpi nrml port -touch -keyb/h/h -nav/h winConfig={ mBounds=Rect(0, 0 - 0, 0) mAppBounds=Rect(0, 0 - 1080, 1794) mWindowingMode=fullscreen mActivityType=undefined} s.4}
08-26 20:36:41.611  1926  1939 I ActivityManager: Override config changes=200 {1.0 ?mcc?mnc [en_US] ldltr sw411dp w411dp h659dp 420dpi nrml port -touch -keyb/h/h -nav/h winConfig={ mBounds=Rect(0, 0 - 1080, 1920) mAppBounds=Rect(0, 0 - 1080, 1794) mWindowingMode=fullscreen mActivityType=undefined} s.4} for displayId=0
08-26 20:36:41.612  1926  1926 I SystemServer: UpdatePackagesIfNeeded
08-26 20:36:41.606  1772  1772 D installd: Found quota mount /dev/block/dm-1 at /data
08-26 20:36:41.631  1926  1995 I InputReader: Device added: id=-1, name='Virtual', sources=0x00000301
08-26 20:36:41.631  1926  1995 I InputReader: Device added: id=2, name='Power Button', sources=0x00000101
08-26 20:36:41.631  1926  1995 I InputReader:   Touch device 'qwerty2' could not query the properties of its associated display.  The device will be inoperable until the display size becomes available.
08-26 20:36:41.631  1926  1995 I InputReader: Device added: id=0, name='qwerty2', sources=0x80001103
08-26 20:36:41.631  1926  1995 I InputReader: Reconfiguring input devices.  changes=0x00000004
08-26 20:36:41.632  1926  1995 I InputReader: Device reconfigured: id=0, name='qwerty2', size 1080x1920, orientation 0, mode 1, display id 0
08-26 20:36:41.633  1926  1926 I system_server: The ClassLoaderContext is a special shared library.
08-26 20:36:41.639  1926  1994 I ActivityManager: Config changes=38 {1.0 ?mcc?mnc [en_US] ldltr sw411dp w411dp h659dp 420dpi nrml port finger qwerty/v/v -nav/h winConfig={ mBounds=Rect(0, 0 - 0, 0) mAppBounds=Rect(0, 0 - 1080, 1794) mWindowingMode=fullscreen mActivityType=undefined} s.5}
08-26 20:36:41.641  1926  1994 I ActivityManager: Override config changes=38 {1.0 ?mcc?mnc [en_US] ldltr sw411dp w411dp h659dp 420dpi nrml port finger qwerty/v/v -nav/h winConfig={ mBounds=Rect(0, 0 - 1080, 1920) mAppBounds=Rect(0, 0 - 1080, 1794) mWindowingMode=fullscreen mActivityType=undefined} s.5} for displayId=0
08-26 20:36:41.682  1772  1984 W installd: Requested default storage /data/user_de/0/com.android.cellbroadcastreceiver is not active; migrating from /data/data/com.android.cellbroadcastreceiver
08-26 20:36:41.684  1926  1926 I system_server: The ClassLoaderContext is a special shared library.
08-26 20:36:41.689  1926  1926 I system_server: The ClassLoaderContext is a special shared library.
08-26 20:36:41.760  1772  1984 W installd: Requested default storage /data/user_de/0/com.android.providers.blockednumber is not active; migrating from /data/data/com.android.providers.blockednumber
08-26 20:36:41.765  1772  1984 W installd: Requested default storage /data/user_de/0/com.android.emergency is not active; migrating from /data/data/com.android.emergency
08-26 20:36:41.780  1772  1984 W installd: Requested default storage /data/user_de/0/com.android.bluetooth is not active; migrating from /data/data/com.android.bluetooth
08-26 20:36:41.789  1926  1970 I PackageManager: Deferred reconcileAppsData finished 91 packages
08-26 20:36:41.791  1926  1926 I system_server: The ClassLoaderContext is a special shared library.
08-26 20:36:41.794  1926  1926 I system_server: The ClassLoaderContext is a special shared library.
08-26 20:36:41.799  1926  1926 W system_server: ClassLoaderContext classpath size mismatch for position 0. expected=2, found=1 (PCL[/system/framework/org.apache.http.legacy.boot.jar*796383208:/system/framework/com.google.android.dialer.support.jar*2506097163] | PCL[/system/framework/com.google.android.dialer.support.jar*2506097163])
08-26 20:36:41.799  1926  1926 I PackageManager.DexOptimizer: Running dexopt (dexoptNeeded=1) on: /system/priv-app/GoogleDialer/GoogleDialer.apk pkg=com.google.android.dialer isa=x86 dexoptFlags=public,enable_hidden_api_checks targetFilter=quicken oatDir=null classLoaderContext=PCL[/system/framework/com.google.android.dialer.support.jar]
08-26 20:36:41.800  1772  1984 V installed: DexInv: --- BEGIN '/system/priv-app/GoogleDialer/GoogleDialer.apk' ---
08-26 20:36:41.818  1999  1999 W dex2oat : Unexpected CPU variant for X86 using defaults: x86
08-26 20:36:41.818  1999  1999 W dex2oat : Mismatch between dex2oat instruction set features (ISA: X86 Feature string: -ssse3,-sse4.1,-sse4.2,-avx,-avx2,-popcnt) and those of dex2oat executable (ISA: X86 Feature string: ssse3,-sse4.1,-sse4.2,-avx,-avx2,-popcnt) for the command line:
08-26 20:36:41.818  1999  1999 W dex2oat : /system/bin/dex2oat --zip-fd=8 --zip-location=GoogleDialer.apk --input-vdex-fd=-1 --output-vdex-fd=10 --oat-fd=9 --oat-location=/data/dalvik-cache/x86/system@priv-app@GoogleDialer@GoogleDialer.apk@classes.dex --instruction-set=x86 --instruction-set-variant=x86 --instruction-set-features=default --runtime-arg -Xms64m --runtime-arg -Xmx512m --compiler-filter=quicken --swap-fd=11 --classpath-dir=/system/priv-app/GoogleDialer --class-loader-context=PCL[/system/framework/com.google.android.dialer.support.jar] --generate-mini-debug-info --compact-dex-level=none --runtime-arg -Xtarget-sdk-version:28 --runtime-arg -Xhidden-api-checks --compilation-reason=first-boot
08-26 20:36:41.818  1999  1999 I dex2oat : /system/bin/dex2oat --input-vdex-fd=-1 --output-vdex-fd=10 --compiler-filter=quicken --classpath-dir=/system/priv-app/GoogleDialer --class-loader-context=PCL[/system/framework/com.google.android.dialer.support.jar] --generate-mini-debug-info --compact-dex-level=none --compilation-reason=first-boot
08-26 20:36:42.266  1999  1999 I dex2oat : dex2oat took 451.978ms (997.536ms cpu) (threads: 4) arena alloc=57KB (59280B) java alloc=5MB (5273864B) native alloc=7MB (7591936B) free=2MB (2893824B)
08-26 20:36:42.312  1772  1984 V installed: DexInv: --- END '/system/priv-app/GoogleDialer/GoogleDialer.apk' (success) ---
08-26 20:36:42.335  1926  1926 I system_server: The ClassLoaderContext is a special shared library.
08-26 20:36:43.128  1926  1926 I system_server: The ClassLoaderContext is a special shared library.
08-26 20:36:43.128  1926  1926 I PackageManager.DexOptimizer: Running dexopt (dexoptNeeded=1) on: /system/app/EasterEgg/EasterEgg.apk pkg=com.android.egg isa=x86 dexoptFlags=public targetFilter=quicken oatDir=null classLoaderContext=PCL[]
08-26 20:36:43.129  1772  1984 V installed: DexInv: --- BEGIN '/system/app/EasterEgg/EasterEgg.apk' ---
08-26 20:36:43.142  2005  2005 W dex2oat : Unexpected CPU variant for X86 using defaults: x86
08-26 20:36:43.142  2005  2005 W dex2oat : Mismatch between dex2oat instruction set features (ISA: X86 Feature string: -ssse3,-sse4.1,-sse4.2,-avx,-avx2,-popcnt) and those of dex2oat executable (ISA: X86 Feature string: ssse3,-sse4.1,-sse4.2,-avx,-avx2,-popcnt) for the command line:
08-26 20:36:43.142  2005  2005 W dex2oat : /system/bin/dex2oat --zip-fd=8 --zip-location=EasterEgg.apk --input-vdex-fd=-1 --output-vdex-fd=10 --oat-fd=9 --oat-location=/data/dalvik-cache/x86/system@app@EasterEgg@EasterEgg.apk@classes.dex --instruction-set=x86 --instruction-set-variant=x86 --instruction-set-features=default --runtime-arg -Xms64m --runtime-arg -Xmx512m --compiler-filter=quicken --swap-fd=11 --classpath-dir=/system/app/EasterEgg --class-loader-context=PCL[] --generate-mini-debug-info --compact-dex-level=none --runtime-arg -Xtarget-sdk-version:28 --compilation-reason=first-boot
08-26 20:36:43.143  2005  2005 I dex2oat : /system/bin/dex2oat --input-vdex-fd=-1 --output-vdex-fd=10 --compiler-filter=quicken --classpath-dir=/system/app/EasterEgg --class-loader-context=PCL[] --generate-mini-debug-info --compact-dex-level=none --compilation-reason=first-boot
08-26 20:36:43.243  2005  2005 I dex2oat : dex2oat took 101.369ms (116.608ms cpu) (threads: 4) arena alloc=3KB (3160B) java alloc=341KB (350024B) native alloc=1625KB (1664568B) free=2MB (2529736B)
08-26 20:36:43.247  1772  1984 V installed: DexInv: --- END '/system/app/EasterEgg/EasterEgg.apk' (success) ---
08-26 20:36:43.250  1926  1926 I system_server: The ClassLoaderContext is a special shared library.
08-26 20:36:43.449  1926  1926 I SystemServer: PerformFstrimIfNeeded
08-26 20:36:43.450  1926  1926 W PackageManager: No disk maintenance in 1598467003450; running immediately
08-26 20:36:43.451  1926  1926 I SystemServer: StartLockSettingsService
08-26 20:36:43.451  1926  1997 I StorageManagerService: Running fstrim idle maintenance
08-26 20:36:43.451  1926  1926 I SystemServiceManager: Starting com.android.server.locksettings.LockSettingsService$Lifecycle
08-26 20:36:43.452  1594  2011 D vold    : Starting trim of /data
08-26 20:36:43.452  1594  2011 W vold    : Trim failed on /data: Operation not supported on transport endpoint
08-26 20:36:43.449  1926  1926 I system_server: The ClassLoaderContext is a special shared library.
08-26 20:36:43.461  1585  1585 W hwservicemanager: getTransport: Cannot find entry android.hardware.oemlock@1.0::IOemLock/default in either framework or device manifest.
08-26 20:36:43.461  1926  1926 I OemLock : OemLock HAL not present on device
08-26 20:36:43.461  1926  1926 I SystemServer: StartDeviceIdleController
08-26 20:36:43.461  1926  1926 I SystemServiceManager: Starting com.android.server.DeviceIdleController
08-26 20:36:43.463  1926  1926 I SystemServer: StartDevicePolicyManager
08-26 20:36:43.463  1926  1926 I SystemServiceManager: Starting com.android.server.devicepolicy.DevicePolicyManagerService$Lifecycle
08-26 20:36:43.486  1926  1926 I SystemServer: StartStatusBarManagerService
08-26 20:36:43.487  1926  1926 I SystemServer: StartClipboardService
08-26 20:36:43.487  1926  1926 I SystemServiceManager: Starting com.android.server.clipboard.ClipboardService
08-26 20:36:43.488  1926  1926 I SystemServer: StartNetworkManagementService
08-26 20:36:43.490  1926  2013 I NetworkManagement: onDaemonConnected()
08-26 20:36:43.494  1926  1926 I SystemServer: StartIpSecService
08-26 20:36:43.494  1926  1926 I SystemServer: StartTextServicesManager
08-26 20:36:43.495  1926  1926 I SystemServiceManager: Starting com.android.server.TextServicesManagerService$Lifecycle
08-26 20:36:43.495  1926  1926 I SystemServer: StartTextClassificationManagerService
08-26 20:36:43.495  1926  1926 I SystemServiceManager: Starting com.android.server.textclassifier.TextClassificationManagerService$Lifecycle
08-26 20:36:43.495  1926  1926 I SystemServer: StartNetworkScoreService
08-26 20:36:43.495  1926  1926 I SystemServiceManager: Starting com.android.server.NetworkScoreService$Lifecycle
08-26 20:36:43.495  1926  1926 I NetworkScoreService: Registering network_score
08-26 20:36:43.496  1926  1926 I SystemServer: StartNetworkStatsService
08-26 20:36:43.496  1926  1926 I SystemServer: StartNetworkPolicyManagerService
08-26 20:36:43.498  1926  1926 I SystemServer: StartWifi
08-26 20:36:43.514  1926  1926 I SystemServiceManager: Starting com.android.server.wifi.WifiService
08-26 20:36:43.567  1926  1926 D WifiApConfigStore: 2G band allowed channels are:1,6,11
08-26 20:36:43.567  1926  1926 E WifiApConfigStore: Error reading hotspot configuration java.io.FileNotFoundException: /data/misc/wifi/softap.conf (No such file or directory)
08-26 20:36:43.567  1926  1926 D WifiApConfigStore: Fallback to use default AP configuration
08-26 20:36:43.570  1926  1926 I WifiScoringParams: rssi2=-85:-85:-73:-60,rssi5=-82:-82:-70:-57,pps=0:1:100,horizon=15,nud=8,expid=0
08-26 20:36:43.581  1926  1926 D WifiStateMachine: EnableConnectedMacRandomization Setting changed to false
08-26 20:36:43.581  1926  1926 E WifiStateMachine: getWifiLinkLayerStats called without an interface
08-26 20:36:43.581  1926  1926 D WifiStateMachinePrime: Starting Wifi in WifiDisabledState
08-26 20:36:43.581  1926  1926 D WifiOpenNetworkNotifier: Settings toggle enabled=true
08-26 20:36:43.582  1926  1926 D WifiCarrierNetworkNotifier: Settings toggle enabled=true
08-26 20:36:43.582  1926  1926 D WakeupController: WifiWake enabled
08-26 20:36:43.583  1926  1926 D WifiController: isAirplaneModeOn = false, isWifiEnabled = true, isScanningAvailable = false, isLocationModeActive = false
08-26 20:36:43.583  1926  2020 D WifiStateMachinePrime: Entering WifiDisabledState
08-26 20:36:43.583  1926  2020 D ActiveModeManager: sending scan available broadcast: false
08-26 20:36:43.584  1926  1926 E SupplicantStaIfaceHal: Can't call setDebugParams, ISupplicant is null
08-26 20:36:43.584  1926  1926 W WifiDiags: no ring buffers found
08-26 20:36:43.584  1926  1926 W WifiDiags: Failed to start packet fate monitoring
08-26 20:36:43.584  1926  1926 I WifiService: Registering wifi
08-26 20:36:43.585  1926  1926 I SystemServer: StartWifiScanning
08-26 20:36:43.585  1926  1926 I SystemServiceManager: Starting com.android.server.wifi.scanner.WifiScanningService
08-26 20:36:43.585  1926  1926 I WifiScanningService: Creating wifiscanner
08-26 20:36:43.585  1926  1926 I WifiScanningService: Publishing wifiscanner
08-26 20:36:43.586  1926  1926 I SystemServer: StartWifiP2P
08-26 20:36:43.586  1926  1926 I SystemServiceManager: Starting com.android.server.wifi.p2p.WifiP2pService
08-26 20:36:43.591  1926  1926 W HalDevMgr: isWifiStarted called but mWifi is null!?
08-26 20:36:43.591  1926  1926 I WifiP2pService: Registering wifip2p
08-26 20:36:43.591  1926  1926 I SystemServer: StartConnectivityService
08-26 20:36:43.592  1926  1926 D ConnectivityService: ConnectivityService starting up
08-26 20:36:43.592  1926  1926 D ConnectivityService: wifiOnly=false
08-26 20:36:43.600  1926  1926 I SystemServer: StartNsdService
08-26 20:36:43.629  1926  1926 D NsdService: Network service discovery is enabled
08-26 20:36:43.632  1926  1926 I SystemServer: StartSystemUpdateManagerService
08-26 20:36:43.633  1926  1926 I SystemUpdateManagerService: No existing info file /data/system/system-update-info.xml
08-26 20:36:43.633  1926  1926 I SystemServer: StartUpdateLockService
08-26 20:36:43.633  1926  1926 I SystemServer: StartNotificationManager
08-26 20:36:43.633  1926  1926 I SystemServiceManager: Starting com.android.server.notification.NotificationManagerService
08-26 20:36:43.639  1926  1926 D ConditionProviders.SCP: new ScheduleConditionProvider()
08-26 20:36:43.640  1926  1926 I ConditionProviders:  Allowing condition provider com.google.android.apps.restore/com.google.android.apps.pixelmigrate.component.NotificationConsolidatorService
08-26 20:36:43.640  1926  1926 I NotificationListeners:  Allowing notification listener com.google.android.apps.restore/com.google.android.apps.pixelmigrate.component.NotificationConsolidatorService
08-26 20:36:43.640  1926  1926 I ConditionProviders:  Allowing condition provider com.android.camera2
08-26 20:36:43.640  1926  1926 I ConditionProviders:  Allowing condition provider com.google.android.ext.services/android.ext.services.notification.Assistant
08-26 20:36:43.640  1926  1926 I NotificationAssistants:  Allowing notification assistant com.google.android.ext.services/android.ext.services.notification.Assistant
08-26 20:36:43.646  1926  1926 I SystemServer: StartDeviceMonitor
08-26 20:36:43.646  1926  1926 I SystemServiceManager: Starting com.android.server.storage.DeviceStorageMonitorService
08-26 20:36:43.646  1926  1926 I SystemServer: StartLocationManagerService
08-26 20:36:43.647  1926  1926 I SystemServer: StartCountryDetectorService
08-26 20:36:43.647  1926  1926 I SystemServer: StartSearchManagerService
08-26 20:36:43.647  1926  1926 I SystemServiceManager: Starting com.android.server.search.SearchManagerService$Lifecycle
08-26 20:36:43.648  1926  1926 I SystemServer: StartWallpaperManagerService
08-26 20:36:43.648  1926  1926 I SystemServiceManager: Starting com.android.server.wallpaper.WallpaperManagerService$Lifecycle
08-26 20:36:43.648  1926  1926 I SystemServer: StartAudioService
08-26 20:36:43.648  1926  1926 I SystemServiceManager: Starting com.android.server.audio.AudioService$Lifecycle
08-26 20:36:43.651  1926  1926 W TelecomManager: Telecom Service not found.
08-26 20:36:43.652  1656  1656 D PermissionCache: checking android.permission.MODIFY_AUDIO_ROUTING for uid=1000 => granted (230 us)
08-26 20:36:43.652  1656  1702 D PermissionCache: checking android.permission.MODIFY_AUDIO_SETTINGS for uid=1000 => granted (300 us)
08-26 20:36:43.652  1656  1705 W AudioFlinger: no wake lock to update, system not ready yet
08-26 20:36:43.653  1638  1638 W DeviceHAL: Error from HAL Device in function set_mic_mute: Function not implemented
08-26 20:36:43.660  1656  1702 D AudioFlinger: isLowRamDevice:false totalMemory:1567367168 mClientSharedHeapSize:4194304
08-26 20:36:43.661  1926  1926 I SystemServer: StartDockObserver
08-26 20:36:43.661  1926  1926 I SystemServiceManager: Starting com.android.server.DockObserver
08-26 20:36:43.661  1926  1926 W DockObserver: This kernel does not have dock station support
08-26 20:36:43.661  1926  1926 I SystemServer: StartWiredAccessoryManager
08-26 20:36:43.661  1926  1926 W WiredAccessoryManager: This kernel does not have usb audio support
08-26 20:36:43.662  1926  1926 W WiredAccessoryManager: This kernel does not have HDMI audio support
08-26 20:36:43.662  1926  1926 I SystemServer: StartMidiManager
08-26 20:36:43.662  1926  1926 I SystemServiceManager: Starting com.android.server.midi.MidiService$Lifecycle
08-26 20:36:43.662  1926  1926 I SystemServer: StartUsbService
08-26 20:36:43.662  1926  1926 I SystemServiceManager: Starting com.android.server.usb.UsbService$Lifecycle
08-26 20:36:43.663  1926  1926 E UsbDeviceManager: failed to write to /sys/class/android_usb/android0/f_rndis/ethaddr
08-26 20:36:43.664  1585  1585 W hwservicemanager: getTransport: Cannot find entry android.hardware.usb.gadget@1.0::IUsbGadget/default in either framework or device manifest.
08-26 20:36:43.668  1926  1926 I UsbDeviceManager: USB GADGET HAL not present in the device
08-26 20:36:43.668  1926  1926 I UsbDeviceManager: java.util.NoSuchElementException
08-26 20:36:43.668  1926  1926 I UsbDeviceManager: 	at android.os.HwBinder.getService(Native Method)
08-26 20:36:43.668  1926  1926 I UsbDeviceManager: 	at android.hardware.usb.gadget.V1_0.IUsbGadget.getService(IUsbGadget.java:40)
08-26 20:36:43.668  1926  1926 I UsbDeviceManager: 	at android.hardware.usb.gadget.V1_0.IUsbGadget.getService(IUsbGadget.java:44)
08-26 20:36:43.668  1926  1926 I UsbDeviceManager: 	at com.android.server.usb.UsbDeviceManager.<init>(UsbDeviceManager.java:267)
08-26 20:36:43.668  1926  1926 I UsbDeviceManager: 	at com.android.server.usb.UsbService.<init>(UsbService.java:139)
08-26 20:36:43.668  1926  1926 I UsbDeviceManager: 	at com.android.server.usb.UsbService$Lifecycle.onStart(UsbService.java:73)
08-26 20:36:43.668  1926  1926 I UsbDeviceManager: 	at com.android.server.SystemServiceManager.startService(SystemServiceManager.java:126)
08-26 20:36:43.668  1926  1926 I UsbDeviceManager: 	at com.android.server.SystemServiceManager.startService(SystemServiceManager.java:113)
08-26 20:36:43.668  1926  1926 I UsbDeviceManager: 	at com.android.server.SystemServiceManager.startService(SystemServiceManager.java:72)
08-26 20:36:43.668  1926  1926 I UsbDeviceManager: 	at com.android.server.SystemServer.startOtherServices(SystemServer.java:1299)
08-26 20:36:43.668  1926  1926 I UsbDeviceManager: 	at com.android.server.SystemServer.run(SystemServer.java:431)
08-26 20:36:43.668  1926  1926 I UsbDeviceManager: 	at com.android.server.SystemServer.main(SystemServer.java:294)
08-26 20:36:43.668  1926  1926 I UsbDeviceManager: 	at java.lang.reflect.Method.invoke(Native Method)
08-26 20:36:43.668  1926  1926 I UsbDeviceManager: 	at com.android.internal.os.RuntimeInit$MethodAndArgsCaller.run(RuntimeInit.java:493)
08-26 20:36:43.668  1926  1926 I UsbDeviceManager: 	at com.android.internal.os.ZygoteInit.main(ZygoteInit.java:838)
08-26 20:36:43.668  1926  1926 E UsbDeviceManagerJNI: could not open control for mtp No such file or directory
08-26 20:36:43.668  1926  1926 E UsbDeviceManager: Failed to open control for mtp
08-26 20:36:43.668  1926  1926 E UsbDeviceManagerJNI: could not open control for ptp No such file or directory
08-26 20:36:43.673  1926  1926 W StorageManagerService: No primary storage defined yet; hacking together a stub
08-26 20:36:43.674  1926  1926 E UsbDeviceManagerJNI: could not open /dev/usb_accessory
08-26 20:36:43.675  1926  1926 I android_os_HwBinder: HwBinder: Starting thread pool for default::android.hidl.manager@1.0::IServiceManager
08-26 20:36:43.676  1585  1585 W hwservicemanager: getTransport: Cannot find entry android.hardware.usb@1.0::IUsb/default in either framework or device manifest.
08-26 20:36:43.668  1926  1926 E UsbDeviceManager: Failed to open control for mtp
08-26 20:36:43.677  1926  1926 E UsbPortManager: connectToProxy: usb hal service not found. Did the service fail to start?
08-26 20:36:43.677  1926  1926 E UsbPortManager: java.util.NoSuchElementException
08-26 20:36:43.677  1926  1926 E UsbPortManager: 	at android.os.HwBinder.getService(Native Method)
08-26 20:36:43.677  1926  1926 E UsbPortManager: 	at android.os.HwBinder.getService(HwBinder.java:91)
08-26 20:36:43.677  1926  1926 E UsbPortManager: 	at android.hardware.usb.V1_0.IUsb.getService(IUsb.java:48)
08-26 20:36:43.677  1926  1926 E UsbPortManager: 	at android.hardware.usb.V1_0.IUsb.getService(IUsb.java:52)
08-26 20:36:43.677  1926  1926 E UsbPortManager: 	at com.android.server.usb.UsbPortManager.connectToProxy(UsbPortManager.java:531)
08-26 20:36:43.677  1926  1926 E UsbPortManager: 	at com.android.server.usb.UsbPortManager.<init>(UsbPortManager.java:137)
08-26 20:36:43.677  1926  1926 E UsbPortManager: 	at com.android.server.usb.UsbService.<init>(UsbService.java:142)
08-26 20:36:43.677  1926  1926 E UsbPortManager: 	at com.android.server.usb.UsbService$Lifecycle.onStart(UsbService.java:73)
08-26 20:36:43.677  1926  1926 E UsbPortManager: 	at com.android.server.SystemServiceManager.startService(SystemServiceManager.java:126)
08-26 20:36:43.677  1926  1926 E UsbPortManager: 	at com.android.server.SystemServiceManager.startService(SystemServiceManager.java:113)
08-26 20:36:43.677  1926  1926 E UsbPortManager: 	at com.android.server.SystemServiceManager.startService(SystemServiceManager.java:72)
08-26 20:36:43.677  1926  1926 E UsbPortManager: 	at com.android.server.SystemServer.startOtherServices(SystemServer.java:1299)
08-26 20:36:43.677  1926  1926 E UsbPortManager: 	at com.android.server.SystemServer.run(SystemServer.java:431)
08-26 20:36:43.677  1926  1926 E UsbPortManager: 	at com.android.server.SystemServer.main(SystemServer.java:294)
08-26 20:36:43.677  1926  1926 E UsbPortManager: 	at java.lang.reflect.Method.invoke(Native Method)
08-26 20:36:43.677  1926  1926 E UsbPortManager: 	at com.android.internal.os.RuntimeInit$MethodAndArgsCaller.run(RuntimeInit.java:493)
08-26 20:36:43.677  1926  1926 E UsbPortManager: 	at com.android.internal.os.ZygoteInit.main(ZygoteInit.java:838)
08-26 20:36:43.678  1926  1926 I SystemServer: StartSerialService
08-26 20:36:43.679  1926  1926 I SystemServer: StartHardwarePropertiesManagerService
08-26 20:36:43.679  1585  1585 W hwservicemanager: getTransport: Cannot find entry android.hardware.thermal@1.0::IThermal/default in either framework or device manifest.
08-26 20:36:43.679  1926  1926 E HardwarePropertiesManagerService-JNI: Unable to get Thermal service.
08-26 20:36:43.680  1926  1926 I SystemServer: StartTwilightService
08-26 20:36:43.680  1926  1926 I SystemServiceManager: Starting com.android.server.twilight.TwilightService
08-26 20:36:43.680  1926  1926 I SystemServer: StartJobScheduler
08-26 20:36:43.680  1926  1926 I SystemServiceManager: Starting com.android.server.job.JobSchedulerService
08-26 20:36:43.684  1926  1926 I JobStore: Read 0 jobs
08-26 20:36:43.687  1926  1926 I SystemServer: StartSoundTrigger
08-26 20:36:43.687  1926  1926 I SystemServiceManager: Starting com.android.server.soundtrigger.SoundTriggerService
08-26 20:36:43.687  1926  1926 I SystemServer: StartTrustManager
08-26 20:36:43.687  1926  1926 I SystemServiceManager: Starting com.android.server.trust.TrustManagerService
08-26 20:36:43.688  1926  1926 I SystemServer: StartBackupManager
08-26 20:36:43.688  1926  1926 I SystemServiceManager: Starting com.android.server.backup.BackupManagerService$Lifecycle
08-26 20:36:43.689  1926  1926 I SystemServer: StartAppWidgerService
08-26 20:36:43.689  1926  1926 I SystemServiceManager: Starting com.android.server.appwidget.AppWidgetService
08-26 20:36:43.692  1926  1926 D OpenGLRenderer: HWUI GL Pipeline
08-26 20:36:43.695  1926  1926 I SystemServer: StartVoiceRecognitionManager
08-26 20:36:43.695  1926  1926 I SystemServiceManager: Starting com.android.server.voiceinteraction.VoiceInteractionManagerService
08-26 20:36:43.698  1926  1926 I SystemServer: StartGestureLauncher
08-26 20:36:43.698  1926  1926 I SystemServiceManager: Starting com.android.server.GestureLauncherService
08-26 20:36:43.698  1926  1926 I SystemServer: StartSensorNotification
08-26 20:36:43.698  1926  1926 I SystemServiceManager: Starting com.android.server.SensorNotificationService
08-26 20:36:43.698  1926  1926 I SystemServer: StartContextHubSystemService
08-26 20:36:43.698  1926  1926 I SystemServiceManager: Starting com.android.server.ContextHubSystemService
08-26 20:36:43.698  1926  1926 I SystemServer: StartDiskStatsService
08-26 20:36:43.698  1585  1585 W hwservicemanager: getTransport: Cannot find entry android.hardware.contexthub@1.0::IContexthub/default in either framework or device manifest.
08-26 20:36:43.699  1926  1976 I ContextHubService: Context Hub HAL service not found
08-26 20:36:43.699  1926  1926 I SystemServer: StartNetworkTimeUpdateService
08-26 20:36:43.700  1926  1926 I SystemServer: StartCommonTimeManagementService
08-26 20:36:43.700  1926  1926 I SystemServer: CertBlacklister
08-26 20:36:43.701  1926  1926 I SystemServer: StartEmergencyAffordanceService
08-26 20:36:43.701  1926  1926 I SystemServiceManager: Starting com.android.server.emergency.EmergencyAffordanceService
08-26 20:36:43.701  1926  1926 I SystemServer: StartDreamManager
08-26 20:36:43.701  1926  1926 I SystemServiceManager: Starting com.android.server.dreams.DreamManagerService
08-26 20:36:43.702  1926  1926 I SystemServer: AddGraphicsStatsService
08-26 20:36:43.703  1926  1926 I SystemServer: StartPrintManager
08-26 20:36:43.703  1926  1926 I SystemServiceManager: Starting com.android.server.print.PrintManagerService
08-26 20:36:43.704  1926  1926 I SystemServer: StartRestrictionManager
08-26 20:36:43.704  1926  1926 I SystemServiceManager: Starting com.android.server.restrictions.RestrictionsManagerService
08-26 20:36:43.704  1926  1926 I SystemServer: StartMediaSessionService
08-26 20:36:43.704  1926  1926 I SystemServiceManager: Starting com.android.server.media.MediaSessionService
08-26 20:36:43.705  1926  1926 I SystemServer: StartMediaUpdateService
08-26 20:36:43.705  1926  1926 I SystemServiceManager: Starting com.android.server.media.MediaUpdateService
08-26 20:36:43.705  1926  1926 I SystemServer: StartMediaResourceMonitor
08-26 20:36:43.705  1926  1926 I SystemServiceManager: Starting com.android.server.media.MediaResourceMonitorService
08-26 20:36:43.706  1926  1926 I SystemServer: StartMediaRouterService
08-26 20:36:43.706  1926  1926 I SystemServer: StartFingerprintSensor
08-26 20:36:43.706  1926  1926 I SystemServiceManager: Starting com.android.server.fingerprint.FingerprintService
08-26 20:36:43.707  1926  1975 V FingerprintService: mDaemon was null, reconnect to fingerprint
08-26 20:36:43.707  1926  1926 I SystemServer: StartBackgroundDexOptService
08-26 20:36:43.707  1926  1926 W BackgroundDexOptService: SysProp pm.dexopt.downgrade_after_inactive_days not set
08-26 20:36:43.707  1926  1926 I SystemServer: StartPruneInstantAppsJobService
08-26 20:36:43.708  1926  1926 I SystemServer: StartShortcutServiceLifecycle
08-26 20:36:43.708  1926  1926 I SystemServiceManager: Starting com.android.server.pm.ShortcutService$Lifecycle
08-26 20:36:43.708  1926  1975 I android_os_HwBinder: HwBinder: Starting thread pool for default::android.hardware.biometrics.fingerprint@2.1::IBiometricsFingerprint
08-26 20:36:43.709  1926  1926 I SystemServer: StartLauncherAppsService
08-26 20:36:43.709  1926  1926 I SystemServiceManager: Starting com.android.server.pm.LauncherAppsService
08-26 20:36:43.709  1926  1975 V FingerprintService: Fingerprint HAL id: 4033515520
08-26 20:36:43.709  1788  1788 D FingerprintHal: ----------------> fingerprint_set_active_group -----------------> path /data/vendor_de/0/fpdata
08-26 20:36:43.709  1788  1788 D FingerprintHal: ----------------> loadFingerprints ----------------->
08-26 20:36:43.709  1788  1788 E FingerprintHal: Could not load fingerprints from storage at /data/vendor_de/0/fpdata/emufp.bin; it has not yet been created.
08-26 20:36:43.709  1788  1788 D FingerprintHal: ----------------> loadAuthenticatorId ----------------->
08-26 20:36:43.709  1788  1788 E FingerprintHal: Could not load authenticator id from storage at /data/vendor_de/0/fpdata/emuauthid.bin; it has not yet been created.
08-26 20:36:43.709  1788  1788 D FingerprintHal: ----------------> get_64bit_rand ----------------->
08-26 20:36:43.709  1788  1788 D FingerprintHal: ----------------> saveAuthenticatorId ----------------->
08-26 20:36:43.709  1788  1788 D FingerprintHal: Save authenticator id (0x6b8b4567327b23c6)
08-26 20:36:43.710  1926  1975 V FingerprintService: Enumerating user(0)
08-26 20:36:43.710  1926  1975 V FingerprintService: starting client InternalEnumerateClient(android), initiatedByClient = true
08-26 20:36:43.710  1926  1926 I SystemServer: StartCrossProfileAppsService
08-26 20:36:43.710  1788  1788 D FingerprintHal: ----------------> fingerprint_enumerate ----------------->
08-26 20:36:43.710  1926  1926 I SystemServiceManager: Starting com.android.server.pm.CrossProfileAppsService
08-26 20:36:43.710  1788  1788 D android.hardware.biometrics.fingerprint@2.1-service: onEnumerate(fid=0, gid=0, rem=0)
08-26 20:36:43.710  1926  1926 I SystemServer: StartMediaProjectionManager
08-26 20:36:43.710  1926  1926 I SystemServiceManager: Starting com.android.server.media.projection.MediaProjectionManagerService
08-26 20:36:43.712  1926  1926 V MediaRouter: Adding route: RouteInfo{ name=Phone, description=null, status=null, category=RouteCategory{ name=System types=ROUTE_TYPE_LIVE_AUDIO ROUTE_TYPE_LIVE_VIDEO  groupable=false }, supportedTypes=ROUTE_TYPE_LIVE_AUDIO ROUTE_TYPE_LIVE_VIDEO , presentationDisplay=null }
08-26 20:36:43.713  1926  1926 V MediaRouter: Selecting route: RouteInfo{ name=Phone, description=null, status=null, category=RouteCategory{ name=System types=ROUTE_TYPE_LIVE_AUDIO ROUTE_TYPE_LIVE_VIDEO  groupable=false }, supportedTypes=ROUTE_TYPE_LIVE_AUDIO ROUTE_TYPE_LIVE_VIDEO , presentationDisplay=null }
08-26 20:36:43.713  1926  1926 I SystemServer: StartSliceManagerService
08-26 20:36:43.713  1926  1926 I SystemServiceManager: Starting com.android.server.slice.SliceManagerService$Lifecycle
08-26 20:36:43.717  1926  1926 I SystemServer: StartCameraServiceProxy
08-26 20:36:43.717  1926  1926 I SystemServiceManager: Starting com.android.server.camera.CameraServiceProxy
08-26 20:36:43.718  1926  1926 I SystemServer: StartStatsCompanionService
08-26 20:36:43.718  1926  1926 I SystemServiceManager: Starting com.android.server.stats.StatsCompanionService$Lifecycle
08-26 20:36:43.718  1926  1926 E KernelUidCpuFreqTimeReader: Failed to read /proc/uid_time_in_state: java.io.FileNotFoundException: /proc/uid_time_in_state (No such file or directory)
08-26 20:36:43.719  1926  1926 I WindowManager: SAFE MODE not enabled
08-26 20:36:43.719  1926  1926 I SystemServer: StartJitCompilation
08-26 20:36:43.719  1926  1926 I SystemServer: StartMmsService
08-26 20:36:43.719  1926  1926 I SystemServiceManager: Starting com.android.server.MmsServiceBroker
08-26 20:36:43.719  1926  1926 I SystemServer: StartAutoFillService
08-26 20:36:43.719  1926  1926 I SystemServiceManager: Starting com.android.server.autofill.AutofillManagerService
08-26 20:36:43.719  1926  1926 I AutofillManagerService: Setting debug to false
08-26 20:36:43.720  1926  1926 I SystemServer: MakeVibratorServiceReady
08-26 20:36:43.721  1926  1926 I SystemServer: MakeLockSettingsServiceReady
08-26 20:36:43.740  1926  1926 I LockSettingsService: Migrated lock settings to new location
08-26 20:36:43.740  1926  1926 I LockSettingsService: Migrated per-user lock settings to new location
08-26 20:36:43.741  1926  1926 I LockSettingsService: Migrated biometric weak to use the fallback instead
08-26 20:36:43.742  1926  1926 I LockSettingsService: Migrated lockscreen disabled flag
08-26 20:36:43.745  1585  1585 W hwservicemanager: getTransport: Cannot find entry android.hardware.weaver@1.0::IWeaver/default in either framework or device manifest.
08-26 20:36:43.745  1926  1926 I SyntheticPasswordManager: Device does not support weaver
08-26 20:36:43.745  1585  1585 W hwservicemanager: getTransport: Cannot find entry android.hardware.authsecret@1.0::IAuthSecret/default in either framework or device manifest.
08-26 20:36:43.745  1926  1926 I LockSettingsService: Device doesn't implement AuthSecret HAL
08-26 20:36:43.746  1926  1926 E LockSettingsStorage: Cannot read file java.io.FileNotFoundException: /data/system/gatekeeper.password.key: open failed: ENOENT (No such file or directory)
08-26 20:36:43.746  1926  1926 E LockSettingsStorage: Cannot read file java.io.FileNotFoundException: /data/system/password.key: open failed: ENOENT (No such file or directory)
08-26 20:36:43.746  1926  1926 E LockSettingsStorage: Cannot read file java.io.FileNotFoundException: /data/system/gatekeeper.pattern.key: open failed: ENOENT (No such file or directory)
08-26 20:36:43.747  1926  1926 E LockSettingsStorage: Cannot read file java.io.FileNotFoundException: /data/system/gatekeeper.gesture.key: open failed: ENOENT (No such file or directory)
08-26 20:36:43.747  1926  1926 E LockSettingsStorage: Cannot read file java.io.FileNotFoundException: /data/system/gesture.key: open failed: ENOENT (No such file or directory)
08-26 20:36:43.747  1926  1926 I SystemServer: StartBootPhaseLockSettingsReady
08-26 20:36:43.747  1926  1926 I SystemServiceManager: Starting phase 480
08-26 20:36:43.751  1926  1926 I SystemServer: StartBootPhaseSystemServicesReady
08-26 20:36:43.751  1926  1926 I SystemServiceManager: Starting phase 500
08-26 20:36:43.752  1926  1926 D AppStandbyController: Setting app idle enabled state
08-26 20:36:43.752  1926  1926 D AppStandbyController: Initializing defaults for system apps on user 0, appIdleEnabled=false
08-26 20:36:43.753  1926  1926 E AppIdleHistory: Unable to read app idle file for user 0
08-26 20:36:43.755  1926  1926 I VrManagerService: No default vr listener service found.
08-26 20:36:43.757  1926  1926 I WifiService: WifiService starting up with Wi-Fi enabled
08-26 20:36:43.759  1926  2020 I android_os_HwBinder: HwBinder: Starting thread pool for default::android.hidl.manager@1.0::IServiceManager
08-26 20:36:43.760  1926  2037 D HalDevMgr: IWifi registration notification: fqName=android.hardware.wifi@1.0::IWifi, name=default, preexisting=true
08-26 20:36:43.761  1926  2037 I android_os_HwBinder: HwBinder: Starting thread pool for default::android.hardware.wifi@1.0::IWifi
08-26 20:36:43.762  1926  2020 D WificondControl: tearing down interfaces in wificond
08-26 20:36:43.764  1926  1926 D WifiService: setWifiEnabled: true pid=1926, uid=1000, package=android
08-26 20:36:43.764  1926  1926 I WifiService: setWifiEnabled package=android uid=1000 enable=true
08-26 20:36:43.765  1926  1926 I WifiScanningService: Starting wifiscanner
08-26 20:36:43.774  1656  1702 D PermissionCache: checking android.permission.CAPTURE_AUDIO_HOTWORD for uid=1000 => granted (97 us)
08-26 20:36:43.774  1926  1926 W SoundTriggerHelper: listModules status=0, # of modules=0
08-26 20:36:43.774  1926  1926 D ContextHubSystemService: onBootPhase: PHASE_SYSTEM_SERVICES_READY
08-26 20:36:43.774  1926  1926 I SystemServer: MakeWindowManagerServiceReady
08-26 20:36:43.777  1926  1926 I android_os_HwBinder: HwBinder: Starting thread pool for default::android.hardware.configstore@1.0::ISurfaceFlingerConfigs
08-26 20:36:43.778  1926  1926 I SystemServer: MakePowerManagerServiceReady
08-26 20:36:43.792  1926  1926 I SystemServer: MakePackageManagerServiceReady
08-26 20:36:43.797  1926  1926 I DefaultPermGrantPolicy: Granting permissions to platform components for user 0
08-26 20:36:43.797  1926  1951 W KeyguardServiceDelegate: onScreenTurningOn(): no keyguard service!
08-26 20:36:43.798  1594  1682 D vold    : Remounting 1001 as mode none
08-26 20:36:43.798  1926  2019 D WifiController: WifiController msg { when=-33ms what=155656 target=com.android.internal.util.StateMachine$SmHandler } deferred for 500ms
08-26 20:36:43.798  1926  2020 D WifiStateMachinePrime: received a message in WifiDisabledState: { when=0 what=3 target=com.android.internal.util.StateMachine$SmHandler }
08-26 20:36:43.798  1926  2020 D WifiStateMachinePrime: Switching from WifiDisabledState to WifiDisabled
08-26 20:36:43.798  1926  2020 D WifiStateMachinePrime: Entering WifiDisabledState
08-26 20:36:43.798  1926  2020 D ActiveModeManager: sending scan available broadcast: false
08-26 20:36:43.801  1594  1682 D vold    : Found matching PID 1783
08-26 20:36:43.802  1594  1682 W vold    : Skipping due to root namespace
08-26 20:36:43.802  1594  1682 D vold    : Remounting 1001 as mode none
08-26 20:36:43.804  1594  1682 D vold    : Found matching PID 1783
08-26 20:36:43.804  1594  1682 W vold    : Skipping due to root namespace
08-26 20:36:43.804  1594  1682 D vold    : Remounting 1027 as mode none
08-26 20:36:43.806  1594  1682 D vold    : Remounting 1027 as mode none
08-26 20:36:43.807  1594  1682 D vold    : Remounting 1000 as mode none
08-26 20:36:43.808  1594  1682 D vold    : Found matching PID 1584
08-26 20:36:43.808  1594  1682 W vold    : Skipping due to root namespace
08-26 20:36:43.808  1594  1682 D vold    : Found matching PID 1585
08-26 20:36:43.808  1594  1682 W vold    : Skipping due to root namespace
08-26 20:36:43.808  1594  1682 D vold    : Found matching PID 1586
08-26 20:36:43.808  1594  1682 W vold    : Skipping due to root namespace
08-26 20:36:43.808  1594  1682 D vold    : Found matching PID 1592
08-26 20:36:43.808  1594  1682 W vold    : Skipping due to root namespace
08-26 20:36:43.808  1594  1682 D vold    : Found matching PID 1635
08-26 20:36:43.808  1594  1682 W vold    : Skipping due to root namespace
08-26 20:36:43.808  1594  1682 D vold    : Found matching PID 1637
08-26 20:36:43.808  1594  1682 W vold    : Skipping due to root namespace
08-26 20:36:43.808  1594  1682 D vold    : Found matching PID 1642
08-26 20:36:43.808  1594  1682 W vold    : Skipping due to root namespace
08-26 20:36:43.808  1594  1682 D vold    : Found matching PID 1646
08-26 20:36:43.808  1594  1682 W vold    : Skipping due to root namespace
08-26 20:36:43.808  1594  1682 D vold    : Found matching PID 1648
08-26 20:36:43.808  1594  1682 W vold    : Skipping due to root namespace
08-26 20:36:43.808  1594  1682 D vold    : Found matching PID 1650
08-26 20:36:43.808  1594  1682 W vold    : Skipping due to root namespace
08-26 20:36:43.808  1594  1682 D vold    : Found matching PID 1651
08-26 20:36:43.809  1594  1682 W vold    : Skipping due to root namespace
08-26 20:36:43.809  1594  1682 D vold    : Found matching PID 1652
08-26 20:36:43.809  1594  1682 W vold    : Skipping due to root namespace
08-26 20:36:43.809  1594  1682 D vold    : Found matching PID 1659
08-26 20:36:43.809  1594  1682 W vold    : Skipping due to root namespace
08-26 20:36:43.809  1594  1682 D vold    : Found matching PID 1767
08-26 20:36:43.809  1594  1682 W vold    : Skipping due to root namespace
08-26 20:36:43.809  1594  1682 D vold    : Found matching PID 1785
08-26 20:36:43.809  1594  1682 W vold    : Skipping due to root namespace
08-26 20:36:43.809  1594  1682 D vold    : Found matching PID 1788
08-26 20:36:43.809  1594  1682 W vold    : Skipping due to root namespace
08-26 20:36:43.809  1594  1682 D vold    : Found matching PID 1790
08-26 20:36:43.809  1594  1682 W vold    : Skipping due to root namespace
08-26 20:36:43.809  1594  1682 D vold    : Found matching PID 1926
08-26 20:36:43.911  1594  1682 D vold    : Remounting 1000 as mode none
08-26 20:36:43.911  1594  1682 D vold    : Found matching PID 1584
08-26 20:36:43.911  1594  1682 W vold    : Skipping due to root namespace
08-26 20:36:43.911  1594  1682 D vold    : Found matching PID 1585
08-26 20:36:43.911  1594  1682 W vold    : Skipping due to root namespace
08-26 20:36:43.911  1594  1682 D vold    : Found matching PID 1586
08-26 20:36:43.911  1594  1682 W vold    : Skipping due to root namespace
08-26 20:36:43.911  1594  1682 D vold    : Found matching PID 1592
08-26 20:36:43.911  1594  1682 W vold    : Skipping due to root namespace
08-26 20:36:43.911  1594  1682 D vold    : Found matching PID 1635
08-26 20:36:43.911  1594  1682 W vold    : Skipping due to root namespace
08-26 20:36:43.911  1594  1682 D vold    : Found matching PID 1637
08-26 20:36:43.911  1594  1682 W vold    : Skipping due to root namespace
08-26 20:36:43.911  1594  1682 D vold    : Found matching PID 1642
08-26 20:36:43.912  1594  1682 W vold    : Skipping due to root namespace
08-26 20:36:43.912  1594  1682 D vold    : Found matching PID 1646
08-26 20:36:43.912  1594  1682 W vold    : Skipping due to root namespace
08-26 20:36:43.912  1594  1682 D vold    : Found matching PID 1648
08-26 20:36:43.912  1594  1682 W vold    : Skipping due to root namespace
08-26 20:36:43.912  1594  1682 D vold    : Found matching PID 1650
08-26 20:36:43.912  1594  1682 W vold    : Skipping due to root namespace
08-26 20:36:43.912  1594  1682 D vold    : Found matching PID 1651
08-26 20:36:43.912  1594  1682 W vold    : Skipping due to root namespace
08-26 20:36:43.912  1594  1682 D vold    : Found matching PID 1652
08-26 20:36:43.912  1594  1682 W vold    : Skipping due to root namespace
08-26 20:36:43.912  1594  1682 D vold    : Found matching PID 1659
08-26 20:36:43.912  1594  1682 W vold    : Skipping due to root namespace
08-26 20:36:43.912  1594  1682 D vold    : Found matching PID 1767
08-26 20:36:43.912  1594  1682 W vold    : Skipping due to root namespace
08-26 20:36:43.912  1594  1682 D vold    : Found matching PID 1785
08-26 20:36:43.912  1594  1682 W vold    : Skipping due to root namespace
08-26 20:36:43.912  1594  1682 D vold    : Found matching PID 1788
08-26 20:36:43.912  1594  1682 W vold    : Skipping due to root namespace
08-26 20:36:43.912  1594  1682 D vold    : Found matching PID 1790
08-26 20:36:43.912  1594  1682 W vold    : Skipping due to root namespace
08-26 20:36:43.912  1594  1682 D vold    : Found matching PID 1926
08-26 20:36:43.914  1594  1682 D vold    : Remounting 2000 as mode none
08-26 20:36:43.915  1594  1682 D vold    : Remounting 2000 as mode none
08-26 20:36:43.916  1594  1682 D vold    : Remounting 10025 as mode none
08-26 20:36:43.917  1594  1682 D vold    : Remounting 10025 as mode none
08-26 20:36:43.919  1594  1682 D vold    : Remounting 1002 as mode none
08-26 20:36:43.921  1926  1926 I DefaultPermGrantPolicy: Granting permissions to default platform handlers for user 0
08-26 20:36:43.920  1594  1682 D vold    : Remounting 1002 as mode none
08-26 20:36:43.931  1926  1926 I SyncManager: No initial accounts
08-26 20:36:43.931  1926  1926 I SyncManager: No initial status
08-26 20:36:43.931  1926  1926 I SyncManager: No initial statistics
08-26 20:36:43.963  1594  1682 D vold    : Remounting 10013 as mode none
08-26 20:36:43.964  1594  1682 D vold    : Remounting 10036 as mode none
08-26 20:36:43.966  1594  1682 D vold    : Remounting 10036 as mode none
08-26 20:36:43.968  1594  1682 D vold    : Remounting 10060 as mode none
08-26 20:36:43.969  1594  1682 D vold    : Remounting 10060 as mode none
08-26 20:36:43.969  1594  1682 D vold    : Remounting 10015 as mode none
08-26 20:36:43.970  1594  1682 D vold    : Remounting 10015 as mode none
08-26 20:36:43.971  1594  1682 D vold    : Remounting 10024 as mode none
08-26 20:36:43.972  1594  1682 D vold    : Remounting 10024 as mode none
08-26 20:36:43.973  1594  1682 D vold    : Remounting 10030 as mode none
08-26 20:36:43.974  1594  1682 D vold    : Remounting 10030 as mode none
08-26 20:36:43.976  1594  1682 D vold    : Remounting 10085 as mode none
08-26 20:36:43.977  1594  1682 D vold    : Remounting 10085 as mode none
08-26 20:36:43.978  1594  1682 D vold    : Remounting 10038 as mode none
08-26 20:36:43.979  1594  1682 D vold    : Remounting 10038 as mode none
08-26 20:36:43.982  1594  1682 D vold    : Remounting 10056 as mode none
08-26 20:36:43.985  1594  1682 D vold    : Remounting 10056 as mode none
08-26 20:36:43.989  1594  1682 D vold    : Remounting 10014 as mode none
08-26 20:36:43.990  1594  1682 D vold    : Remounting 10014 as mode none
08-26 20:36:43.991  1594  1682 D vold    : Remounting 10065 as mode none
08-26 20:36:43.992  1594  1682 D vold    : Remounting 10065 as mode none
08-26 20:36:43.993  1594  1682 D vold    : Remounting 10017 as mode none
08-26 20:36:43.994  1594  1682 D vold    : Remounting 10017 as mode none
08-26 20:36:43.995  1594  1682 D vold    : Remounting 10031 as mode none
08-26 20:36:43.997  1594  1682 D vold    : Remounting 10031 as mode none
08-26 20:36:44.002  1926  1926 V UserDataPreparer: Found /data/user_de/0 with serial number -1
08-26 20:36:44.002  1926  1926 D UserDataPreparer: Serial number missing on /data/user_de/0; assuming current is valid
08-26 20:36:44.002  1926  1926 V UserDataPreparer: Found /data/user/0 with serial number -1
08-26 20:36:44.002  1926  1926 D UserDataPreparer: Serial number missing on /data/user/0; assuming current is valid
08-26 20:36:44.002  1926  1926 V UserDataPreparer: Found /data/system_de/0 with serial number -1
08-26 20:36:44.002  1926  1926 D UserDataPreparer: Serial number missing on /data/system_de/0; assuming current is valid
08-26 20:36:44.002  1926  1926 I SystemServer: MakeDisplayManagerServiceReady
08-26 20:36:44.003  1926  1926 I SystemServer: StartDeviceSpecificServices
08-26 20:36:44.003  1926  1926 I SystemServer: StartBootPhaseDeviceSpecificServicesReady
08-26 20:36:44.003  1926  1926 I SystemServiceManager: Starting phase 520
08-26 20:36:44.003  1926  1926 W UsageStatsService: Event reported without a package name
08-26 20:36:44.004  1926  1926 I ActivityManager: System now ready
08-26 20:36:44.005  1926  1926 I SystemServer: Making services ready
08-26 20:36:44.005  1926  1926 I SystemServer: StartActivityManagerReadyPhase
08-26 20:36:44.005  1926  1926 I SystemServiceManager: Starting phase 550
08-26 20:36:44.005  1926  1926 W ActivityManager: Too early to start/bind service in system_server: Phase=550 ComponentInfo{com.android.server.telecom/com.android.server.telecom.components.TelecomService}
08-26 20:36:44.006  1926  1926 W ActivityManager: Too early to start/bind service in system_server: Phase=550 ComponentInfo{com.android.server.telecom/com.android.server.telecom.components.TelecomService}
08-26 20:36:44.021  1926  1997 D StorageManagerService: Thinking about init, mSystemReady=true, mDaemonConnected=true
08-26 20:36:44.021  1926  1997 D StorageManagerService: Setting up emulation state, initlocked=false
08-26 20:36:44.021  1594  1682 D vold    : e4crypt_unlock_user_key 0 serial=0 token_present=0
08-26 20:36:44.021  1594  1682 E vold    : Failed to chmod /data/system_ce/0: No such file or directory
08-26 20:36:44.021  1594  1682 E vold    : Failed to chmod /data/misc_ce/0: No such file or directory
08-26 20:36:44.021  1594  1682 E vold    : Failed to chmod /data/media/0: No such file or directory
08-26 20:36:44.021  1926  1940 E AutofillManagerServiceImpl: Bad AutofillService name: com.google.android.gms/.autofill.service.AutofillService
08-26 20:36:44.022  1926  1940 E AutofillManagerServiceImpl: Bad AutofillService name: com.google.android.gms/.autofill.service.AutofillService
08-26 20:36:44.022  1926  1997 D StorageManagerService: Thinking about reset, mSystemReady=true, mDaemonConnected=true
08-26 20:36:44.023  1926  1926 I LockSettingsService: Migrated migrated_frp.
08-26 20:36:44.023  1926  1938 V StorageManagerService: Found primary storage at VolumeInfo{emulated}:
08-26 20:36:44.023  1926  1938 V StorageManagerService:     type=EMULATED diskId=null partGuid= mountFlags=0 mountUserId=-1 
08-26 20:36:44.023  1926  1938 V StorageManagerService:     state=UNMOUNTED 
08-26 20:36:44.023  1926  1938 V StorageManagerService:     fsType=null fsUuid=null fsLabel=null 
08-26 20:36:44.023  1926  1938 V StorageManagerService:     path=null internalPath=null 
08-26 20:36:44.028  1926  1941 I ActivityManager: Force stopping com.android.providers.media appid=10015 user=-1: vold reset
08-26 20:36:44.031  1926  1943 I ActivityManager: Start proc 2049:com.google.android.gms.persistent/u0a14 for broadcast com.google.android.gms/.chimera.GmsIntentOperationService$PersistentTrustedReceiver
08-26 20:36:44.031  2049  2049 W .gms.persisten: Unexpected CPU variant for X86 using defaults: x86
08-26 20:36:44.031  1926  1926 I WallpaperManagerService: No static wallpaper imagery; defaults will be shown
